Archive member included to satisfy reference by file (symbol)

lib/libbsp.a(system.o)        startup.o (SystemInit)
lib/libbsp.a(board.o)         main.o (led_blink)
lib/libbsp.a(serial.o)        main.o (serial_init)
lib/libbsp.a(gpio.o)          lib/libbsp.a(board.o) (gpio_in)
lib/libbsp.a(audio.o)         lib/libbsp.a(board.o) (audio_init)
lib/libbsp.a(buggy.o)         main.o (buggy_init)
lib/libbsp.a(pwm.o)           lib/libbsp.a(audio.o) (pwm_init)
lib/libbsp.a(adc.o)           lib/libbsp.a(audio.o) (adc_init)
rtx/librtx.a(rtx_kernel.o)    main.o (osKernelInitialize)
rtx/librtx.a(rtx_lib.o)       rtx/librtx.a(rtx_kernel.o) (osRtxConfig)
rtx/librtx.a(rtx_memory.o)    rtx/librtx.a(rtx_kernel.o) (osRtxMemoryInit)
rtx/librtx.a(rtx_mempool.o)   rtx/librtx.a(rtx_kernel.o) (osRtxMemoryPoolInit)
rtx/librtx.a(rtx_msgqueue.o)  main.o (osMessageQueueNew)
rtx/librtx.a(rtx_system.o)    rtx/librtx.a(rtx_mempool.o) (osRtxPostProcess)
rtx/librtx.a(rtx_thread.o)    rtx/librtx.a(rtx_mempool.o) (osRtxThreadListPut)
rtx/librtx.a(rtx_timer.o)     rtx/librtx.a(rtx_lib.o) (osRtxTimerSetup)
rtx/librtx.a(irq_armv7m.o)    rtx/librtx.a(rtx_lib.o) (irqRtxLib)
rtx/librtx.a(os_systick.o)    rtx/librtx.a(rtx_kernel.o) (OS_Tick_Setup)
rtx/librtx.a(RTX_Config.o)    rtx/librtx.a(rtx_thread.o) (osRtxIdleThread)
rtx/librtx.a(rtx_evr.o)       rtx/librtx.a(rtx_memory.o) (EvrRtxMemoryInit)
rtx/librtx.a(rtx_mutex.o)     rtx/librtx.a(rtx_thread.o) (osRtxMutexOwnerRelease)
/opt/arm-gcc/arm-none-eabi/lib/thumb/v7e-m+fp/hard/libm.a(libm_a-w_pow.o)
                              lib/libbsp.a(audio.o) (pow)
/opt/arm-gcc/arm-none-eabi/lib/thumb/v7e-m+fp/hard/libm.a(libm_a-s_finite.o)
                              /opt/arm-gcc/arm-none-eabi/lib/thumb/v7e-m+fp/hard/libm.a(libm_a-w_pow.o) (finite)
/opt/arm-gcc/arm-none-eabi/lib/thumb/v7e-m+fp/hard/libm.a(libm_a-e_pow.o)
                              /opt/arm-gcc/arm-none-eabi/lib/thumb/v7e-m+fp/hard/libm.a(libm_a-w_pow.o) (__ieee754_pow)
/opt/arm-gcc/arm-none-eabi/lib/thumb/v7e-m+fp/hard/libm.a(libm_a-s_fabs.o)
                              /opt/arm-gcc/arm-none-eabi/lib/thumb/v7e-m+fp/hard/libm.a(libm_a-e_pow.o) (fabs)
/opt/arm-gcc/arm-none-eabi/lib/thumb/v7e-m+fp/hard/libm.a(libm_a-s_scalbn.o)
                              /opt/arm-gcc/arm-none-eabi/lib/thumb/v7e-m+fp/hard/libm.a(libm_a-e_pow.o) (scalbn)
/opt/arm-gcc/arm-none-eabi/lib/thumb/v7e-m+fp/hard/libm.a(libm_a-math_err.o)
                              /opt/arm-gcc/arm-none-eabi/lib/thumb/v7e-m+fp/hard/libm.a(libm_a-e_pow.o) (__math_uflow)
/opt/arm-gcc/arm-none-eabi/lib/thumb/v7e-m+fp/hard/libm.a(libm_a-e_sqrt.o)
                              /opt/arm-gcc/arm-none-eabi/lib/thumb/v7e-m+fp/hard/libm.a(libm_a-e_pow.o) (__ieee754_sqrt)
/opt/arm-gcc/arm-none-eabi/lib/thumb/v7e-m+fp/hard/libc.a(libc_a-ctype_.o)
                              lib/libbsp.a(audio.o) (_ctype_)
/opt/arm-gcc/arm-none-eabi/lib/thumb/v7e-m+fp/hard/libc.a(libc_a-memset.o)
                              rtx/librtx.a(rtx_mempool.o) (memset)
/opt/arm-gcc/arm-none-eabi/lib/thumb/v7e-m+fp/hard/libc.a(libc_a-errno.o)
                              /opt/arm-gcc/arm-none-eabi/lib/thumb/v7e-m+fp/hard/libm.a(libm_a-w_pow.o) (__errno)
/opt/arm-gcc/arm-none-eabi/lib/thumb/v7e-m+fp/hard/libc.a(libc_a-strcmp.o)
                              main.o (strcmp)
/opt/arm-gcc/arm-none-eabi/lib/thumb/v7e-m+fp/hard/libc.a(libc_a-memcpy.o)
                              rtx/librtx.a(rtx_kernel.o) (memcpy)
/opt/arm-gcc/arm-none-eabi/lib/thumb/v7e-m+fp/hard/libc.a(libc_a-impure.o)
                              /opt/arm-gcc/arm-none-eabi/lib/thumb/v7e-m+fp/hard/libc.a(libc_a-errno.o) (_impure_ptr)
/opt/arm-gcc/arm-none-eabi/lib/thumb/v7e-m+fp/hard/libc.a(libc_a-findfp.o)
                              /opt/arm-gcc/arm-none-eabi/lib/thumb/v7e-m+fp/hard/libc.a(libc_a-impure.o) (__sf)
/opt/arm-gcc/arm-none-eabi/lib/thumb/v7e-m+fp/hard/libc.a(libc_a-fwalk.o)
                              /opt/arm-gcc/arm-none-eabi/lib/thumb/v7e-m+fp/hard/libc.a(libc_a-findfp.o) (_fwalk_sglue)
/opt/arm-gcc/arm-none-eabi/lib/thumb/v7e-m+fp/hard/libc.a(libc_a-stdio.o)
                              /opt/arm-gcc/arm-none-eabi/lib/thumb/v7e-m+fp/hard/libc.a(libc_a-findfp.o) (__sread)
/opt/arm-gcc/arm-none-eabi/lib/thumb/v7e-m+fp/hard/libc.a(libc_a-closer.o)
                              /opt/arm-gcc/arm-none-eabi/lib/thumb/v7e-m+fp/hard/libc.a(libc_a-stdio.o) (_close_r)
/opt/arm-gcc/arm-none-eabi/lib/thumb/v7e-m+fp/hard/libc.a(libc_a-reent.o)
                              /opt/arm-gcc/arm-none-eabi/lib/thumb/v7e-m+fp/hard/libc.a(libc_a-closer.o) (errno)
/opt/arm-gcc/arm-none-eabi/lib/thumb/v7e-m+fp/hard/libc.a(libc_a-lseekr.o)
                              /opt/arm-gcc/arm-none-eabi/lib/thumb/v7e-m+fp/hard/libc.a(libc_a-stdio.o) (_lseek_r)
/opt/arm-gcc/arm-none-eabi/lib/thumb/v7e-m+fp/hard/libc.a(libc_a-readr.o)
                              /opt/arm-gcc/arm-none-eabi/lib/thumb/v7e-m+fp/hard/libc.a(libc_a-stdio.o) (_read_r)
[...]
Memory Configuration

Name             Origin             Length             Attributes
FLASH            0x0000000000000000 0x0000000000080000 xr
SRAM             0x0000000020000000 0x0000000000020000 xrw
*default*        0x0000000000000000 0xffffffffffffffff

Linker script and memory map


.text           0x0000000000000000     0x381c
 *(.vectors)
 .vectors       0x0000000000000000      0x200 startup.o
                0x0000000000000000                vector_table
 *(.text*)
 .text.init_controller
                0x0000000000000200       0x34 main.o
                0x0000000000000200                init_controller
 .text.add_controllerMsg
                0x0000000000000234       0x44 main.o
                0x0000000000000234                add_controllerMsg
 .text.execute_driver
                0x0000000000000278       0xa8 main.o
                0x0000000000000278                execute_driver
 .text.check_controllerMsg
                0x0000000000000320       0x70 main.o
                0x0000000000000320                check_controllerMsg
 .text.startup.main
                0x0000000000000390       0x44 main.o
                0x0000000000000390                main
 .text.UsageFaultHandler
                0x00000000000003d4        0xc startup.o
 .text.BusFaultHandler
                0x00000000000003e0        0xc startup.o
 .text.HardFaultHandler
                0x00000000000003ec        0xc startup.o
 .text.IntDefaultHandler
                0x00000000000003f8        0xc startup.o
 .text.ResetISR
                0x0000000000000404       0xac startup.o
                0x0000000000000404                ResetISR
 .text.SystemInit
                0x00000000000004b0       0x30 lib/libbsp.a(system.o)
                0x00000000000004b0                SystemInit
 .text.delay_us.constprop.0
                0x00000000000004e0       0x84 lib/libbsp.a(board.o)
 .text.led_blink
                0x0000000000000564       0x60 lib/libbsp.a(board.o)
                0x0000000000000564                led_blink
 .text.serial_init
                0x00000000000005c4       0x50 lib/libbsp.a(serial.o)
                0x00000000000005c4                serial_init
 .text.puts     0x0000000000000614       0x28 lib/libbsp.a(serial.o)
                0x0000000000000614                puts
 .text.gpio_in  0x000000000000063c       0x18 lib/libbsp.a(gpio.o)
                0x000000000000063c                gpio_in
 .text.gpio_out
                0x0000000000000654       0x38 lib/libbsp.a(gpio.o)
                0x0000000000000654                gpio_out
 .text.gpio_set
                0x000000000000068c       0x1c lib/libbsp.a(gpio.o)
                0x000000000000068c                gpio_set
 .text.gpio_clear
                0x00000000000006a8       0x1c lib/libbsp.a(gpio.o)
                0x00000000000006a8                gpio_clear
 .text.GPIOTE_IRQHandler
                0x00000000000006c4       0x50 lib/libbsp.a(gpio.o)
                0x00000000000006c4                GPIOTE_IRQHandler
 .text.buggy_init
                0x0000000000000714       0x18 lib/libbsp.a(buggy.o)
                0x0000000000000714                buggy_init
 *fill*         0x000000000000072c        0x4 
 .text.buggy_move_forward
                0x0000000000000730       0x50 lib/libbsp.a(buggy.o)
                0x0000000000000730                buggy_move_forward
 .text.buggy_move_reverse
                0x0000000000000780       0x50 lib/libbsp.a(buggy.o)
                0x0000000000000780                buggy_move_reverse
 .text.buggy_spin_left
                0x00000000000007d0       0x1c lib/libbsp.a(buggy.o)
                0x00000000000007d0                buggy_spin_left
 .text.buggy_spin_right
                0x00000000000007ec       0x1c lib/libbsp.a(buggy.o)
                0x00000000000007ec                buggy_spin_right
 .text.buggy_stop
                0x0000000000000808       0x14 lib/libbsp.a(buggy.o)
                0x0000000000000808                buggy_stop
 *fill*         0x000000000000081c        0x4 
 .text.init_channel_registers
                0x0000000000000820      0x180 lib/libbsp.a(pwm.o)
                0x0000000000000820                init_channel_registers
 .text.pwm_init
                0x00000000000009a0       0x2c lib/libbsp.a(pwm.o)
                0x00000000000009a0                pwm_init
 .text.pwm_off  0x00000000000009cc       0x20 lib/libbsp.a(pwm.o)
                0x00000000000009cc                pwm_off
 .text.pwm_pulse5ms
                0x00000000000009ec       0x44 lib/libbsp.a(pwm.o)
                0x00000000000009ec                pwm_pulse5ms
 .text.svcRtxKernelInitialize
                0x0000000000000a30      0x15c rtx/librtx.a(rtx_kernel.o)
 .text.svcRtxKernelStart
                0x0000000000000b8c       0xb8 rtx/librtx.a(rtx_kernel.o)
 .text.osRtxKernelBeforeInit
                0x0000000000000c44        0x4 rtx/librtx.a(rtx_kernel.o)
                0x0000000000000c44                osRtxKernelBeforeInit
 .text.osRtxKernelErrorNotify
                0x0000000000000c48       0x18 rtx/librtx.a(rtx_kernel.o)
                0x0000000000000c48                osRtxKernelErrorNotify
 .text.osKernelInitialize
                0x0000000000000c60       0x38 rtx/librtx.a(rtx_kernel.o)
                0x0000000000000c60                osKernelInitialize
 .text.osKernelStart
                0x0000000000000c98       0x34 rtx/librtx.a(rtx_kernel.o)
                0x0000000000000c98                osKernelStart
 .text.osRtxMemoryInit
                0x0000000000000ccc       0x44 rtx/librtx.a(rtx_memory.o)
                0x0000000000000ccc                osRtxMemoryInit
 .text.osRtxMemoryAlloc
                0x0000000000000d10       0x90 rtx/librtx.a(rtx_memory.o)
                0x0000000000000d10                osRtxMemoryAlloc
 .text.osRtxMemoryFree
                0x0000000000000da0       0x4c rtx/librtx.a(rtx_memory.o)
                0x0000000000000da0                osRtxMemoryFree
 .text.osRtxMemoryPoolInit
                0x0000000000000dec       0x64 rtx/librtx.a(rtx_mempool.o)
                0x0000000000000dec                osRtxMemoryPoolInit
 .text.osRtxMemoryPoolAlloc
                0x0000000000000e50       0x48 rtx/librtx.a(rtx_mempool.o)
                0x0000000000000e50                osRtxMemoryPoolAlloc
 .text.osRtxMemoryPoolFree
                0x0000000000000e98       0x60 rtx/librtx.a(rtx_mempool.o)
                0x0000000000000e98                osRtxMemoryPoolFree
 .text.svcRtxMessageQueueNew
                0x0000000000000ef8      0x170 rtx/librtx.a(rtx_msgqueue.o)
 .text.svcRtxMessageQueueGetCount
                0x0000000000001068       0x24 rtx/librtx.a(rtx_msgqueue.o)
 .text.svcRtxMessageQueuePut
                0x000000000000108c      0x12c rtx/librtx.a(rtx_msgqueue.o)
 .text.osRtxMessageQueuePostProcess
                0x00000000000011b8      0x18c rtx/librtx.a(rtx_msgqueue.o)
 .text.svcRtxMessageQueueGet
                0x0000000000001344      0x1c4 rtx/librtx.a(rtx_msgqueue.o)
 .text.osRtxMessageQueueTimerSetup
                0x0000000000001508      0x184 rtx/librtx.a(rtx_msgqueue.o)
                0x0000000000001508                osRtxMessageQueueTimerSetup
 .text.osMessageQueueNew
                0x000000000000168c       0x40 rtx/librtx.a(rtx_msgqueue.o)
                0x000000000000168c                osMessageQueueNew
 .text.osMessageQueuePut
                0x00000000000016cc       0x9c rtx/librtx.a(rtx_msgqueue.o)
                0x00000000000016cc                osMessageQueuePut
 .text.osMessageQueueGet
                0x0000000000001768       0xe0 rtx/librtx.a(rtx_msgqueue.o)
                0x0000000000001768                osMessageQueueGet
 .text.osMessageQueueGetCount
                0x0000000000001848       0x44 rtx/librtx.a(rtx_msgqueue.o)
                0x0000000000001848                osMessageQueueGetCount
 .text.osRtxTick_Handler
                0x000000000000188c       0x80 rtx/librtx.a(rtx_system.o)
                0x000000000000188c                osRtxTick_Handler
 .text.osRtxPendSV_Handler
                0x000000000000190c       0xa8 rtx/librtx.a(rtx_system.o)
                0x000000000000190c                osRtxPendSV_Handler
 .text.osRtxPostProcess
                0x00000000000019b4       0x74 rtx/librtx.a(rtx_system.o)
                0x00000000000019b4                osRtxPostProcess
 .text.osRtxThreadWaitEnter.part.0
                0x0000000000001a28       0xa4 rtx/librtx.a(rtx_thread.o)
 .text.osRtxThreadListPut
                0x0000000000001acc       0x34 rtx/librtx.a(rtx_thread.o)
                0x0000000000001acc                osRtxThreadListPut
 .text.osRtxThreadListGet
                0x0000000000001b00       0x14 rtx/librtx.a(rtx_thread.o)
                0x0000000000001b00                osRtxThreadListGet
 .text.osRtxThreadListSort
                0x0000000000001b14       0x5c rtx/librtx.a(rtx_thread.o)
                0x0000000000001b14                osRtxThreadListSort
 .text.osRtxThreadListRemove
                0x0000000000001b70       0x14 rtx/librtx.a(rtx_thread.o)
                0x0000000000001b70                osRtxThreadListRemove
 .text.osRtxThreadReadyPut
                0x0000000000001b84       0x44 rtx/librtx.a(rtx_thread.o)
                0x0000000000001b84                osRtxThreadReadyPut
 .text.osRtxThreadDelayTick
                0x0000000000001bc8      0x15c rtx/librtx.a(rtx_thread.o)
                0x0000000000001bc8                osRtxThreadDelayTick
 .text.osRtxThreadRegPtr
                0x0000000000001d24       0x14 rtx/librtx.a(rtx_thread.o)
                0x0000000000001d24                osRtxThreadRegPtr
 .text.osRtxThreadSwitch
                0x0000000000001d38       0x10 rtx/librtx.a(rtx_thread.o)
                0x0000000000001d38                osRtxThreadSwitch
 .text.osRtxThreadDispatch
                0x0000000000001d48      0x108 rtx/librtx.a(rtx_thread.o)
                0x0000000000001d48                osRtxThreadDispatch
 .text.svcRtxThreadNew
                0x0000000000001e50      0x2f0 rtx/librtx.a(rtx_thread.o)
 .text.osRtxThreadWaitExit
                0x0000000000002140       0xb8 rtx/librtx.a(rtx_thread.o)
                0x0000000000002140                osRtxThreadWaitExit
 .text.osRtxThreadPostProcess
                0x00000000000021f8       0x94 rtx/librtx.a(rtx_thread.o)
 .text.osRtxThreadWaitEnter
                0x000000000000228c       0x18 rtx/librtx.a(rtx_thread.o)
                0x000000000000228c                osRtxThreadWaitEnter
 .text.osRtxThreadBeforeFree
                0x00000000000022a4        0x4 rtx/librtx.a(rtx_thread.o)
                0x00000000000022a4                osRtxThreadBeforeFree
 .text.osRtxThreadFree
                0x00000000000022a8       0x5c rtx/librtx.a(rtx_thread.o)
 .text.svcRtxThreadExit
                0x0000000000002304      0x124 rtx/librtx.a(rtx_thread.o)
 .text.osRtxThreadStartup
                0x0000000000002428       0x44 rtx/librtx.a(rtx_thread.o)
                0x0000000000002428                osRtxThreadStartup
 .text.osThreadExit
                0x000000000000246c       0x1c rtx/librtx.a(rtx_thread.o)
                0x000000000000246c                osThreadExit
 .text.osThreadEntry
                0x0000000000002488        0x8 rtx/librtx.a(rtx_thread.o)
 .text.osRtxTimerTick
                0x0000000000002490       0xc0 rtx/librtx.a(rtx_timer.o)
 .text.osRtxTimerSetup
                0x0000000000002550       0x20 rtx/librtx.a(rtx_timer.o)
                0x0000000000002550                osRtxTimerSetup
 .text.osRtxTimerThread
                0x0000000000002570       0x28 rtx/librtx.a(rtx_timer.o)
                0x0000000000002570                osRtxTimerThread
 .text          0x0000000000002598       0xc8 rtx/librtx.a(irq_armv7m.o)
                0x0000000000002598                SVC_Handler
                0x0000000000002632                PendSV_Handler
                0x0000000000002642                SysTick_Handler
 .text.OS_Tick_Setup
                0x0000000000002660       0x4c rtx/librtx.a(os_systick.o)
                0x0000000000002660                OS_Tick_Setup
 .text.OS_Tick_Enable
                0x00000000000026ac       0x28 rtx/librtx.a(os_systick.o)
                0x00000000000026ac                OS_Tick_Enable
 .text.OS_Tick_AcknowledgeIRQ
                0x00000000000026d4        0x8 rtx/librtx.a(os_systick.o)
                0x00000000000026d4                OS_Tick_AcknowledgeIRQ
 .text.OS_Tick_GetIRQn
                0x00000000000026dc        0x8 rtx/librtx.a(os_systick.o)
                0x00000000000026dc                OS_Tick_GetIRQn
 .text.osRtxIdleThread
                0x00000000000026e4        0x4 rtx/librtx.a(RTX_Config.o)
                0x00000000000026e4                osRtxIdleThread
 .text.osRtxErrorNotify
                0x00000000000026e8        0x4 rtx/librtx.a(RTX_Config.o)
                0x00000000000026e8                osRtxErrorNotify
 .text.EvrRtxMemoryInit
                0x00000000000026ec        0x4 rtx/librtx.a(rtx_evr.o)
                0x00000000000026ec                EvrRtxMemoryInit
 .text.EvrRtxMemoryAlloc
                0x00000000000026f0        0x4 rtx/librtx.a(rtx_evr.o)
                0x00000000000026f0                EvrRtxMemoryAlloc
 .text.EvrRtxMemoryFree
                0x00000000000026f4        0x4 rtx/librtx.a(rtx_evr.o)
                0x00000000000026f4                EvrRtxMemoryFree
 .text.EvrRtxMemoryBlockInit
                0x00000000000026f8        0x4 rtx/librtx.a(rtx_evr.o)
                0x00000000000026f8                EvrRtxMemoryBlockInit
 .text.EvrRtxMemoryBlockAlloc
                0x00000000000026fc        0x4 rtx/librtx.a(rtx_evr.o)
                0x00000000000026fc                EvrRtxMemoryBlockAlloc
 .text.EvrRtxMemoryBlockFree
                0x0000000000002700        0x4 rtx/librtx.a(rtx_evr.o)
                0x0000000000002700                EvrRtxMemoryBlockFree
 .text.EvrRtxKernelError
                0x0000000000002704        0x4 rtx/librtx.a(rtx_evr.o)
                0x0000000000002704                EvrRtxKernelError
 .text.EvrRtxKernelInitialize
                0x0000000000002708        0x4 rtx/librtx.a(rtx_evr.o)
                0x0000000000002708                EvrRtxKernelInitialize
 .text.EvrRtxKernelInitialized
                0x000000000000270c        0x4 rtx/librtx.a(rtx_evr.o)
                0x000000000000270c                EvrRtxKernelInitialized
 .text.EvrRtxKernelStart
                0x0000000000002710        0x4 rtx/librtx.a(rtx_evr.o)
                0x0000000000002710                EvrRtxKernelStart
 .text.EvrRtxKernelStarted
                0x0000000000002714        0x4 rtx/librtx.a(rtx_evr.o)
                0x0000000000002714                EvrRtxKernelStarted
 .text.EvrRtxKernelErrorNotify
                0x0000000000002718        0x4 rtx/librtx.a(rtx_evr.o)
                0x0000000000002718                EvrRtxKernelErrorNotify
 .text.EvrRtxThreadError
                0x000000000000271c        0x4 rtx/librtx.a(rtx_evr.o)
                0x000000000000271c                EvrRtxThreadError
 .text.EvrRtxThreadCreated
                0x0000000000002720        0x4 rtx/librtx.a(rtx_evr.o)
                0x0000000000002720                EvrRtxThreadCreated
 .text.EvrRtxThreadJoined
                0x0000000000002724        0x4 rtx/librtx.a(rtx_evr.o)
                0x0000000000002724                EvrRtxThreadJoined
 .text.EvrRtxThreadBlocked
                0x0000000000002728        0x4 rtx/librtx.a(rtx_evr.o)
                0x0000000000002728                EvrRtxThreadBlocked
 .text.EvrRtxThreadUnblocked
                0x000000000000272c        0x4 rtx/librtx.a(rtx_evr.o)
                0x000000000000272c                EvrRtxThreadUnblocked
 .text.EvrRtxThreadPreempted
                0x0000000000002730        0x4 rtx/librtx.a(rtx_evr.o)
                0x0000000000002730                EvrRtxThreadPreempted
 .text.EvrRtxThreadSwitched
                0x0000000000002734        0x4 rtx/librtx.a(rtx_evr.o)
                0x0000000000002734                EvrRtxThreadSwitched
 .text.EvrRtxThreadExit
                0x0000000000002738        0x4 rtx/librtx.a(rtx_evr.o)
                0x0000000000002738                EvrRtxThreadExit
 .text.EvrRtxThreadDestroyed
                0x000000000000273c        0x4 rtx/librtx.a(rtx_evr.o)
                0x000000000000273c                EvrRtxThreadDestroyed
 .text.EvrRtxThreadFlagsWaitTimeout
                0x0000000000002740        0x4 rtx/librtx.a(rtx_evr.o)
                0x0000000000002740                EvrRtxThreadFlagsWaitTimeout
 .text.EvrRtxThreadFlagsWaitCompleted
                0x0000000000002744        0x4 rtx/librtx.a(rtx_evr.o)
                0x0000000000002744                EvrRtxThreadFlagsWaitCompleted
 .text.EvrRtxDelayCompleted
                0x0000000000002748        0x4 rtx/librtx.a(rtx_evr.o)
                0x0000000000002748                EvrRtxDelayCompleted
 .text.EvrRtxTimerCallback
                0x000000000000274c        0x4 rtx/librtx.a(rtx_evr.o)
                0x000000000000274c                EvrRtxTimerCallback
 .text.EvrRtxEventFlagsWaitTimeout
                0x0000000000002750        0x4 rtx/librtx.a(rtx_evr.o)
                0x0000000000002750                EvrRtxEventFlagsWaitTimeout
 .text.EvrRtxMutexAcquireTimeout
                0x0000000000002754        0x4 rtx/librtx.a(rtx_evr.o)
                0x0000000000002754                EvrRtxMutexAcquireTimeout
 .text.EvrRtxMutexAcquired
                0x0000000000002758        0x4 rtx/librtx.a(rtx_evr.o)
                0x0000000000002758                EvrRtxMutexAcquired
 .text.EvrRtxMutexReleased
                0x000000000000275c        0x4 rtx/librtx.a(rtx_evr.o)
                0x000000000000275c                EvrRtxMutexReleased
 .text.EvrRtxSemaphoreAcquireTimeout
                0x0000000000002760        0x4 rtx/librtx.a(rtx_evr.o)
                0x0000000000002760                EvrRtxSemaphoreAcquireTimeout
 .text.EvrRtxMemoryPoolAllocTimeout
                0x0000000000002764        0x4 rtx/librtx.a(rtx_evr.o)
                0x0000000000002764                EvrRtxMemoryPoolAllocTimeout
 .text.EvrRtxMessageQueueError
                0x0000000000002768        0x4 rtx/librtx.a(rtx_evr.o)
                0x0000000000002768                EvrRtxMessageQueueError
 .text.EvrRtxMessageQueueNew
                0x000000000000276c        0x4 rtx/librtx.a(rtx_evr.o)
                0x000000000000276c                EvrRtxMessageQueueNew
 .text.EvrRtxMessageQueueCreated
                0x0000000000002770        0x4 rtx/librtx.a(rtx_evr.o)
                0x0000000000002770                EvrRtxMessageQueueCreated
 .text.EvrRtxMessageQueuePut
                0x0000000000002774        0x4 rtx/librtx.a(rtx_evr.o)
                0x0000000000002774                EvrRtxMessageQueuePut
 .text.EvrRtxMessageQueuePutPending
                0x0000000000002778        0x4 rtx/librtx.a(rtx_evr.o)
                0x0000000000002778                EvrRtxMessageQueuePutPending
 .text.EvrRtxMessageQueuePutTimeout
                0x000000000000277c        0x4 rtx/librtx.a(rtx_evr.o)
                0x000000000000277c                EvrRtxMessageQueuePutTimeout
 .text.EvrRtxMessageQueueInsertPending
                0x0000000000002780        0x4 rtx/librtx.a(rtx_evr.o)
                0x0000000000002780                EvrRtxMessageQueueInsertPending
 .text.EvrRtxMessageQueueInserted
                0x0000000000002784        0x4 rtx/librtx.a(rtx_evr.o)
                0x0000000000002784                EvrRtxMessageQueueInserted
 .text.EvrRtxMessageQueueNotInserted
                0x0000000000002788        0x4 rtx/librtx.a(rtx_evr.o)
                0x0000000000002788                EvrRtxMessageQueueNotInserted
 .text.EvrRtxMessageQueueGet
                0x000000000000278c        0x4 rtx/librtx.a(rtx_evr.o)
                0x000000000000278c                EvrRtxMessageQueueGet
 .text.EvrRtxMessageQueueGetPending
                0x0000000000002790        0x4 rtx/librtx.a(rtx_evr.o)
                0x0000000000002790                EvrRtxMessageQueueGetPending
 .text.EvrRtxMessageQueueGetTimeout
                0x0000000000002794        0x4 rtx/librtx.a(rtx_evr.o)
                0x0000000000002794                EvrRtxMessageQueueGetTimeout
 .text.EvrRtxMessageQueueRetrieved
                0x0000000000002798        0x4 rtx/librtx.a(rtx_evr.o)
                0x0000000000002798                EvrRtxMessageQueueRetrieved
 .text.EvrRtxMessageQueueNotRetrieved
                0x000000000000279c        0x4 rtx/librtx.a(rtx_evr.o)
                0x000000000000279c                EvrRtxMessageQueueNotRetrieved
 .text.EvrRtxMessageQueueGetCount
                0x00000000000027a0        0x4 rtx/librtx.a(rtx_evr.o)
                0x00000000000027a0                EvrRtxMessageQueueGetCount
 .text.osRtxMutexOwnerRelease
                0x00000000000027a4       0x64 rtx/librtx.a(rtx_mutex.o)
                0x00000000000027a4                osRtxMutexOwnerRelease
 .text.osRtxMutexOwnerRestore
                0x0000000000002808       0x40 rtx/librtx.a(rtx_mutex.o)
                0x0000000000002808                osRtxMutexOwnerRestore
 .text.memset   0x0000000000002848       0xa4 /opt/arm-gcc/arm-none-eabi/lib/thumb/v7e-m+fp/hard/libc.a(libc_a-memset.o)
                0x0000000000002848                memset
 *fill*         0x00000000000028ec       0x14 
 .text          0x0000000000002900      0x2dc /opt/arm-gcc/arm-none-eabi/lib/thumb/v7e-m+fp/hard/libc.a(libc_a-strcmp.o)
                0x0000000000002908                strcmp
 .text          0x0000000000002bdc      0x134 /opt/arm-gcc/arm-none-eabi/lib/thumb/v7e-m+fp/hard/libc.a(libc_a-memcpy.o)
                0x0000000000002bdc                memcpy
 .text          0x0000000000002d10      0x378 /opt/arm-gcc/lib/gcc/arm-none-eabi/12.2.1/thumb/v7e-m+fp/hard/libgcc.a(_arm_addsubdf3.o)
                0x0000000000002d10                __aeabi_drsub
                0x0000000000002d18                __aeabi_dsub
                0x0000000000002d18                __subdf3
                0x0000000000002d1c                __adddf3
                0x0000000000002d1c                __aeabi_dadd
                0x0000000000002f94                __aeabi_ui2d
                0x0000000000002f94                __floatunsidf
                0x0000000000002fb4                __floatsidf
                0x0000000000002fb4                __aeabi_i2d
                0x0000000000002fd8                __extendsfdf2
                0x0000000000002fd8                __aeabi_f2d
                0x000000000000301c                __aeabi_ul2d
                0x000000000000301c                __floatundidf
                0x000000000000302c                __floatdidf
                0x000000000000302c                __aeabi_l2d
 .text          0x0000000000003088      0x424 /opt/arm-gcc/lib/gcc/arm-none-eabi/12.2.1/thumb/v7e-m+fp/hard/libgcc.a(_arm_muldivdf3.o)
                0x0000000000003088                __aeabi_dmul
                0x0000000000003088                __muldf3
                0x00000000000032dc                __aeabi_ddiv
                0x00000000000032dc                __divdf3
 .text          0x00000000000034ac       0x50 /opt/arm-gcc/lib/gcc/arm-none-eabi/12.2.1/thumb/v7e-m+fp/hard/libgcc.a(_arm_fixdfsi.o)
                0x00000000000034ac                __fixdfsi
                0x00000000000034ac                __aeabi_d2iz
 *(.rodata*)
 .rodata.init_controller.str1.4
                0x00000000000034fc       0x47 main.o
 *fill*         0x0000000000003543        0x1 
 .rodata.add_controllerMsg.str1.4
                0x0000000000003544       0x46 main.o
                                         0x4b (size before relaxing)
 *fill*         0x000000000000358a        0x2 
 .rodata.execute_driver.str1.4
                0x000000000000358c       0x71 main.o
 *fill*         0x00000000000035fd        0x3 
 .rodata.check_controllerMsg.str1.4
                0x0000000000003600       0x27 main.o
 *fill*         0x0000000000003627        0x1 
 .rodata.main.str1.4
                0x0000000000003628       0x20 main.o
 .rodata.led_cols
                0x0000000000003648        0x5 lib/libbsp.a(board.o)
                0x0000000000003648                led_cols
 *fill*         0x000000000000364d        0x3 
 .rodata.led_rows
                0x0000000000003650        0x5 lib/libbsp.a(board.o)
                0x0000000000003650                led_rows
 *fill*         0x0000000000003655        0x3 
 .rodata.CSWTCH.16
                0x0000000000003658        0xc lib/libbsp.a(pwm.o)
 .rodata.CSWTCH.15
                0x0000000000003664        0xc lib/libbsp.a(pwm.o)
 .rodata.CSWTCH.14
                0x0000000000003670        0xc lib/libbsp.a(pwm.o)
 .rodata.CSWTCH.13
                0x000000000000367c        0xc lib/libbsp.a(pwm.o)
 .rodata.CSWTCH.12
                0x0000000000003688        0xc lib/libbsp.a(pwm.o)
 .rodata.CSWTCH.11
                0x0000000000003694        0xc lib/libbsp.a(pwm.o)
 .rodata.CSWTCH.10
                0x00000000000036a0        0xc lib/libbsp.a(pwm.o)
 .rodata.CSWTCH.9
                0x00000000000036ac        0xc lib/libbsp.a(pwm.o)
 .rodata.CSWTCH.8
                0x00000000000036b8        0xc lib/libbsp.a(pwm.o)
 .rodata.CSWTCH.7
                0x00000000000036c4        0xc lib/libbsp.a(pwm.o)
 .rodata.CSWTCH.6
                0x00000000000036d0        0xc lib/libbsp.a(pwm.o)
 .rodata.CSWTCH.5
                0x00000000000036dc        0xc lib/libbsp.a(pwm.o)
 .rodata.CSWTCH.4
                0x00000000000036e8        0xc lib/libbsp.a(pwm.o)
 .rodata.PWM_PSEL_OFFSET
                0x00000000000036f4       0x10 lib/libbsp.a(pwm.o)
 .rodata.svcRtxKernelGetInfo.str1.4
                0x0000000000003704        0xb rtx/librtx.a(rtx_kernel.o)
 *fill*         0x000000000000370f        0x1 
 .rodata        0x0000000000003710       0xa8 rtx/librtx.a(rtx_lib.o)
                0x0000000000003710                os_cb_sections
                0x0000000000003748                osRtxConfig
 .rodata.osRtxUserSVC
                0x00000000000037b8        0x4 rtx/librtx.a(rtx_lib.o)
                0x00000000000037b8                osRtxUserSVC
 .rodata.os_timer_mq_attr
                0x00000000000037bc       0x18 rtx/librtx.a(rtx_lib.o)
 .rodata.os_timer_thread_attr
                0x00000000000037d4       0x24 rtx/librtx.a(rtx_lib.o)
 .rodata.os_idle_thread_attr
                0x00000000000037f8       0x24 rtx/librtx.a(rtx_lib.o)
                0x000000000000381c                . = ALIGN (0x4)
                0x000000000000381c                __etext = .

.glue_7         0x000000000000381c        0x0
 .glue_7        0x000000000000381c        0x0 linker stubs

.glue_7t        0x000000000000381c        0x0
 .glue_7t       0x000000000000381c        0x0 linker stubs

.vfp11_veneer   0x000000000000381c        0x0
 .vfp11_veneer  0x000000000000381c        0x0 linker stubs

.v4_bx          0x000000000000381c        0x0
 .v4_bx         0x000000000000381c        0x0 linker stubs

.iplt           0x000000000000381c        0x0
 .iplt          0x000000000000381c        0x0 main.o

.rel.dyn        0x000000000000381c        0x0
 .rel.iplt      0x000000000000381c        0x0 main.o

.data           0x0000000020000000       0xa4 load address 0x000000000000381c
                0x000000000000381c                __data_load__ = LOADADDR (.data)
                0x0000000020000000                __data_start__ = .
                0x0000000020000000                . = ALIGN (0x4)
 *(.data*)
 .data.os       0x0000000020000000       0xa4 rtx/librtx.a(rtx_kernel.o)
                0x0000000020000000                osRtxInfo
                0x00000000200000a4                . = ALIGN (0x4)
                0x00000000200000a4                __data_end__ = .

.igot.plt       0x00000000200000a4        0x0 load address 0x00000000000038c0
 .igot.plt      0x00000000200000a4        0x0 main.o

.bss            0x00000000200000a8     0x8684 load address 0x00000000000038c8
                0x00000000200000a8                __bss_start__ = .
                0x00000000200000a8                . = ALIGN (0x4)
 *(.bss*)
 .bss.controller_MsgQueue
                0x00000000200000a8        0x4 main.o
                0x00000000200000a8                controller_MsgQueue
 .bss.SystemCoreClock
                0x00000000200000ac        0x4 lib/libbsp.a(system.o)
                0x00000000200000ac                SystemCoreClock
 .bss.gpio_irq_event_counters
                0x00000000200000b0       0x20 lib/libbsp.a(gpio.o)
                0x00000000200000b0                gpio_irq_event_counters
 .bss.gpio_irq_counter
                0x00000000200000d0        0x4 lib/libbsp.a(gpio.o)
                0x00000000200000d0                gpio_irq_counter
 .bss.event_callbacks
                0x00000000200000d4       0x20 lib/libbsp.a(gpio.o)
                0x00000000200000d4                event_callbacks
 *fill*         0x00000000200000f4        0x4 
 .bss.channel   0x00000000200000f8       0xe0 lib/libbsp.a(pwm.o)
                0x00000000200000f8                channel
 .bss.s_sequence
                0x00000000200001d8        0x4 lib/libbsp.a(pwm.o)
 .bss.os.msgqueue.mem
                0x00000000200001dc       0x50 rtx/librtx.a(rtx_lib.o)
 .bss.os.msgqueue.cb
                0x000000002000022c       0x34 rtx/librtx.a(rtx_lib.o)
 .bss.os.thread.timer.stack
                0x0000000020000260      0x200 rtx/librtx.a(rtx_lib.o)
 .bss.os.thread.cb
                0x0000000020000460       0x88 rtx/librtx.a(rtx_lib.o)
 .bss.os.thread.idle.stack
                0x00000000200004e8      0x200 rtx/librtx.a(rtx_lib.o)
 .bss.os        0x00000000200006e8     0x8040 rtx/librtx.a(rtx_lib.o)
 .bss.os        0x0000000020008728        0x1 rtx/librtx.a(os_systick.o)
 *(COMMON)
                0x000000002000872c                . = ALIGN (0x4)
 *fill*         0x0000000020008729        0x3 
                0x000000002000872c                __bss_end__ = .

.heap           0x0000000000000000        0x0
                0x0000000000000000                __heap_start__ = .
                0x0000000000000000                . = ALIGN (0x4)
 *(.heap*)
                0x0000000000000000                . = ALIGN (0x4)
                0x0000000000000000                __heap_end__ = .

.stack          0x000000002000872c     0x2000 load address 0x000000000000bf4c
                0x000000002000872c                __stack_start__ = .
                0x000000002000872c                . = ALIGN (0x4)
                0x000000002000a72c                __stack_size__ = 0x2000
                0x0000000000002000                . = (. + __stack_size__)
 *fill*         0x000000002000872c     0x2000 
                0x000000002000a72c                . = ALIGN (0x4)
                0x000000002000a72c                __stack_end__ = .
LOAD main.o
LOAD startup.o
LOAD lib/libbsp.a
LOAD rtx/librtx.a
LOAD /opt/arm-gcc/arm-none-eabi/lib/thumb/v7e-m+fp/hard/libm.a
LOAD /opt/arm-gcc/arm-none-eabi/lib/thumb/v7e-m+fp/hard/libc.a
LOAD /opt/arm-gcc/lib/gcc/arm-none-eabi/12.2.1/thumb/v7e-m+fp/hard/libgcc.a
OUTPUT(MICROBIT.out elf32-littlearm)
LOAD linker stubs

.debug_info     0x0000000000000000    0x1c7bb
 .debug_info    0x0000000000000000      0x7c8 main.o
 .debug_info    0x00000000000007c8      0x2d0 startup.o
 .debug_info    0x0000000000000a98       0x75 lib/libbsp.a(system.o)
 .debug_info    0x0000000000000b0d     0x12c2 lib/libbsp.a(board.o)
 .debug_info    0x0000000000001dcf      0x29d lib/libbsp.a(serial.o)
 .debug_info    0x000000000000206c      0x322 lib/libbsp.a(gpio.o)
 .debug_info    0x000000000000238e      0x368 lib/libbsp.a(buggy.o)
 .debug_info    0x00000000000026f6      0x3bf lib/libbsp.a(pwm.o)
 .debug_info    0x0000000000002ab5     0x33f2 rtx/librtx.a(rtx_kernel.o)
 .debug_info    0x0000000000005ea7      0xc38 rtx/librtx.a(rtx_lib.o)
 .debug_info    0x0000000000006adf      0x639 rtx/librtx.a(rtx_memory.o)
 .debug_info    0x0000000000007118     0x34e0 rtx/librtx.a(rtx_mempool.o)
 .debug_info    0x000000000000a5f8     0x41f0 rtx/librtx.a(rtx_msgqueue.o)
 .debug_info    0x000000000000e7e8     0x11fd rtx/librtx.a(rtx_system.o)
 .debug_info    0x000000000000f9e5     0x6adf rtx/librtx.a(rtx_thread.o)
 .debug_info    0x00000000000164c4     0x1fb6 rtx/librtx.a(rtx_timer.o)
 .debug_info    0x000000000001847a       0x45 rtx/librtx.a(irq_armv7m.o)
 .debug_info    0x00000000000184bf      0x453 rtx/librtx.a(os_systick.o)
 .debug_info    0x0000000000018912      0x100 rtx/librtx.a(RTX_Config.o)
 .debug_info    0x0000000000018a12     0x1ecf rtx/librtx.a(rtx_evr.o)
 .debug_info    0x000000000001a8e1     0x1eda rtx/librtx.a(rtx_mutex.o)

.debug_abbrev   0x0000000000000000     0x3589
 .debug_abbrev  0x0000000000000000      0x29f main.o
 .debug_abbrev  0x000000000000029f      0x1c6 startup.o
 .debug_abbrev  0x0000000000000465       0x74 lib/libbsp.a(system.o)
 .debug_abbrev  0x00000000000004d9      0x29f lib/libbsp.a(board.o)
 .debug_abbrev  0x0000000000000778      0x183 lib/libbsp.a(serial.o)
 .debug_abbrev  0x00000000000008fb      0x15d lib/libbsp.a(gpio.o)
 .debug_abbrev  0x0000000000000a58      0x104 lib/libbsp.a(buggy.o)
 .debug_abbrev  0x0000000000000b5c      0x1aa lib/libbsp.a(pwm.o)
 .debug_abbrev  0x0000000000000d06      0x52e rtx/librtx.a(rtx_kernel.o)
 .debug_abbrev  0x0000000000001234      0x20b rtx/librtx.a(rtx_lib.o)
 .debug_abbrev  0x000000000000143f      0x1e8 rtx/librtx.a(rtx_memory.o)
 .debug_abbrev  0x0000000000001627      0x4ac rtx/librtx.a(rtx_mempool.o)
 .debug_abbrev  0x0000000000001ad3      0x4c1 rtx/librtx.a(rtx_msgqueue.o)
 .debug_abbrev  0x0000000000001f94      0x364 rtx/librtx.a(rtx_system.o)
 .debug_abbrev  0x00000000000022f8      0x56e rtx/librtx.a(rtx_thread.o)
 .debug_abbrev  0x0000000000002866      0x48f rtx/librtx.a(rtx_timer.o)
 .debug_abbrev  0x0000000000002cf5       0x21 rtx/librtx.a(irq_armv7m.o)
 .debug_abbrev  0x0000000000002d16      0x1ae rtx/librtx.a(os_systick.o)
 .debug_abbrev  0x0000000000002ec4       0x90 rtx/librtx.a(RTX_Config.o)
 .debug_abbrev  0x0000000000002f54      0x215 rtx/librtx.a(rtx_evr.o)
 .debug_abbrev  0x0000000000003169      0x420 rtx/librtx.a(rtx_mutex.o)

.debug_loclists
                0x0000000000000000     0x9148
 .debug_loclists
                0x0000000000000000      0x10d main.o
 .debug_loclists
                0x000000000000010d       0x38 startup.o
 .debug_loclists
                0x0000000000000145      0x3f6 lib/libbsp.a(board.o)
 .debug_loclists
                0x000000000000053b      0x147 lib/libbsp.a(serial.o)
 .debug_loclists
                0x0000000000000682      0x194 lib/libbsp.a(gpio.o)
 .debug_loclists
                0x0000000000000816      0x1c0 lib/libbsp.a(buggy.o)
 .debug_loclists
                0x00000000000009d6      0x220 lib/libbsp.a(pwm.o)
 .debug_loclists
                0x0000000000000bf6      0x8e6 rtx/librtx.a(rtx_kernel.o)
 .debug_loclists
                0x00000000000014dc      0x474 rtx/librtx.a(rtx_memory.o)
 .debug_loclists
                0x0000000000001950     0x1550 rtx/librtx.a(rtx_mempool.o)
 .debug_loclists
                0x0000000000002ea0     0x1abb rtx/librtx.a(rtx_msgqueue.o)
 .debug_loclists
                0x000000000000495b      0x162 rtx/librtx.a(rtx_system.o)
 .debug_loclists
                0x0000000000004abd     0x33b1 rtx/librtx.a(rtx_thread.o)
 .debug_loclists
                0x0000000000007e6e      0x9c4 rtx/librtx.a(rtx_timer.o)
 .debug_loclists
                0x0000000000008832       0x73 rtx/librtx.a(os_systick.o)
 .debug_loclists
                0x00000000000088a5       0x2d rtx/librtx.a(RTX_Config.o)
 .debug_loclists
                0x00000000000088d2      0x876 rtx/librtx.a(rtx_mutex.o)

.debug_aranges  0x0000000000000000      0xeb0
 .debug_aranges
                0x0000000000000000       0x40 main.o
 .debug_aranges
                0x0000000000000040       0x60 startup.o
 .debug_aranges
                0x00000000000000a0       0x20 lib/libbsp.a(system.o)
 .debug_aranges
                0x00000000000000c0       0x80 lib/libbsp.a(board.o)
 .debug_aranges
                0x0000000000000140       0x50 lib/libbsp.a(serial.o)
 .debug_aranges
                0x0000000000000190       0x58 lib/libbsp.a(gpio.o)
 .debug_aranges
                0x00000000000001e8       0x48 lib/libbsp.a(buggy.o)
 .debug_aranges
                0x0000000000000230       0x48 lib/libbsp.a(pwm.o)
 .debug_aranges
                0x0000000000000278       0xf8 rtx/librtx.a(rtx_kernel.o)
 .debug_aranges
                0x0000000000000370       0x20 rtx/librtx.a(rtx_lib.o)
 .debug_aranges
                0x0000000000000390       0x30 rtx/librtx.a(rtx_memory.o)
 .debug_aranges
                0x00000000000003c0       0xc8 rtx/librtx.a(rtx_mempool.o)
 .debug_aranges
                0x0000000000000488       0xc8 rtx/librtx.a(rtx_msgqueue.o)
 .debug_aranges
                0x0000000000000550       0x30 rtx/librtx.a(rtx_system.o)
 .debug_aranges
                0x0000000000000580      0x1f0 rtx/librtx.a(rtx_thread.o)
 .debug_aranges
                0x0000000000000770       0x90 rtx/librtx.a(rtx_timer.o)
 .debug_aranges
                0x0000000000000800       0x20 rtx/librtx.a(irq_armv7m.o)
 .debug_aranges
                0x0000000000000820       0x60 rtx/librtx.a(os_systick.o)
 .debug_aranges
                0x0000000000000880       0x28 rtx/librtx.a(RTX_Config.o)
 .debug_aranges
                0x00000000000008a8      0x580 rtx/librtx.a(rtx_evr.o)
 .debug_aranges
                0x0000000000000e28       0x88 rtx/librtx.a(rtx_mutex.o)

.debug_rnglists
                0x0000000000000000     0x17c8
 .debug_rnglists
                0x0000000000000000       0x59 main.o
 .debug_rnglists
                0x0000000000000059       0x56 startup.o
 .debug_rnglists
                0x00000000000000af       0x22 lib/libbsp.a(system.o)
 .debug_rnglists
                0x00000000000000d1       0xad lib/libbsp.a(board.o)
 .debug_rnglists
                0x000000000000017e       0x55 lib/libbsp.a(serial.o)
 .debug_rnglists
                0x00000000000001d3       0x3d lib/libbsp.a(gpio.o)
 .debug_rnglists
                0x0000000000000210       0x31 lib/libbsp.a(buggy.o)
 .debug_rnglists
                0x0000000000000241       0x42 lib/libbsp.a(pwm.o)
 .debug_rnglists
                0x0000000000000283      0x1e5 rtx/librtx.a(rtx_kernel.o)
 .debug_rnglists
                0x0000000000000468       0x13 rtx/librtx.a(rtx_lib.o)
 .debug_rnglists
                0x000000000000047b       0x4a rtx/librtx.a(rtx_memory.o)
 .debug_rnglists
                0x00000000000004c5      0x27f rtx/librtx.a(rtx_mempool.o)
 .debug_rnglists
                0x0000000000000744      0x2e1 rtx/librtx.a(rtx_msgqueue.o)
 .debug_rnglists
                0x0000000000000a25       0x5d rtx/librtx.a(rtx_system.o)
 .debug_rnglists
                0x0000000000000a82      0x712 rtx/librtx.a(rtx_thread.o)
 .debug_rnglists
                0x0000000000001194      0x128 rtx/librtx.a(rtx_timer.o)
 .debug_rnglists
                0x00000000000012bc       0x43 rtx/librtx.a(os_systick.o)
 .debug_rnglists
                0x00000000000012ff       0x19 rtx/librtx.a(RTX_Config.o)
 .debug_rnglists
                0x0000000000001318      0x41b rtx/librtx.a(rtx_evr.o)
 .debug_rnglists
                0x0000000000001733       0x95 rtx/librtx.a(rtx_mutex.o)

.debug_macro    0x0000000000000000     0x4f11
 .debug_macro   0x0000000000000000      0x1cd main.o
 .debug_macro   0x00000000000001cd      0xaa2 main.o
 .debug_macro   0x0000000000000c6f       0x22 main.o
 .debug_macro   0x0000000000000c91       0x75 main.o
 .debug_macro   0x0000000000000d06       0x2a main.o
 .debug_macro   0x0000000000000d30       0x94 main.o
 .debug_macro   0x0000000000000dc4       0x3c main.o
 .debug_macro   0x0000000000000e00       0x34 main.o
 .debug_macro   0x0000000000000e34      0x189 main.o
 .debug_macro   0x0000000000000fbd       0x16 main.o
 .debug_macro   0x0000000000000fd3       0x43 main.o
 .debug_macro   0x0000000000001016       0x57 main.o
 .debug_macro   0x000000000000106d       0x34 main.o
 .debug_macro   0x00000000000010a1       0x10 main.o
 .debug_macro   0x00000000000010b1       0x58 main.o
 .debug_macro   0x0000000000001109      0x1de main.o
 .debug_macro   0x00000000000012e7      0x369 main.o
 .debug_macro   0x0000000000001650       0x10 main.o
 .debug_macro   0x0000000000001660       0x35 main.o
 .debug_macro   0x0000000000001695      0x103 main.o
 .debug_macro   0x0000000000001798       0x6a main.o
 .debug_macro   0x0000000000001802      0x1df main.o
 .debug_macro   0x00000000000019e1       0x16 main.o
 .debug_macro   0x00000000000019f7       0x16 main.o
 .debug_macro   0x0000000000001a0d       0x29 main.o
 .debug_macro   0x0000000000001a36       0x3a main.o
 .debug_macro   0x0000000000001a70       0x40 main.o
 .debug_macro   0x0000000000001ab0       0x10 main.o
 .debug_macro   0x0000000000001ac0       0x88 main.o
 .debug_macro   0x0000000000001b48       0x58 main.o
 .debug_macro   0x0000000000001ba0       0x10 main.o
 .debug_macro   0x0000000000001bb0       0x74 main.o
 .debug_macro   0x0000000000001c24       0x2e main.o
 .debug_macro   0x0000000000001c52       0x28 main.o
 .debug_macro   0x0000000000001c7a       0x6a startup.o
 .debug_macro   0x0000000000001ce4       0x8e startup.o
 .debug_macro   0x0000000000001d72       0x51 startup.o
 .debug_macro   0x0000000000001dc3       0x29 lib/libbsp.a(system.o)
 .debug_macro   0x0000000000001dec       0xb4 lib/libbsp.a(board.o)
 .debug_macro   0x0000000000001ea0       0xe8 lib/libbsp.a(serial.o)
 .debug_macro   0x0000000000001f88      0x11a lib/libbsp.a(gpio.o)
 .debug_macro   0x00000000000020a2       0x75 lib/libbsp.a(buggy.o)
 .debug_macro   0x0000000000002117      0x18b lib/libbsp.a(pwm.o)
 .debug_macro   0x00000000000022a2      0x1f1 rtx/librtx.a(rtx_kernel.o)
 .debug_macro   0x0000000000002493      0x1a3 rtx/librtx.a(rtx_kernel.o)
 .debug_macro   0x0000000000002636       0x2e rtx/librtx.a(rtx_kernel.o)
 .debug_macro   0x0000000000002664       0x1c rtx/librtx.a(rtx_kernel.o)
 .debug_macro   0x0000000000002680       0x22 rtx/librtx.a(rtx_kernel.o)
 .debug_macro   0x00000000000026a2      0x107 rtx/librtx.a(rtx_kernel.o)
 .debug_macro   0x00000000000027a9     0x1011 rtx/librtx.a(rtx_kernel.o)
 .debug_macro   0x00000000000037ba      0x11f rtx/librtx.a(rtx_kernel.o)
 .debug_macro   0x00000000000038d9       0x22 rtx/librtx.a(rtx_kernel.o)
 .debug_macro   0x00000000000038fb       0xbb rtx/librtx.a(rtx_kernel.o)
 .debug_macro   0x00000000000039b6       0x10 rtx/librtx.a(rtx_kernel.o)
 .debug_macro   0x00000000000039c6      0x198 rtx/librtx.a(rtx_kernel.o)
 .debug_macro   0x0000000000003b5e       0x6a rtx/librtx.a(rtx_kernel.o)
 .debug_macro   0x0000000000003bc8       0x46 rtx/librtx.a(rtx_kernel.o)
 .debug_macro   0x0000000000003c0e       0xfe rtx/librtx.a(rtx_lib.o)
 .debug_macro   0x0000000000003d0c      0x101 rtx/librtx.a(rtx_lib.o)
 .debug_macro   0x0000000000003e0d      0x1fd rtx/librtx.a(rtx_memory.o)
 .debug_macro   0x000000000000400a      0x1f1 rtx/librtx.a(rtx_mempool.o)
 .debug_macro   0x00000000000041fb      0x1f1 rtx/librtx.a(rtx_msgqueue.o)
 .debug_macro   0x00000000000043ec      0x1f1 rtx/librtx.a(rtx_system.o)
 .debug_macro   0x00000000000045dd      0x1f1 rtx/librtx.a(rtx_thread.o)
 .debug_macro   0x00000000000047ce      0x1f1 rtx/librtx.a(rtx_timer.o)
 .debug_macro   0x00000000000049bf       0xd2 rtx/librtx.a(os_systick.o)
 .debug_macro   0x0000000000004a91       0xb4 rtx/librtx.a(RTX_Config.o)
 .debug_macro   0x0000000000004b45      0x177 rtx/librtx.a(rtx_evr.o)
 .debug_macro   0x0000000000004cbc       0x64 rtx/librtx.a(rtx_evr.o)
 .debug_macro   0x0000000000004d20      0x1f1 rtx/librtx.a(rtx_mutex.o)

.debug_line     0x0000000000000000     0xf367
 .debug_line    0x0000000000000000      0x525 main.o
 .debug_line    0x0000000000000525      0x31e startup.o
 .debug_line    0x0000000000000843       0x77 lib/libbsp.a(system.o)
 .debug_line    0x00000000000008ba      0xc83 lib/libbsp.a(board.o)
 .debug_line    0x000000000000153d      0x42e lib/libbsp.a(serial.o)
 .debug_line    0x000000000000196b      0x46b lib/libbsp.a(gpio.o)
 .debug_line    0x0000000000001dd6      0x2fa lib/libbsp.a(buggy.o)
 .debug_line    0x00000000000020d0      0x53a lib/libbsp.a(pwm.o)
 .debug_line    0x000000000000260a     0x1695 rtx/librtx.a(rtx_kernel.o)
 .debug_line    0x0000000000003c9f      0x2c8 rtx/librtx.a(rtx_lib.o)
 .debug_line    0x0000000000003f67      0x696 rtx/librtx.a(rtx_memory.o)
 .debug_line    0x00000000000045fd     0x15bc rtx/librtx.a(rtx_mempool.o)
 .debug_line    0x0000000000005bb9     0x1e1b rtx/librtx.a(rtx_msgqueue.o)
 .debug_line    0x00000000000079d4      0x622 rtx/librtx.a(rtx_system.o)
 .debug_line    0x0000000000007ff6     0x3e80 rtx/librtx.a(rtx_thread.o)
 .debug_line    0x000000000000be76      0xeef rtx/librtx.a(rtx_timer.o)
 .debug_line    0x000000000000cd65       0x94 rtx/librtx.a(irq_armv7m.o)
 .debug_line    0x000000000000cdf9      0x449 rtx/librtx.a(os_systick.o)
 .debug_line    0x000000000000d242      0x2a6 rtx/librtx.a(RTX_Config.o)
 .debug_line    0x000000000000d4e8      0xfe3 rtx/librtx.a(rtx_evr.o)
 .debug_line    0x000000000000e4cb      0xe9c rtx/librtx.a(rtx_mutex.o)

.debug_str      0x0000000000000000    0x14108
 .debug_str     0x0000000000000000     0x7324 main.o
                                       0x7557 (size before relaxing)
 .debug_str     0x0000000000007324      0x102 startup.o
                                       0x3e11 (size before relaxing)
 .debug_str     0x0000000000007426       0xe8 lib/libbsp.a(system.o)
                                       0x2e8a (size before relaxing)
 .debug_str     0x000000000000750e       0xe6 lib/libbsp.a(board.o)
                                       0x417d (size before relaxing)
 .debug_str     0x00000000000075f4      0x27b lib/libbsp.a(serial.o)
                                       0x4015 (size before relaxing)
 .debug_str     0x000000000000786f      0x250 lib/libbsp.a(gpio.o)
                                       0x4300 (size before relaxing)
 .debug_str     0x0000000000007abf       0x83 lib/libbsp.a(buggy.o)
                                       0x3ecb (size before relaxing)
 .debug_str     0x0000000000007b42      0x2e5 lib/libbsp.a(pwm.o)
                                       0x6f14 (size before relaxing)
 .debug_str     0x0000000000007e27     0x9bf4 rtx/librtx.a(rtx_kernel.o)
                                      0x10bd8 (size before relaxing)
 .debug_str     0x0000000000011a1b      0x278 rtx/librtx.a(rtx_lib.o)
                                       0xcf22 (size before relaxing)
 .debug_str     0x0000000000011c93       0xf8 rtx/librtx.a(rtx_memory.o)
                                       0xfa44 (size before relaxing)
 .debug_str     0x0000000000011d8b      0x696 rtx/librtx.a(rtx_mempool.o)
                                      0x1053b (size before relaxing)
 .debug_str     0x0000000000012421      0x5e4 rtx/librtx.a(rtx_msgqueue.o)
                                      0x10b50 (size before relaxing)
 .debug_str     0x0000000000012a05      0x151 rtx/librtx.a(rtx_system.o)
                                       0xffc2 (size before relaxing)
 .debug_str     0x0000000000012b56      0xb99 rtx/librtx.a(rtx_thread.o)
                                      0x1121d (size before relaxing)
 .debug_str     0x00000000000136ef      0x2a1 rtx/librtx.a(rtx_timer.o)
                                      0x101d1 (size before relaxing)
 .debug_str     0x0000000000013990       0x1b rtx/librtx.a(irq_armv7m.o)
                                         0x6d (size before relaxing)
 .debug_str     0x00000000000139ab      0x182 rtx/librtx.a(os_systick.o)
                                       0xb104 (size before relaxing)
 .debug_str     0x0000000000013b2d        0xd rtx/librtx.a(RTX_Config.o)
                                       0x5b67 (size before relaxing)
 .debug_str     0x0000000000013b3a      0x469 rtx/librtx.a(rtx_evr.o)
                                       0xa0b7 (size before relaxing)
 .debug_str     0x0000000000013fa3      0x165 rtx/librtx.a(rtx_mutex.o)
                                      0x10254 (size before relaxing)

.comment        0x0000000000000000       0x45
 .comment       0x0000000000000000       0x45 main.o
                                         0x46 (size before relaxing)
 .comment       0x0000000000000045       0x46 startup.o
 .comment       0x0000000000000045       0x46 lib/libbsp.a(system.o)
 .comment       0x0000000000000045       0x46 lib/libbsp.a(board.o)
 .comment       0x0000000000000045       0x46 lib/libbsp.a(serial.o)
 .comment       0x0000000000000045       0x46 lib/libbsp.a(gpio.o)
 .comment       0x0000000000000045       0x46 lib/libbsp.a(buggy.o)
 .comment       0x0000000000000045       0x46 lib/libbsp.a(pwm.o)
 .comment       0x0000000000000045       0x46 rtx/librtx.a(rtx_kernel.o)
 .comment       0x0000000000000045       0x46 rtx/librtx.a(rtx_lib.o)
 .comment       0x0000000000000045       0x46 rtx/librtx.a(rtx_memory.o)
 .comment       0x0000000000000045       0x46 rtx/librtx.a(rtx_mempool.o)
 .comment       0x0000000000000045       0x46 rtx/librtx.a(rtx_msgqueue.o)
 .comment       0x0000000000000045       0x46 rtx/librtx.a(rtx_system.o)
 .comment       0x0000000000000045       0x46 rtx/librtx.a(rtx_thread.o)
 .comment       0x0000000000000045       0x46 rtx/librtx.a(rtx_timer.o)
 .comment       0x0000000000000045       0x46 rtx/librtx.a(os_systick.o)
 .comment       0x0000000000000045       0x46 rtx/librtx.a(RTX_Config.o)
 .comment       0x0000000000000045       0x46 rtx/librtx.a(rtx_evr.o)
 .comment       0x0000000000000045       0x46 rtx/librtx.a(rtx_mutex.o)

.ARM.attributes
                0x0000000000000000       0x32
 .ARM.attributes
                0x0000000000000000       0x34 main.o
 .ARM.attributes
                0x0000000000000034       0x34 startup.o
 .ARM.attributes
                0x0000000000000068       0x34 lib/libbsp.a(system.o)
 .ARM.attributes
                0x000000000000009c       0x34 lib/libbsp.a(board.o)
 .ARM.attributes
                0x00000000000000d0       0x34 lib/libbsp.a(serial.o)
 .ARM.attributes
                0x0000000000000104       0x34 lib/libbsp.a(gpio.o)
 .ARM.attributes
                0x0000000000000138       0x34 lib/libbsp.a(buggy.o)
 .ARM.attributes
                0x000000000000016c       0x34 lib/libbsp.a(pwm.o)
 .ARM.attributes
                0x00000000000001a0       0x34 rtx/librtx.a(rtx_kernel.o)
 .ARM.attributes
                0x00000000000001d4       0x34 rtx/librtx.a(rtx_lib.o)
 .ARM.attributes
                0x0000000000000208       0x34 rtx/librtx.a(rtx_memory.o)
 .ARM.attributes
                0x000000000000023c       0x34 rtx/librtx.a(rtx_mempool.o)
 .ARM.attributes
                0x0000000000000270       0x34 rtx/librtx.a(rtx_msgqueue.o)
 .ARM.attributes
                0x00000000000002a4       0x34 rtx/librtx.a(rtx_system.o)
 .ARM.attributes
                0x00000000000002d8       0x34 rtx/librtx.a(rtx_thread.o)
 .ARM.attributes
                0x000000000000030c       0x34 rtx/librtx.a(rtx_timer.o)
 .ARM.attributes
                0x0000000000000340       0x22 rtx/librtx.a(irq_armv7m.o)
 .ARM.attributes
                0x0000000000000362       0x34 rtx/librtx.a(os_systick.o)
 .ARM.attributes
                0x0000000000000396       0x34 rtx/librtx.a(RTX_Config.o)
 .ARM.attributes
                0x00000000000003ca       0x34 rtx/librtx.a(rtx_evr.o)
 .ARM.attributes
                0x00000000000003fe       0x34 rtx/librtx.a(rtx_mutex.o)
 .ARM.attributes
                0x0000000000000432       0x34 /opt/arm-gcc/arm-none-eabi/lib/thumb/v7e-m+fp/hard/libc.a(libc_a-memset.o)
 .ARM.attributes
                0x0000000000000466       0x20 /opt/arm-gcc/arm-none-eabi/lib/thumb/v7e-m+fp/hard/libc.a(libc_a-strcmp.o)
 .ARM.attributes
                0x0000000000000486       0x20 /opt/arm-gcc/arm-none-eabi/lib/thumb/v7e-m+fp/hard/libc.a(libc_a-memcpy.o)
 .ARM.attributes
                0x00000000000004a6       0x22 /opt/arm-gcc/lib/gcc/arm-none-eabi/12.2.1/thumb/v7e-m+fp/hard/libgcc.a(_arm_addsubdf3.o)
 .ARM.attributes
                0x00000000000004c8       0x22 /opt/arm-gcc/lib/gcc/arm-none-eabi/12.2.1/thumb/v7e-m+fp/hard/libgcc.a(_arm_muldivdf3.o)
 .ARM.attributes
                0x00000000000004ea       0x22 /opt/arm-gcc/lib/gcc/arm-none-eabi/12.2.1/thumb/v7e-m+fp/hard/libgcc.a(_arm_fixdfsi.o)

.debug_frame    0x0000000000000000     0x258c
 .debug_frame   0x0000000000000000       0xc4 main.o
 .debug_frame   0x00000000000000c4       0xa8 startup.o
 .debug_frame   0x000000000000016c       0x2c lib/libbsp.a(system.o)
 .debug_frame   0x0000000000000198      0x188 lib/libbsp.a(board.o)
 .debug_frame   0x0000000000000320       0x9c lib/libbsp.a(serial.o)
 .debug_frame   0x00000000000003bc       0xb0 lib/libbsp.a(gpio.o)
 .debug_frame   0x000000000000046c       0xb8 lib/libbsp.a(buggy.o)
 .debug_frame   0x0000000000000524       0xa0 lib/libbsp.a(pwm.o)
 .debug_frame   0x00000000000005c4      0x2f0 rtx/librtx.a(rtx_kernel.o)
 .debug_frame   0x00000000000008b4       0x20 rtx/librtx.a(rtx_lib.o)
 .debug_frame   0x00000000000008d4       0x60 rtx/librtx.a(rtx_memory.o)
 .debug_frame   0x0000000000000934      0x278 rtx/librtx.a(rtx_mempool.o)
 .debug_frame   0x0000000000000bac      0x2b8 rtx/librtx.a(rtx_msgqueue.o)
 .debug_frame   0x0000000000000e64       0x84 rtx/librtx.a(rtx_system.o)
 .debug_frame   0x0000000000000ee8      0x61c rtx/librtx.a(rtx_thread.o)
 .debug_frame   0x0000000000001504      0x1a0 rtx/librtx.a(rtx_timer.o)
 .debug_frame   0x00000000000016a4       0xac rtx/librtx.a(os_systick.o)
 .debug_frame   0x0000000000001750       0x30 rtx/librtx.a(RTX_Config.o)
 .debug_frame   0x0000000000001780      0xae0 rtx/librtx.a(rtx_evr.o)
 .debug_frame   0x0000000000002260      0x178 rtx/librtx.a(rtx_mutex.o)
 .debug_frame   0x00000000000023d8       0x2c /opt/arm-gcc/arm-none-eabi/lib/thumb/v7e-m+fp/hard/libc.a(libc_a-memset.o)
 .debug_frame   0x0000000000002404       0x68 /opt/arm-gcc/arm-none-eabi/lib/thumb/v7e-m+fp/hard/libc.a(libc_a-strcmp.o)
 .debug_frame   0x000000000000246c       0xac /opt/arm-gcc/lib/gcc/arm-none-eabi/12.2.1/thumb/v7e-m+fp/hard/libgcc.a(_arm_addsubdf3.o)
 .debug_frame   0x0000000000002518       0x50 /opt/arm-gcc/lib/gcc/arm-none-eabi/12.2.1/thumb/v7e-m+fp/hard/libgcc.a(_arm_muldivdf3.o)
 .debug_frame   0x0000000000002568       0x24 /opt/arm-gcc/lib/gcc/arm-none-eabi/12.2.1/thumb/v7e-m+fp/hard/libgcc.a(_arm_fixdfsi.o)

.debug_line_str
                0x0000000000000000      0x1e6
 .debug_line_str
                0x0000000000000000       0x34 rtx/librtx.a(irq_armv7m.o)
 .debug_line_str
                0x0000000000000034       0xdb /opt/arm-gcc/arm-none-eabi/lib/thumb/v7e-m+fp/hard/libc.a(libc_a-strcmp.o)
 .debug_line_str
                0x000000000000010f       0x10 /opt/arm-gcc/arm-none-eabi/lib/thumb/v7e-m+fp/hard/libc.a(libc_a-memcpy.o)
                                         0xdc (size before relaxing)
 .debug_line_str
                0x000000000000011f       0xc7 /opt/arm-gcc/lib/gcc/arm-none-eabi/12.2.1/thumb/v7e-m+fp/hard/libgcc.a(_arm_addsubdf3.o)
 .debug_line_str
                0x00000000000001e6       0xc7 /opt/arm-gcc/lib/gcc/arm-none-eabi/12.2.1/thumb/v7e-m+fp/hard/libgcc.a(_arm_muldivdf3.o)
 .debug_line_str
                0x00000000000001e6       0xc7 /opt/arm-gcc/lib/gcc/arm-none-eabi/12.2.1/thumb/v7e-m+fp/hard/libgcc.a(_arm_fixdfsi.o)
