Archive member included to satisfy reference by file (symbol)

lib/libbsp.a(system.o)        startup.o (SystemInit)
lib/libbsp.a(board.o)         startup.o (led_blink)
lib/libbsp.a(serial.o)        lib/libbsp.a(board.o) (serial_init)
lib/libbsp.a(gpio.o)          lib/libbsp.a(board.o) (gpio_in)
lib/libbsp.a(audio.o)         lib/libbsp.a(board.o) (audio_init)
lib/libbsp.a(buggy.o)         main.o (buggy_init)
lib/libbsp.a(pwm.o)           lib/libbsp.a(audio.o) (pwm_init)
lib/libbsp.a(adc.o)           lib/libbsp.a(audio.o) (adc_init)
/opt/arm-gcc/arm-none-eabi/lib/thumb/v7e-m+fp/hard/libm.a(libm_a-w_pow.o)
                              lib/libbsp.a(audio.o) (pow)
/opt/arm-gcc/arm-none-eabi/lib/thumb/v7e-m+fp/hard/libm.a(libm_a-s_finite.o)
                              /opt/arm-gcc/arm-none-eabi/lib/thumb/v7e-m+fp/hard/libm.a(libm_a-w_pow.o) (finite)
/opt/arm-gcc/arm-none-eabi/lib/thumb/v7e-m+fp/hard/libm.a(libm_a-e_pow.o)
                              /opt/arm-gcc/arm-none-eabi/lib/thumb/v7e-m+fp/hard/libm.a(libm_a-w_pow.o) (__ieee754_pow)
/opt/arm-gcc/arm-none-eabi/lib/thumb/v7e-m+fp/hard/libm.a(libm_a-s_scalbn.o)
                              /opt/arm-gcc/arm-none-eabi/lib/thumb/v7e-m+fp/hard/libm.a(libm_a-e_pow.o) (scalbn)
/opt/arm-gcc/arm-none-eabi/lib/thumb/v7e-m+fp/hard/libm.a(libm_a-math_err.o)
                              /opt/arm-gcc/arm-none-eabi/lib/thumb/v7e-m+fp/hard/libm.a(libm_a-e_pow.o) (__math_uflow)
/opt/arm-gcc/arm-none-eabi/lib/thumb/v7e-m+fp/hard/libm.a(libm_a-s_fabs.o)
                              /opt/arm-gcc/arm-none-eabi/lib/thumb/v7e-m+fp/hard/libm.a(libm_a-e_pow.o) (fabs)
/opt/arm-gcc/arm-none-eabi/lib/thumb/v7e-m+fp/hard/libm.a(libm_a-e_sqrt.o)
                              /opt/arm-gcc/arm-none-eabi/lib/thumb/v7e-m+fp/hard/libm.a(libm_a-e_pow.o) (__ieee754_sqrt)
/opt/arm-gcc/arm-none-eabi/lib/thumb/v7e-m+fp/hard/libc.a(libc_a-errno.o)
                              /opt/arm-gcc/arm-none-eabi/lib/thumb/v7e-m+fp/hard/libm.a(libm_a-w_pow.o) (__errno)
/opt/arm-gcc/arm-none-eabi/lib/thumb/v7e-m+fp/hard/libc.a(libc_a-ctype_.o)
                              lib/libbsp.a(audio.o) (_ctype_)
/opt/arm-gcc/arm-none-eabi/lib/thumb/v7e-m+fp/hard/libc.a(libc_a-impure.o)
                              /opt/arm-gcc/arm-none-eabi/lib/thumb/v7e-m+fp/hard/libc.a(libc_a-errno.o) (_impure_ptr)
/opt/arm-gcc/arm-none-eabi/lib/thumb/v7e-m+fp/hard/libc.a(libc_a-findfp.o)
                              /opt/arm-gcc/arm-none-eabi/lib/thumb/v7e-m+fp/hard/libc.a(libc_a-impure.o) (__sf)
/opt/arm-gcc/arm-none-eabi/lib/thumb/v7e-m+fp/hard/libc.a(libc_a-stdio.o)
                              /opt/arm-gcc/arm-none-eabi/lib/thumb/v7e-m+fp/hard/libc.a(libc_a-findfp.o) (__sread)
/opt/arm-gcc/arm-none-eabi/lib/thumb/v7e-m+fp/hard/libc.a(libc_a-fwalk.o)
                              /opt/arm-gcc/arm-none-eabi/lib/thumb/v7e-m+fp/hard/libc.a(libc_a-findfp.o) (_fwalk_sglue)
/opt/arm-gcc/arm-none-eabi/lib/thumb/v7e-m+fp/hard/libc.a(libc_a-writer.o)
                              /opt/arm-gcc/arm-none-eabi/lib/thumb/v7e-m+fp/hard/libc.a(libc_a-stdio.o) (_write_r)
/opt/arm-gcc/arm-none-eabi/lib/thumb/v7e-m+fp/hard/libc.a(libc_a-mallocr.o)
                              /opt/arm-gcc/arm-none-eabi/lib/thumb/v7e-m+fp/hard/libc.a(libc_a-findfp.o) (_malloc_r)
/opt/arm-gcc/arm-none-eabi/lib/thumb/v7e-m+fp/hard/libc.a(libc_a-memset.o)
                              /opt/arm-gcc/arm-none-eabi/lib/thumb/v7e-m+fp/hard/libc.a(libc_a-findfp.o) (memset)
/opt/arm-gcc/arm-none-eabi/lib/thumb/v7e-m+fp/hard/libc.a(libc_a-lock.o)
                              /opt/arm-gcc/arm-none-eabi/lib/thumb/v7e-m+fp/hard/libc.a(libc_a-findfp.o) (__retarget_lock_init_recursive)
/opt/arm-gcc/arm-none-eabi/lib/thumb/v7e-m+fp/hard/libc.a(libc_a-fclose.o)
                              /opt/arm-gcc/arm-none-eabi/lib/thumb/v7e-m+fp/hard/libc.a(libc_a-findfp.o) (_fclose_r)
/opt/arm-gcc/arm-none-eabi/lib/thumb/v7e-m+fp/hard/libc.a(libc_a-sysconf.o)
                              /opt/arm-gcc/arm-none-eabi/lib/thumb/v7e-m+fp/hard/libc.a(libc_a-mallocr.o) (sysconf)
/opt/arm-gcc/arm-none-eabi/lib/thumb/v7e-m+fp/hard/libc.a(libc_a-mlock.o)
                              /opt/arm-gcc/arm-none-eabi/lib/thumb/v7e-m+fp/hard/libc.a(libc_a-mallocr.o) (__malloc_lock)
/opt/arm-gcc/arm-none-eabi/lib/thumb/v7e-m+fp/hard/libc.a(libc_a-closer.o)
                              /opt/arm-gcc/arm-none-eabi/lib/thumb/v7e-m+fp/hard/libc.a(libc_a-stdio.o) (_close_r)
/opt/arm-gcc/arm-none-eabi/lib/thumb/v7e-m+fp/hard/libc.a(libc_a-reent.o)
                              /opt/arm-gcc/arm-none-eabi/lib/thumb/v7e-m+fp/hard/libc.a(libc_a-writer.o) (errno)
/opt/arm-gcc/arm-none-eabi/lib/thumb/v7e-m+fp/hard/libc.a(libc_a-fflush.o)
                              /opt/arm-gcc/arm-none-eabi/lib/thumb/v7e-m+fp/hard/libc.a(libc_a-fclose.o) (__sflush_r)
/opt/arm-gcc/arm-none-eabi/lib/thumb/v7e-m+fp/hard/libc.a(libc_a-freer.o)
                              /opt/arm-gcc/arm-none-eabi/lib/thumb/v7e-m+fp/hard/libc.a(libc_a-mallocr.o) (_free_r)
/opt/arm-gcc/arm-none-eabi/lib/thumb/v7e-m+fp/hard/libc.a(libc_a-lseekr.o)
                              /opt/arm-gcc/arm-none-eabi/lib/thumb/v7e-m+fp/hard/libc.a(libc_a-stdio.o) (_lseek_r)
/opt/arm-gcc/arm-none-eabi/lib/thumb/v7e-m+fp/hard/libc.a(libc_a-readr.o)
                              /opt/arm-gcc/arm-none-eabi/lib/thumb/v7e-m+fp/hard/libc.a(libc_a-stdio.o) (_read_r)
/opt/arm-gcc/arm-none-eabi/lib/thumb/v7e-m+fp/hard/libc.a(libc_a-sbrkr.o)
                              /opt/arm-gcc/arm-none-eabi/lib/thumb/v7e-m+fp/hard/libc.a(libc_a-mallocr.o) (_sbrk_r)
/opt/arm-gcc/lib/gcc/arm-none-eabi/12.2.1/thumb/v7e-m+fp/hard/libgcc.a(_arm_muldf3.o)
                              lib/libbsp.a(audio.o) (__aeabi_dmul)
/opt/arm-gcc/lib/gcc/arm-none-eabi/12.2.1/thumb/v7e-m+fp/hard/libgcc.a(_arm_addsubdf3.o)
                              /opt/arm-gcc/arm-none-eabi/lib/thumb/v7e-m+fp/hard/libm.a(libm_a-e_pow.o) (__aeabi_dsub)
/opt/arm-gcc/lib/gcc/arm-none-eabi/12.2.1/thumb/v7e-m+fp/hard/libgcc.a(_arm_muldivdf3.o)
                              lib/libbsp.a(audio.o) (__aeabi_ddiv)
/opt/arm-gcc/lib/gcc/arm-none-eabi/12.2.1/thumb/v7e-m+fp/hard/libgcc.a(_arm_cmpdf2.o)
                              /opt/arm-gcc/arm-none-eabi/lib/thumb/v7e-m+fp/hard/libm.a(libm_a-w_pow.o) (__aeabi_dcmpeq)
/opt/arm-gcc/lib/gcc/arm-none-eabi/12.2.1/thumb/v7e-m+fp/hard/libgcc.a(_arm_unorddf2.o)
                              /opt/arm-gcc/arm-none-eabi/lib/thumb/v7e-m+fp/hard/libm.a(libm_a-w_pow.o) (__aeabi_dcmpun)
/opt/arm-gcc/lib/gcc/arm-none-eabi/12.2.1/thumb/v7e-m+fp/hard/libgcc.a(_arm_fixunsdfsi.o)
                              lib/libbsp.a(audio.o) (__aeabi_d2uiz)

Discarded input sections

 .group         0x0000000000000000        0xc main.o
 .group         0x0000000000000000        0xc main.o
 .group         0x0000000000000000        0xc main.o
 .group         0x0000000000000000        0xc main.o
 .group         0x0000000000000000        0xc main.o
 .group         0x0000000000000000        0xc main.o
 .group         0x0000000000000000        0xc main.o
 .group         0x0000000000000000        0xc main.o
 .text          0x0000000000000000        0x0 main.o
 .data          0x0000000000000000        0x0 main.o
 .bss           0x0000000000000000        0x0 main.o
 .group         0x0000000000000000        0xc startup.o
 .group         0x0000000000000000        0xc startup.o
 .group         0x0000000000000000        0xc startup.o
 .group         0x0000000000000000        0xc startup.o
 .group         0x0000000000000000        0xc startup.o
 .group         0x0000000000000000        0xc startup.o
 .group         0x0000000000000000        0xc startup.o
 .text          0x0000000000000000        0x0 startup.o
 .data          0x0000000000000000        0x0 startup.o
 .bss           0x0000000000000000        0x0 startup.o
 .text.GPIOTE_IRQHandler
                0x0000000000000000        0xc startup.o
 .debug_macro   0x0000000000000000      0xaa2 startup.o
 .debug_macro   0x0000000000000000       0x22 startup.o
 .debug_macro   0x0000000000000000       0x8e startup.o
 .debug_macro   0x0000000000000000       0x51 startup.o
 .debug_macro   0x0000000000000000      0x103 startup.o
 .debug_macro   0x0000000000000000       0x6a startup.o
 .debug_macro   0x0000000000000000      0x1df startup.o
 .group         0x0000000000000000        0xc lib/libbsp.a(system.o)
 .text          0x0000000000000000        0x0 lib/libbsp.a(system.o)
 .data          0x0000000000000000        0x0 lib/libbsp.a(system.o)
 .bss           0x0000000000000000        0x0 lib/libbsp.a(system.o)
 .debug_macro   0x0000000000000000      0xaa2 lib/libbsp.a(system.o)
 .group         0x0000000000000000        0xc lib/libbsp.a(board.o)
 .group         0x0000000000000000        0xc lib/libbsp.a(board.o)
 .group         0x0000000000000000        0xc lib/libbsp.a(board.o)
 .group         0x0000000000000000        0xc lib/libbsp.a(board.o)
 .group         0x0000000000000000        0xc lib/libbsp.a(board.o)
 .group         0x0000000000000000        0xc lib/libbsp.a(board.o)
 .group         0x0000000000000000        0xc lib/libbsp.a(board.o)
 .group         0x0000000000000000        0xc lib/libbsp.a(board.o)
 .group         0x0000000000000000        0xc lib/libbsp.a(board.o)
 .group         0x0000000000000000        0xc lib/libbsp.a(board.o)
 .group         0x0000000000000000        0xc lib/libbsp.a(board.o)
 .group         0x0000000000000000        0xc lib/libbsp.a(board.o)
 .text          0x0000000000000000        0x0 lib/libbsp.a(board.o)
 .data          0x0000000000000000        0x0 lib/libbsp.a(board.o)
 .bss           0x0000000000000000        0x0 lib/libbsp.a(board.o)
 .text.board_init
                0x0000000000000000       0x64 lib/libbsp.a(board.o)
 .text.leds_init
                0x0000000000000000       0x40 lib/libbsp.a(board.o)
 .text.led_display
                0x0000000000000000       0x80 lib/libbsp.a(board.o)
 .text.buttons_init
                0x0000000000000000       0x18 lib/libbsp.a(board.o)
 .text.button_get
                0x0000000000000000       0x18 lib/libbsp.a(board.o)
 .text.delay_us
                0x0000000000000000       0x84 lib/libbsp.a(board.o)
 .text.delay_ms
                0x0000000000000000       0x10 lib/libbsp.a(board.o)
 .text.clear_display
                0x0000000000000000       0x44 lib/libbsp.a(board.o)
 .text.led_on   0x0000000000000000       0x20 lib/libbsp.a(board.o)
 .text.led_off  0x0000000000000000       0x20 lib/libbsp.a(board.o)
 .text.led_glow
                0x0000000000000000       0x2c lib/libbsp.a(board.o)
 .rodata.btn_list
                0x0000000000000000        0x2 lib/libbsp.a(board.o)
 .debug_macro   0x0000000000000000      0xaa2 lib/libbsp.a(board.o)
 .debug_macro   0x0000000000000000       0x22 lib/libbsp.a(board.o)
 .debug_macro   0x0000000000000000       0x8e lib/libbsp.a(board.o)
 .debug_macro   0x0000000000000000       0x51 lib/libbsp.a(board.o)
 .debug_macro   0x0000000000000000      0x103 lib/libbsp.a(board.o)
 .debug_macro   0x0000000000000000       0x6a lib/libbsp.a(board.o)
 .debug_macro   0x0000000000000000      0x1df lib/libbsp.a(board.o)
 .group         0x0000000000000000        0xc lib/libbsp.a(serial.o)
 .group         0x0000000000000000        0xc lib/libbsp.a(serial.o)
 .group         0x0000000000000000        0xc lib/libbsp.a(serial.o)
 .group         0x0000000000000000        0xc lib/libbsp.a(serial.o)
 .group         0x0000000000000000        0xc lib/libbsp.a(serial.o)
 .group         0x0000000000000000        0xc lib/libbsp.a(serial.o)
 .group         0x0000000000000000        0xc lib/libbsp.a(serial.o)
 .group         0x0000000000000000        0xc lib/libbsp.a(serial.o)
 .text          0x0000000000000000        0x0 lib/libbsp.a(serial.o)
 .data          0x0000000000000000        0x0 lib/libbsp.a(serial.o)
 .bss           0x0000000000000000        0x0 lib/libbsp.a(serial.o)
 .text.serial_init
                0x0000000000000000       0x50 lib/libbsp.a(serial.o)
 .text.getc_nowait
                0x0000000000000000       0x10 lib/libbsp.a(serial.o)
 .text.getc     0x0000000000000000       0x1c lib/libbsp.a(serial.o)
 .text.putc_nowait
                0x0000000000000000        0xc lib/libbsp.a(serial.o)
 .text.putc     0x0000000000000000       0x1c lib/libbsp.a(serial.o)
 .text.puts     0x0000000000000000       0x28 lib/libbsp.a(serial.o)
 .text.print_buf
                0x0000000000000000       0x34 lib/libbsp.a(serial.o)
 .debug_info    0x0000000000000000      0x29d lib/libbsp.a(serial.o)
 .debug_abbrev  0x0000000000000000      0x183 lib/libbsp.a(serial.o)
 .debug_loclists
                0x0000000000000000      0x147 lib/libbsp.a(serial.o)
 .debug_aranges
                0x0000000000000000       0x50 lib/libbsp.a(serial.o)
 .debug_rnglists
                0x0000000000000000       0x55 lib/libbsp.a(serial.o)
 .debug_macro   0x0000000000000000       0xe8 lib/libbsp.a(serial.o)
 .debug_macro   0x0000000000000000      0xaa2 lib/libbsp.a(serial.o)
 .debug_macro   0x0000000000000000       0x22 lib/libbsp.a(serial.o)
 .debug_macro   0x0000000000000000       0x8e lib/libbsp.a(serial.o)
 .debug_macro   0x0000000000000000       0x51 lib/libbsp.a(serial.o)
 .debug_macro   0x0000000000000000      0x103 lib/libbsp.a(serial.o)
 .debug_macro   0x0000000000000000       0x6a lib/libbsp.a(serial.o)
 .debug_macro   0x0000000000000000      0x1df lib/libbsp.a(serial.o)
 .debug_macro   0x0000000000000000       0x3a lib/libbsp.a(serial.o)
 .debug_line    0x0000000000000000      0x42a lib/libbsp.a(serial.o)
 .debug_str     0x0000000000000000     0x402e lib/libbsp.a(serial.o)
 .comment       0x0000000000000000       0x46 lib/libbsp.a(serial.o)
 .debug_frame   0x0000000000000000       0x9c lib/libbsp.a(serial.o)
 .ARM.attributes
                0x0000000000000000       0x34 lib/libbsp.a(serial.o)
 .group         0x0000000000000000        0xc lib/libbsp.a(gpio.o)
 .group         0x0000000000000000        0xc lib/libbsp.a(gpio.o)
 .group         0x0000000000000000        0xc lib/libbsp.a(gpio.o)
 .group         0x0000000000000000        0xc lib/libbsp.a(gpio.o)
 .group         0x0000000000000000        0xc lib/libbsp.a(gpio.o)
 .group         0x0000000000000000        0xc lib/libbsp.a(gpio.o)
 .group         0x0000000000000000        0xc lib/libbsp.a(gpio.o)
 .group         0x0000000000000000        0xc lib/libbsp.a(gpio.o)
 .group         0x0000000000000000        0xc lib/libbsp.a(gpio.o)
 .group         0x0000000000000000        0xc lib/libbsp.a(gpio.o)
 .group         0x0000000000000000        0xc lib/libbsp.a(gpio.o)
 .group         0x0000000000000000        0xc lib/libbsp.a(gpio.o)
 .text          0x0000000000000000        0x0 lib/libbsp.a(gpio.o)
 .data          0x0000000000000000        0x0 lib/libbsp.a(gpio.o)
 .bss           0x0000000000000000        0x0 lib/libbsp.a(gpio.o)
 .text.gpio_in  0x0000000000000000       0x18 lib/libbsp.a(gpio.o)
 .text.gpio_out
                0x0000000000000000       0x38 lib/libbsp.a(gpio.o)
 .text.gpio_write
                0x0000000000000000       0x38 lib/libbsp.a(gpio.o)
 .text.gpio_read
                0x0000000000000000       0x20 lib/libbsp.a(gpio.o)
 .text.gpio_inten
                0x0000000000000000       0x4c lib/libbsp.a(gpio.o)
 .debug_macro   0x0000000000000000      0xaa2 lib/libbsp.a(gpio.o)
 .debug_macro   0x0000000000000000       0x22 lib/libbsp.a(gpio.o)
 .debug_macro   0x0000000000000000       0x8e lib/libbsp.a(gpio.o)
 .debug_macro   0x0000000000000000       0x51 lib/libbsp.a(gpio.o)
 .debug_macro   0x0000000000000000      0x103 lib/libbsp.a(gpio.o)
 .debug_macro   0x0000000000000000       0x6a lib/libbsp.a(gpio.o)
 .debug_macro   0x0000000000000000      0x1df lib/libbsp.a(gpio.o)
 .debug_macro   0x0000000000000000       0x3a lib/libbsp.a(gpio.o)
 .debug_macro   0x0000000000000000       0x40 lib/libbsp.a(gpio.o)
 .debug_macro   0x0000000000000000       0x10 lib/libbsp.a(gpio.o)
 .debug_macro   0x0000000000000000       0x88 lib/libbsp.a(gpio.o)
 .debug_macro   0x0000000000000000       0x58 lib/libbsp.a(gpio.o)
 .group         0x0000000000000000        0xc lib/libbsp.a(audio.o)
 .group         0x0000000000000000        0xc lib/libbsp.a(audio.o)
 .group         0x0000000000000000        0xc lib/libbsp.a(audio.o)
 .group         0x0000000000000000        0xc lib/libbsp.a(audio.o)
 .group         0x0000000000000000        0xc lib/libbsp.a(audio.o)
 .group         0x0000000000000000        0xc lib/libbsp.a(audio.o)
 .group         0x0000000000000000        0xc lib/libbsp.a(audio.o)
 .group         0x0000000000000000        0xc lib/libbsp.a(audio.o)
 .group         0x0000000000000000        0xc lib/libbsp.a(audio.o)
 .group         0x0000000000000000        0xc lib/libbsp.a(audio.o)
 .group         0x0000000000000000        0xc lib/libbsp.a(audio.o)
 .group         0x0000000000000000        0xc lib/libbsp.a(audio.o)
 .group         0x0000000000000000        0xc lib/libbsp.a(audio.o)
 .group         0x0000000000000000        0xc lib/libbsp.a(audio.o)
 .group         0x0000000000000000        0xc lib/libbsp.a(audio.o)
 .group         0x0000000000000000        0xc lib/libbsp.a(audio.o)
 .group         0x0000000000000000        0xc lib/libbsp.a(audio.o)
 .group         0x0000000000000000        0xc lib/libbsp.a(audio.o)
 .group         0x0000000000000000        0xc lib/libbsp.a(audio.o)
 .group         0x0000000000000000        0xc lib/libbsp.a(audio.o)
 .group         0x0000000000000000        0xc lib/libbsp.a(audio.o)
 .group         0x0000000000000000        0xc lib/libbsp.a(audio.o)
 .group         0x0000000000000000        0xc lib/libbsp.a(audio.o)
 .group         0x0000000000000000        0xc lib/libbsp.a(audio.o)
 .group         0x0000000000000000        0xc lib/libbsp.a(audio.o)
 .text          0x0000000000000000        0x0 lib/libbsp.a(audio.o)
 .data          0x0000000000000000        0x0 lib/libbsp.a(audio.o)
 .bss           0x0000000000000000        0x0 lib/libbsp.a(audio.o)
 .text.audio_init
                0x0000000000000000       0x38 lib/libbsp.a(audio.o)
 .text.audio_volume
                0x0000000000000000        0xc lib/libbsp.a(audio.o)
 .text.audio_beep
                0x0000000000000000       0x18 lib/libbsp.a(audio.o)
 .text.audio_sweep
                0x0000000000000000       0x3c lib/libbsp.a(audio.o)
 .text.music_init
                0x0000000000000000       0x80 lib/libbsp.a(audio.o)
 .text.music_play
                0x0000000000000000       0xa8 lib/libbsp.a(audio.o)
 .text.clap_detect
                0x0000000000000000       0x7c lib/libbsp.a(audio.o)
 .bss.prev.0    0x0000000000000000        0x8 lib/libbsp.a(audio.o)
 .bss.samples   0x0000000000000000      0x140 lib/libbsp.a(audio.o)
 .bss.scale_frequencies
                0x0000000000000000       0xaa lib/libbsp.a(audio.o)
 .rodata.note_pos
                0x0000000000000000        0x7 lib/libbsp.a(audio.o)
 .bss.duty_cycle
                0x0000000000000000        0x4 lib/libbsp.a(audio.o)
 .debug_info    0x0000000000000000      0x71c lib/libbsp.a(audio.o)
 .debug_abbrev  0x0000000000000000      0x26c lib/libbsp.a(audio.o)
 .debug_loclists
                0x0000000000000000      0x3a1 lib/libbsp.a(audio.o)
 .debug_aranges
                0x0000000000000000       0x50 lib/libbsp.a(audio.o)
 .debug_rnglists
                0x0000000000000000       0x7e lib/libbsp.a(audio.o)
 .debug_macro   0x0000000000000000      0x17c lib/libbsp.a(audio.o)
 .debug_macro   0x0000000000000000      0xaa2 lib/libbsp.a(audio.o)
 .debug_macro   0x0000000000000000       0x22 lib/libbsp.a(audio.o)
 .debug_macro   0x0000000000000000       0x8e lib/libbsp.a(audio.o)
 .debug_macro   0x0000000000000000       0x51 lib/libbsp.a(audio.o)
 .debug_macro   0x0000000000000000      0x103 lib/libbsp.a(audio.o)
 .debug_macro   0x0000000000000000       0x6a lib/libbsp.a(audio.o)
 .debug_macro   0x0000000000000000      0x1df lib/libbsp.a(audio.o)
 .debug_macro   0x0000000000000000       0x7b lib/libbsp.a(audio.o)
 .debug_macro   0x0000000000000000       0x2a lib/libbsp.a(audio.o)
 .debug_macro   0x0000000000000000       0x3c lib/libbsp.a(audio.o)
 .debug_macro   0x0000000000000000       0x34 lib/libbsp.a(audio.o)
 .debug_macro   0x0000000000000000      0x189 lib/libbsp.a(audio.o)
 .debug_macro   0x0000000000000000       0x16 lib/libbsp.a(audio.o)
 .debug_macro   0x0000000000000000       0x43 lib/libbsp.a(audio.o)
 .debug_macro   0x0000000000000000       0x34 lib/libbsp.a(audio.o)
 .debug_macro   0x0000000000000000       0x10 lib/libbsp.a(audio.o)
 .debug_macro   0x0000000000000000       0x58 lib/libbsp.a(audio.o)
 .debug_macro   0x0000000000000000      0x1de lib/libbsp.a(audio.o)
 .debug_macro   0x0000000000000000      0x369 lib/libbsp.a(audio.o)
 .debug_macro   0x0000000000000000      0x19b lib/libbsp.a(audio.o)
 .debug_macro   0x0000000000000000      0x119 lib/libbsp.a(audio.o)
 .debug_macro   0x0000000000000000       0x3a lib/libbsp.a(audio.o)
 .debug_macro   0x0000000000000000       0x40 lib/libbsp.a(audio.o)
 .debug_macro   0x0000000000000000       0x10 lib/libbsp.a(audio.o)
 .debug_macro   0x0000000000000000       0x58 lib/libbsp.a(audio.o)
 .debug_line    0x0000000000000000      0x678 lib/libbsp.a(audio.o)
 .debug_str     0x0000000000000000     0x804e lib/libbsp.a(audio.o)
 .comment       0x0000000000000000       0x46 lib/libbsp.a(audio.o)
 .debug_frame   0x0000000000000000       0xe8 lib/libbsp.a(audio.o)
 .ARM.attributes
                0x0000000000000000       0x34 lib/libbsp.a(audio.o)
 .group         0x0000000000000000        0xc lib/libbsp.a(buggy.o)
 .group         0x0000000000000000        0xc lib/libbsp.a(buggy.o)
 .group         0x0000000000000000        0xc lib/libbsp.a(buggy.o)
 .group         0x0000000000000000        0xc lib/libbsp.a(buggy.o)
 .group         0x0000000000000000        0xc lib/libbsp.a(buggy.o)
 .group         0x0000000000000000        0xc lib/libbsp.a(buggy.o)
 .group         0x0000000000000000        0xc lib/libbsp.a(buggy.o)
 .group         0x0000000000000000        0xc lib/libbsp.a(buggy.o)
 .group         0x0000000000000000        0xc lib/libbsp.a(buggy.o)
 .text          0x0000000000000000        0x0 lib/libbsp.a(buggy.o)
 .data          0x0000000000000000        0x0 lib/libbsp.a(buggy.o)
 .bss           0x0000000000000000        0x0 lib/libbsp.a(buggy.o)
 .debug_macro   0x0000000000000000      0xaa2 lib/libbsp.a(buggy.o)
 .debug_macro   0x0000000000000000       0x22 lib/libbsp.a(buggy.o)
 .debug_macro   0x0000000000000000       0x8e lib/libbsp.a(buggy.o)
 .debug_macro   0x0000000000000000       0x51 lib/libbsp.a(buggy.o)
 .debug_macro   0x0000000000000000      0x103 lib/libbsp.a(buggy.o)
 .debug_macro   0x0000000000000000       0x6a lib/libbsp.a(buggy.o)
 .debug_macro   0x0000000000000000      0x1df lib/libbsp.a(buggy.o)
 .debug_macro   0x0000000000000000       0x40 lib/libbsp.a(buggy.o)
 .debug_macro   0x0000000000000000       0x2e lib/libbsp.a(buggy.o)
 .group         0x0000000000000000        0xc lib/libbsp.a(pwm.o)
 .group         0x0000000000000000        0xc lib/libbsp.a(pwm.o)
 .group         0x0000000000000000        0xc lib/libbsp.a(pwm.o)
 .group         0x0000000000000000        0xc lib/libbsp.a(pwm.o)
 .group         0x0000000000000000        0xc lib/libbsp.a(pwm.o)
 .group         0x0000000000000000        0xc lib/libbsp.a(pwm.o)
 .group         0x0000000000000000        0xc lib/libbsp.a(pwm.o)
 .group         0x0000000000000000        0xc lib/libbsp.a(pwm.o)
 .group         0x0000000000000000        0xc lib/libbsp.a(pwm.o)
 .group         0x0000000000000000        0xc lib/libbsp.a(pwm.o)
 .group         0x0000000000000000        0xc lib/libbsp.a(pwm.o)
 .group         0x0000000000000000        0xc lib/libbsp.a(pwm.o)
 .group         0x0000000000000000        0xc lib/libbsp.a(pwm.o)
 .group         0x0000000000000000        0xc lib/libbsp.a(pwm.o)
 .group         0x0000000000000000        0xc lib/libbsp.a(pwm.o)
 .group         0x0000000000000000        0xc lib/libbsp.a(pwm.o)
 .group         0x0000000000000000        0xc lib/libbsp.a(pwm.o)
 .group         0x0000000000000000        0xc lib/libbsp.a(pwm.o)
 .group         0x0000000000000000        0xc lib/libbsp.a(pwm.o)
 .group         0x0000000000000000        0xc lib/libbsp.a(pwm.o)
 .group         0x0000000000000000        0xc lib/libbsp.a(pwm.o)
 .group         0x0000000000000000        0xc lib/libbsp.a(pwm.o)
 .text          0x0000000000000000        0x0 lib/libbsp.a(pwm.o)
 .data          0x0000000000000000        0x0 lib/libbsp.a(pwm.o)
 .bss           0x0000000000000000        0x0 lib/libbsp.a(pwm.o)
 .text.IOREG32  0x0000000000000000       0x28 lib/libbsp.a(pwm.o)
 .text.pwm_out  0x0000000000000000       0x5c lib/libbsp.a(pwm.o)
 .text.pwm_off  0x0000000000000000       0x20 lib/libbsp.a(pwm.o)
 .debug_macro   0x0000000000000000      0xaa2 lib/libbsp.a(pwm.o)
 .debug_macro   0x0000000000000000       0x22 lib/libbsp.a(pwm.o)
 .debug_macro   0x0000000000000000       0x8e lib/libbsp.a(pwm.o)
 .debug_macro   0x0000000000000000       0x51 lib/libbsp.a(pwm.o)
 .debug_macro   0x0000000000000000      0x103 lib/libbsp.a(pwm.o)
 .debug_macro   0x0000000000000000       0x6a lib/libbsp.a(pwm.o)
 .debug_macro   0x0000000000000000      0x1df lib/libbsp.a(pwm.o)
 .debug_macro   0x0000000000000000       0x7b lib/libbsp.a(pwm.o)
 .debug_macro   0x0000000000000000       0x2a lib/libbsp.a(pwm.o)
 .debug_macro   0x0000000000000000       0x3c lib/libbsp.a(pwm.o)
 .debug_macro   0x0000000000000000       0x34 lib/libbsp.a(pwm.o)
 .debug_macro   0x0000000000000000      0x189 lib/libbsp.a(pwm.o)
 .debug_macro   0x0000000000000000       0x16 lib/libbsp.a(pwm.o)
 .debug_macro   0x0000000000000000       0x43 lib/libbsp.a(pwm.o)
 .debug_macro   0x0000000000000000       0x34 lib/libbsp.a(pwm.o)
 .debug_macro   0x0000000000000000       0x10 lib/libbsp.a(pwm.o)
 .debug_macro   0x0000000000000000       0x58 lib/libbsp.a(pwm.o)
 .debug_macro   0x0000000000000000      0x1de lib/libbsp.a(pwm.o)
 .debug_macro   0x0000000000000000      0x369 lib/libbsp.a(pwm.o)
 .debug_macro   0x0000000000000000       0x40 lib/libbsp.a(pwm.o)
 .group         0x0000000000000000        0xc lib/libbsp.a(adc.o)
 .group         0x0000000000000000        0xc lib/libbsp.a(adc.o)
 .group         0x0000000000000000        0xc lib/libbsp.a(adc.o)
 .group         0x0000000000000000        0xc lib/libbsp.a(adc.o)
 .group         0x0000000000000000        0xc lib/libbsp.a(adc.o)
 .group         0x0000000000000000        0xc lib/libbsp.a(adc.o)
 .group         0x0000000000000000        0xc lib/libbsp.a(adc.o)
 .group         0x0000000000000000        0xc lib/libbsp.a(adc.o)
 .group         0x0000000000000000        0xc lib/libbsp.a(adc.o)
 .group         0x0000000000000000        0xc lib/libbsp.a(adc.o)
 .group         0x0000000000000000        0xc lib/libbsp.a(adc.o)
 .group         0x0000000000000000        0xc lib/libbsp.a(adc.o)
 .group         0x0000000000000000        0xc lib/libbsp.a(adc.o)
 .group         0x0000000000000000        0xc lib/libbsp.a(adc.o)
 .group         0x0000000000000000        0xc lib/libbsp.a(adc.o)
 .group         0x0000000000000000        0xc lib/libbsp.a(adc.o)
 .group         0x0000000000000000        0xc lib/libbsp.a(adc.o)
 .group         0x0000000000000000        0xc lib/libbsp.a(adc.o)
 .group         0x0000000000000000        0xc lib/libbsp.a(adc.o)
 .group         0x0000000000000000        0xc lib/libbsp.a(adc.o)
 .group         0x0000000000000000        0xc lib/libbsp.a(adc.o)
 .group         0x0000000000000000        0xc lib/libbsp.a(adc.o)
 .text          0x0000000000000000        0x0 lib/libbsp.a(adc.o)
 .data          0x0000000000000000        0x0 lib/libbsp.a(adc.o)
 .bss           0x0000000000000000        0x0 lib/libbsp.a(adc.o)
 .text.adc_init
                0x0000000000000000       0x34 lib/libbsp.a(adc.o)
 .text.adc_in   0x0000000000000000       0x30 lib/libbsp.a(adc.o)
 .text.adc_read
                0x0000000000000000       0x24 lib/libbsp.a(adc.o)
 .debug_info    0x0000000000000000      0x19f lib/libbsp.a(adc.o)
 .debug_abbrev  0x0000000000000000      0x128 lib/libbsp.a(adc.o)
 .debug_loclists
                0x0000000000000000       0x44 lib/libbsp.a(adc.o)
 .debug_aranges
                0x0000000000000000       0x30 lib/libbsp.a(adc.o)
 .debug_rnglists
                0x0000000000000000       0x2b lib/libbsp.a(adc.o)
 .debug_macro   0x0000000000000000      0x1af lib/libbsp.a(adc.o)
 .debug_macro   0x0000000000000000      0xaa2 lib/libbsp.a(adc.o)
 .debug_macro   0x0000000000000000       0x22 lib/libbsp.a(adc.o)
 .debug_macro   0x0000000000000000       0x8e lib/libbsp.a(adc.o)
 .debug_macro   0x0000000000000000       0x51 lib/libbsp.a(adc.o)
 .debug_macro   0x0000000000000000      0x103 lib/libbsp.a(adc.o)
 .debug_macro   0x0000000000000000       0x6a lib/libbsp.a(adc.o)
 .debug_macro   0x0000000000000000      0x1df lib/libbsp.a(adc.o)
 .debug_macro   0x0000000000000000       0x7b lib/libbsp.a(adc.o)
 .debug_macro   0x0000000000000000       0x2a lib/libbsp.a(adc.o)
 .debug_macro   0x0000000000000000       0x3c lib/libbsp.a(adc.o)
 .debug_macro   0x0000000000000000       0x34 lib/libbsp.a(adc.o)
 .debug_macro   0x0000000000000000      0x189 lib/libbsp.a(adc.o)
 .debug_macro   0x0000000000000000       0x16 lib/libbsp.a(adc.o)
 .debug_macro   0x0000000000000000       0x43 lib/libbsp.a(adc.o)
 .debug_macro   0x0000000000000000       0x34 lib/libbsp.a(adc.o)
 .debug_macro   0x0000000000000000       0x10 lib/libbsp.a(adc.o)
 .debug_macro   0x0000000000000000       0x58 lib/libbsp.a(adc.o)
 .debug_macro   0x0000000000000000      0x1de lib/libbsp.a(adc.o)
 .debug_macro   0x0000000000000000      0x369 lib/libbsp.a(adc.o)
 .debug_macro   0x0000000000000000       0x10 lib/libbsp.a(adc.o)
 .debug_macro   0x0000000000000000       0x35 lib/libbsp.a(adc.o)
 .debug_macro   0x0000000000000000       0x10 lib/libbsp.a(adc.o)
 .debug_line    0x0000000000000000      0x3b1 lib/libbsp.a(adc.o)
 .debug_str     0x0000000000000000     0x6e8c lib/libbsp.a(adc.o)
 .comment       0x0000000000000000       0x46 lib/libbsp.a(adc.o)
 .debug_frame   0x0000000000000000       0x54 lib/libbsp.a(adc.o)
 .ARM.attributes
                0x0000000000000000       0x34 lib/libbsp.a(adc.o)
 .text          0x0000000000000000        0x0 /opt/arm-gcc/arm-none-eabi/lib/thumb/v7e-m+fp/hard/libm.a(libm_a-w_pow.o)
 .data          0x0000000000000000        0x0 /opt/arm-gcc/arm-none-eabi/lib/thumb/v7e-m+fp/hard/libm.a(libm_a-w_pow.o)
 .bss           0x0000000000000000        0x0 /opt/arm-gcc/arm-none-eabi/lib/thumb/v7e-m+fp/hard/libm.a(libm_a-w_pow.o)
 .text.pow      0x0000000000000000       0xf0 /opt/arm-gcc/arm-none-eabi/lib/thumb/v7e-m+fp/hard/libm.a(libm_a-w_pow.o)
 .debug_frame   0x0000000000000000       0x44 /opt/arm-gcc/arm-none-eabi/lib/thumb/v7e-m+fp/hard/libm.a(libm_a-w_pow.o)
 .ARM.attributes
                0x0000000000000000       0x34 /opt/arm-gcc/arm-none-eabi/lib/thumb/v7e-m+fp/hard/libm.a(libm_a-w_pow.o)
 .text          0x0000000000000000        0x0 /opt/arm-gcc/arm-none-eabi/lib/thumb/v7e-m+fp/hard/libm.a(libm_a-s_finite.o)
 .data          0x0000000000000000        0x0 /opt/arm-gcc/arm-none-eabi/lib/thumb/v7e-m+fp/hard/libm.a(libm_a-s_finite.o)
 .bss           0x0000000000000000        0x0 /opt/arm-gcc/arm-none-eabi/lib/thumb/v7e-m+fp/hard/libm.a(libm_a-s_finite.o)
 .text.finite   0x0000000000000000       0x18 /opt/arm-gcc/arm-none-eabi/lib/thumb/v7e-m+fp/hard/libm.a(libm_a-s_finite.o)
 .debug_frame   0x0000000000000000       0x28 /opt/arm-gcc/arm-none-eabi/lib/thumb/v7e-m+fp/hard/libm.a(libm_a-s_finite.o)
 .ARM.attributes
                0x0000000000000000       0x34 /opt/arm-gcc/arm-none-eabi/lib/thumb/v7e-m+fp/hard/libm.a(libm_a-s_finite.o)
 .text          0x0000000000000000        0x0 /opt/arm-gcc/arm-none-eabi/lib/thumb/v7e-m+fp/hard/libm.a(libm_a-e_pow.o)
 .data          0x0000000000000000        0x0 /opt/arm-gcc/arm-none-eabi/lib/thumb/v7e-m+fp/hard/libm.a(libm_a-e_pow.o)
 .bss           0x0000000000000000        0x0 /opt/arm-gcc/arm-none-eabi/lib/thumb/v7e-m+fp/hard/libm.a(libm_a-e_pow.o)
 .text.__ieee754_pow
                0x0000000000000000      0xbdc /opt/arm-gcc/arm-none-eabi/lib/thumb/v7e-m+fp/hard/libm.a(libm_a-e_pow.o)
 .debug_frame   0x0000000000000000       0x7c /opt/arm-gcc/arm-none-eabi/lib/thumb/v7e-m+fp/hard/libm.a(libm_a-e_pow.o)
 .ARM.attributes
                0x0000000000000000       0x34 /opt/arm-gcc/arm-none-eabi/lib/thumb/v7e-m+fp/hard/libm.a(libm_a-e_pow.o)
 .text          0x0000000000000000        0x0 /opt/arm-gcc/arm-none-eabi/lib/thumb/v7e-m+fp/hard/libm.a(libm_a-s_scalbn.o)
 .data          0x0000000000000000        0x0 /opt/arm-gcc/arm-none-eabi/lib/thumb/v7e-m+fp/hard/libm.a(libm_a-s_scalbn.o)
 .bss           0x0000000000000000        0x0 /opt/arm-gcc/arm-none-eabi/lib/thumb/v7e-m+fp/hard/libm.a(libm_a-s_scalbn.o)
 .text.scalbn   0x0000000000000000      0x114 /opt/arm-gcc/arm-none-eabi/lib/thumb/v7e-m+fp/hard/libm.a(libm_a-s_scalbn.o)
 .debug_frame   0x0000000000000000       0x2c /opt/arm-gcc/arm-none-eabi/lib/thumb/v7e-m+fp/hard/libm.a(libm_a-s_scalbn.o)
 .ARM.attributes
                0x0000000000000000       0x34 /opt/arm-gcc/arm-none-eabi/lib/thumb/v7e-m+fp/hard/libm.a(libm_a-s_scalbn.o)
 .text          0x0000000000000000        0x0 /opt/arm-gcc/arm-none-eabi/lib/thumb/v7e-m+fp/hard/libm.a(libm_a-math_err.o)
 .data          0x0000000000000000        0x0 /opt/arm-gcc/arm-none-eabi/lib/thumb/v7e-m+fp/hard/libm.a(libm_a-math_err.o)
 .bss           0x0000000000000000        0x0 /opt/arm-gcc/arm-none-eabi/lib/thumb/v7e-m+fp/hard/libm.a(libm_a-math_err.o)
 .text.with_errno
                0x0000000000000000       0x24 /opt/arm-gcc/arm-none-eabi/lib/thumb/v7e-m+fp/hard/libm.a(libm_a-math_err.o)
 .text.xflow    0x0000000000000000       0x34 /opt/arm-gcc/arm-none-eabi/lib/thumb/v7e-m+fp/hard/libm.a(libm_a-math_err.o)
 .text.__math_uflow
                0x0000000000000000       0x10 /opt/arm-gcc/arm-none-eabi/lib/thumb/v7e-m+fp/hard/libm.a(libm_a-math_err.o)
 .text.__math_may_uflow
                0x0000000000000000       0x10 /opt/arm-gcc/arm-none-eabi/lib/thumb/v7e-m+fp/hard/libm.a(libm_a-math_err.o)
 .text.__math_oflow
                0x0000000000000000       0x10 /opt/arm-gcc/arm-none-eabi/lib/thumb/v7e-m+fp/hard/libm.a(libm_a-math_err.o)
 .text.__math_divzero
                0x0000000000000000       0x38 /opt/arm-gcc/arm-none-eabi/lib/thumb/v7e-m+fp/hard/libm.a(libm_a-math_err.o)
 .text.__math_invalid
                0x0000000000000000       0x4c /opt/arm-gcc/arm-none-eabi/lib/thumb/v7e-m+fp/hard/libm.a(libm_a-math_err.o)
 .text.__math_check_uflow
                0x0000000000000000       0x38 /opt/arm-gcc/arm-none-eabi/lib/thumb/v7e-m+fp/hard/libm.a(libm_a-math_err.o)
 .text.__math_check_oflow
                0x0000000000000000       0x44 /opt/arm-gcc/arm-none-eabi/lib/thumb/v7e-m+fp/hard/libm.a(libm_a-math_err.o)
 .debug_frame   0x0000000000000000      0x14c /opt/arm-gcc/arm-none-eabi/lib/thumb/v7e-m+fp/hard/libm.a(libm_a-math_err.o)
 .ARM.attributes
                0x0000000000000000       0x34 /opt/arm-gcc/arm-none-eabi/lib/thumb/v7e-m+fp/hard/libm.a(libm_a-math_err.o)
 .text          0x0000000000000000        0x0 /opt/arm-gcc/arm-none-eabi/lib/thumb/v7e-m+fp/hard/libm.a(libm_a-s_fabs.o)
 .data          0x0000000000000000        0x0 /opt/arm-gcc/arm-none-eabi/lib/thumb/v7e-m+fp/hard/libm.a(libm_a-s_fabs.o)
 .bss           0x0000000000000000        0x0 /opt/arm-gcc/arm-none-eabi/lib/thumb/v7e-m+fp/hard/libm.a(libm_a-s_fabs.o)
 .text.fabs     0x0000000000000000       0x10 /opt/arm-gcc/arm-none-eabi/lib/thumb/v7e-m+fp/hard/libm.a(libm_a-s_fabs.o)
 .debug_frame   0x0000000000000000       0x20 /opt/arm-gcc/arm-none-eabi/lib/thumb/v7e-m+fp/hard/libm.a(libm_a-s_fabs.o)
 .ARM.attributes
                0x0000000000000000       0x34 /opt/arm-gcc/arm-none-eabi/lib/thumb/v7e-m+fp/hard/libm.a(libm_a-s_fabs.o)
 .text          0x0000000000000000        0x0 /opt/arm-gcc/arm-none-eabi/lib/thumb/v7e-m+fp/hard/libm.a(libm_a-e_sqrt.o)
 .data          0x0000000000000000        0x0 /opt/arm-gcc/arm-none-eabi/lib/thumb/v7e-m+fp/hard/libm.a(libm_a-e_sqrt.o)
 .bss           0x0000000000000000        0x0 /opt/arm-gcc/arm-none-eabi/lib/thumb/v7e-m+fp/hard/libm.a(libm_a-e_sqrt.o)
 .text.__ieee754_sqrt
                0x0000000000000000      0x1f4 /opt/arm-gcc/arm-none-eabi/lib/thumb/v7e-m+fp/hard/libm.a(libm_a-e_sqrt.o)
 .data.tiny     0x0000000000000000        0x8 /opt/arm-gcc/arm-none-eabi/lib/thumb/v7e-m+fp/hard/libm.a(libm_a-e_sqrt.o)
 .data.one      0x0000000000000000        0x8 /opt/arm-gcc/arm-none-eabi/lib/thumb/v7e-m+fp/hard/libm.a(libm_a-e_sqrt.o)
 .debug_frame   0x0000000000000000       0x38 /opt/arm-gcc/arm-none-eabi/lib/thumb/v7e-m+fp/hard/libm.a(libm_a-e_sqrt.o)
 .ARM.attributes
                0x0000000000000000       0x34 /opt/arm-gcc/arm-none-eabi/lib/thumb/v7e-m+fp/hard/libm.a(libm_a-e_sqrt.o)
 .text          0x0000000000000000        0x0 /opt/arm-gcc/arm-none-eabi/lib/thumb/v7e-m+fp/hard/libc.a(libc_a-errno.o)
 .data          0x0000000000000000        0x0 /opt/arm-gcc/arm-none-eabi/lib/thumb/v7e-m+fp/hard/libc.a(libc_a-errno.o)
 .bss           0x0000000000000000        0x0 /opt/arm-gcc/arm-none-eabi/lib/thumb/v7e-m+fp/hard/libc.a(libc_a-errno.o)
 .text.__errno  0x0000000000000000        0xc /opt/arm-gcc/arm-none-eabi/lib/thumb/v7e-m+fp/hard/libc.a(libc_a-errno.o)
 .debug_frame   0x0000000000000000       0x20 /opt/arm-gcc/arm-none-eabi/lib/thumb/v7e-m+fp/hard/libc.a(libc_a-errno.o)
 .ARM.attributes
                0x0000000000000000       0x34 /opt/arm-gcc/arm-none-eabi/lib/thumb/v7e-m+fp/hard/libc.a(libc_a-errno.o)
 .text          0x0000000000000000        0x0 /opt/arm-gcc/arm-none-eabi/lib/thumb/v7e-m+fp/hard/libc.a(libc_a-ctype_.o)
 .data          0x0000000000000000        0x0 /opt/arm-gcc/arm-none-eabi/lib/thumb/v7e-m+fp/hard/libc.a(libc_a-ctype_.o)
 .bss           0x0000000000000000        0x0 /opt/arm-gcc/arm-none-eabi/lib/thumb/v7e-m+fp/hard/libc.a(libc_a-ctype_.o)
 .text.__set_ctype
                0x0000000000000000        0xc /opt/arm-gcc/arm-none-eabi/lib/thumb/v7e-m+fp/hard/libc.a(libc_a-ctype_.o)
 .rodata._ctype_
                0x0000000000000000      0x101 /opt/arm-gcc/arm-none-eabi/lib/thumb/v7e-m+fp/hard/libc.a(libc_a-ctype_.o)
 .debug_frame   0x0000000000000000       0x20 /opt/arm-gcc/arm-none-eabi/lib/thumb/v7e-m+fp/hard/libc.a(libc_a-ctype_.o)
 .ARM.attributes
                0x0000000000000000       0x34 /opt/arm-gcc/arm-none-eabi/lib/thumb/v7e-m+fp/hard/libc.a(libc_a-ctype_.o)
 .text          0x0000000000000000        0x0 /opt/arm-gcc/arm-none-eabi/lib/thumb/v7e-m+fp/hard/libc.a(libc_a-impure.o)
 .data          0x0000000000000000        0x0 /opt/arm-gcc/arm-none-eabi/lib/thumb/v7e-m+fp/hard/libc.a(libc_a-impure.o)
 .bss           0x0000000000000000        0x0 /opt/arm-gcc/arm-none-eabi/lib/thumb/v7e-m+fp/hard/libc.a(libc_a-impure.o)
 .data._impure_ptr
                0x0000000000000000        0x4 /opt/arm-gcc/arm-none-eabi/lib/thumb/v7e-m+fp/hard/libc.a(libc_a-impure.o)
 .data._impure_data
                0x0000000000000000      0x120 /opt/arm-gcc/arm-none-eabi/lib/thumb/v7e-m+fp/hard/libc.a(libc_a-impure.o)
 .ARM.attributes
                0x0000000000000000       0x34 /opt/arm-gcc/arm-none-eabi/lib/thumb/v7e-m+fp/hard/libc.a(libc_a-impure.o)
 .text          0x0000000000000000        0x0 /opt/arm-gcc/arm-none-eabi/lib/thumb/v7e-m+fp/hard/libc.a(libc_a-findfp.o)
 .data          0x0000000000000000        0x0 /opt/arm-gcc/arm-none-eabi/lib/thumb/v7e-m+fp/hard/libc.a(libc_a-findfp.o)
 .bss           0x0000000000000000        0x0 /opt/arm-gcc/arm-none-eabi/lib/thumb/v7e-m+fp/hard/libc.a(libc_a-findfp.o)
 .text.stdio_exit_handler
                0x0000000000000000       0x18 /opt/arm-gcc/arm-none-eabi/lib/thumb/v7e-m+fp/hard/libc.a(libc_a-findfp.o)
 .text.cleanup_stdio
                0x0000000000000000       0x40 /opt/arm-gcc/arm-none-eabi/lib/thumb/v7e-m+fp/hard/libc.a(libc_a-findfp.o)
 .text.__fp_lock
                0x0000000000000000       0x1c /opt/arm-gcc/arm-none-eabi/lib/thumb/v7e-m+fp/hard/libc.a(libc_a-findfp.o)
 .text.__fp_unlock
                0x0000000000000000       0x1c /opt/arm-gcc/arm-none-eabi/lib/thumb/v7e-m+fp/hard/libc.a(libc_a-findfp.o)
 .text.global_stdio_init.part.0
                0x0000000000000000       0xf0 /opt/arm-gcc/arm-none-eabi/lib/thumb/v7e-m+fp/hard/libc.a(libc_a-findfp.o)
 .text.__sfp    0x0000000000000000       0xc0 /opt/arm-gcc/arm-none-eabi/lib/thumb/v7e-m+fp/hard/libc.a(libc_a-findfp.o)
 .text.__sinit  0x0000000000000000       0x3c /opt/arm-gcc/arm-none-eabi/lib/thumb/v7e-m+fp/hard/libc.a(libc_a-findfp.o)
 .text.__sfp_lock_acquire
                0x0000000000000000        0xc /opt/arm-gcc/arm-none-eabi/lib/thumb/v7e-m+fp/hard/libc.a(libc_a-findfp.o)
 .text.__sfp_lock_release
                0x0000000000000000        0xc /opt/arm-gcc/arm-none-eabi/lib/thumb/v7e-m+fp/hard/libc.a(libc_a-findfp.o)
 .text.__fp_lock_all
                0x0000000000000000       0x24 /opt/arm-gcc/arm-none-eabi/lib/thumb/v7e-m+fp/hard/libc.a(libc_a-findfp.o)
 .text.__fp_unlock_all
                0x0000000000000000       0x24 /opt/arm-gcc/arm-none-eabi/lib/thumb/v7e-m+fp/hard/libc.a(libc_a-findfp.o)
 .data.__sglue  0x0000000000000000        0xc /opt/arm-gcc/arm-none-eabi/lib/thumb/v7e-m+fp/hard/libc.a(libc_a-findfp.o)
 .bss.__sf      0x0000000000000000      0x138 /opt/arm-gcc/arm-none-eabi/lib/thumb/v7e-m+fp/hard/libc.a(libc_a-findfp.o)
 .bss.__stdio_exit_handler
                0x0000000000000000        0x4 /opt/arm-gcc/arm-none-eabi/lib/thumb/v7e-m+fp/hard/libc.a(libc_a-findfp.o)
 .debug_frame   0x0000000000000000      0x13c /opt/arm-gcc/arm-none-eabi/lib/thumb/v7e-m+fp/hard/libc.a(libc_a-findfp.o)
 .ARM.attributes
                0x0000000000000000       0x34 /opt/arm-gcc/arm-none-eabi/lib/thumb/v7e-m+fp/hard/libc.a(libc_a-findfp.o)
 .text          0x0000000000000000        0x0 /opt/arm-gcc/arm-none-eabi/lib/thumb/v7e-m+fp/hard/libc.a(libc_a-stdio.o)
 .data          0x0000000000000000        0x0 /opt/arm-gcc/arm-none-eabi/lib/thumb/v7e-m+fp/hard/libc.a(libc_a-stdio.o)
 .bss           0x0000000000000000        0x0 /opt/arm-gcc/arm-none-eabi/lib/thumb/v7e-m+fp/hard/libc.a(libc_a-stdio.o)
 .text.__sread  0x0000000000000000       0x24 /opt/arm-gcc/arm-none-eabi/lib/thumb/v7e-m+fp/hard/libc.a(libc_a-stdio.o)
 .text.__seofread
                0x0000000000000000        0x4 /opt/arm-gcc/arm-none-eabi/lib/thumb/v7e-m+fp/hard/libc.a(libc_a-stdio.o)
 .text.__swrite
                0x0000000000000000       0x40 /opt/arm-gcc/arm-none-eabi/lib/thumb/v7e-m+fp/hard/libc.a(libc_a-stdio.o)
 .text.__sseek  0x0000000000000000       0x24 /opt/arm-gcc/arm-none-eabi/lib/thumb/v7e-m+fp/hard/libc.a(libc_a-stdio.o)
 .text.__sclose
                0x0000000000000000        0x8 /opt/arm-gcc/arm-none-eabi/lib/thumb/v7e-m+fp/hard/libc.a(libc_a-stdio.o)
 .debug_frame   0x0000000000000000       0x8c /opt/arm-gcc/arm-none-eabi/lib/thumb/v7e-m+fp/hard/libc.a(libc_a-stdio.o)
 .ARM.attributes
                0x0000000000000000       0x34 /opt/arm-gcc/arm-none-eabi/lib/thumb/v7e-m+fp/hard/libc.a(libc_a-stdio.o)
 .text          0x0000000000000000        0x0 /opt/arm-gcc/arm-none-eabi/lib/thumb/v7e-m+fp/hard/libc.a(libc_a-fwalk.o)
 .data          0x0000000000000000        0x0 /opt/arm-gcc/arm-none-eabi/lib/thumb/v7e-m+fp/hard/libc.a(libc_a-fwalk.o)
 .bss           0x0000000000000000        0x0 /opt/arm-gcc/arm-none-eabi/lib/thumb/v7e-m+fp/hard/libc.a(libc_a-fwalk.o)
 .text._fwalk_sglue
                0x0000000000000000       0x48 /opt/arm-gcc/arm-none-eabi/lib/thumb/v7e-m+fp/hard/libc.a(libc_a-fwalk.o)
 .debug_frame   0x0000000000000000       0x34 /opt/arm-gcc/arm-none-eabi/lib/thumb/v7e-m+fp/hard/libc.a(libc_a-fwalk.o)
 .ARM.attributes
                0x0000000000000000       0x34 /opt/arm-gcc/arm-none-eabi/lib/thumb/v7e-m+fp/hard/libc.a(libc_a-fwalk.o)
 .text          0x0000000000000000        0x0 /opt/arm-gcc/arm-none-eabi/lib/thumb/v7e-m+fp/hard/libc.a(libc_a-writer.o)
 .data          0x0000000000000000        0x0 /opt/arm-gcc/arm-none-eabi/lib/thumb/v7e-m+fp/hard/libc.a(libc_a-writer.o)
 .bss           0x0000000000000000        0x0 /opt/arm-gcc/arm-none-eabi/lib/thumb/v7e-m+fp/hard/libc.a(libc_a-writer.o)
 .text._write_r
                0x0000000000000000       0x2c /opt/arm-gcc/arm-none-eabi/lib/thumb/v7e-m+fp/hard/libc.a(libc_a-writer.o)
 .debug_frame   0x0000000000000000       0x2c /opt/arm-gcc/arm-none-eabi/lib/thumb/v7e-m+fp/hard/libc.a(libc_a-writer.o)
 .ARM.attributes
                0x0000000000000000       0x34 /opt/arm-gcc/arm-none-eabi/lib/thumb/v7e-m+fp/hard/libc.a(libc_a-writer.o)
 .text          0x0000000000000000        0x0 /opt/arm-gcc/arm-none-eabi/lib/thumb/v7e-m+fp/hard/libc.a(libc_a-mallocr.o)
 .data          0x0000000000000000        0x0 /opt/arm-gcc/arm-none-eabi/lib/thumb/v7e-m+fp/hard/libc.a(libc_a-mallocr.o)
 .bss           0x0000000000000000        0x0 /opt/arm-gcc/arm-none-eabi/lib/thumb/v7e-m+fp/hard/libc.a(libc_a-mallocr.o)
 .text._malloc_r
                0x0000000000000000      0x55c /opt/arm-gcc/arm-none-eabi/lib/thumb/v7e-m+fp/hard/libc.a(libc_a-mallocr.o)
 .bss.__malloc_current_mallinfo
                0x0000000000000000       0x28 /opt/arm-gcc/arm-none-eabi/lib/thumb/v7e-m+fp/hard/libc.a(libc_a-mallocr.o)
 .bss.__malloc_max_total_mem
                0x0000000000000000        0x4 /opt/arm-gcc/arm-none-eabi/lib/thumb/v7e-m+fp/hard/libc.a(libc_a-mallocr.o)
 .bss.__malloc_max_sbrked_mem
                0x0000000000000000        0x4 /opt/arm-gcc/arm-none-eabi/lib/thumb/v7e-m+fp/hard/libc.a(libc_a-mallocr.o)
 .data.__malloc_sbrk_base
                0x0000000000000000        0x4 /opt/arm-gcc/arm-none-eabi/lib/thumb/v7e-m+fp/hard/libc.a(libc_a-mallocr.o)
 .bss.__malloc_top_pad
                0x0000000000000000        0x4 /opt/arm-gcc/arm-none-eabi/lib/thumb/v7e-m+fp/hard/libc.a(libc_a-mallocr.o)
 .data.__malloc_trim_threshold
                0x0000000000000000        0x4 /opt/arm-gcc/arm-none-eabi/lib/thumb/v7e-m+fp/hard/libc.a(libc_a-mallocr.o)
 .data.__malloc_av_
                0x0000000000000000      0x408 /opt/arm-gcc/arm-none-eabi/lib/thumb/v7e-m+fp/hard/libc.a(libc_a-mallocr.o)
 .debug_frame   0x0000000000000000       0x48 /opt/arm-gcc/arm-none-eabi/lib/thumb/v7e-m+fp/hard/libc.a(libc_a-mallocr.o)
 .ARM.attributes
                0x0000000000000000       0x34 /opt/arm-gcc/arm-none-eabi/lib/thumb/v7e-m+fp/hard/libc.a(libc_a-mallocr.o)
 .text          0x0000000000000000        0x0 /opt/arm-gcc/arm-none-eabi/lib/thumb/v7e-m+fp/hard/libc.a(libc_a-memset.o)
 .data          0x0000000000000000        0x0 /opt/arm-gcc/arm-none-eabi/lib/thumb/v7e-m+fp/hard/libc.a(libc_a-memset.o)
 .bss           0x0000000000000000        0x0 /opt/arm-gcc/arm-none-eabi/lib/thumb/v7e-m+fp/hard/libc.a(libc_a-memset.o)
 .text.memset   0x0000000000000000       0xa4 /opt/arm-gcc/arm-none-eabi/lib/thumb/v7e-m+fp/hard/libc.a(libc_a-memset.o)
 .debug_frame   0x0000000000000000       0x2c /opt/arm-gcc/arm-none-eabi/lib/thumb/v7e-m+fp/hard/libc.a(libc_a-memset.o)
 .ARM.attributes
                0x0000000000000000       0x34 /opt/arm-gcc/arm-none-eabi/lib/thumb/v7e-m+fp/hard/libc.a(libc_a-memset.o)
 .text          0x0000000000000000        0x0 /opt/arm-gcc/arm-none-eabi/lib/thumb/v7e-m+fp/hard/libc.a(libc_a-lock.o)
 .data          0x0000000000000000        0x0 /opt/arm-gcc/arm-none-eabi/lib/thumb/v7e-m+fp/hard/libc.a(libc_a-lock.o)
 .bss           0x0000000000000000        0x0 /opt/arm-gcc/arm-none-eabi/lib/thumb/v7e-m+fp/hard/libc.a(libc_a-lock.o)
 .text.__retarget_lock_init
                0x0000000000000000        0x4 /opt/arm-gcc/arm-none-eabi/lib/thumb/v7e-m+fp/hard/libc.a(libc_a-lock.o)
 .text.__retarget_lock_init_recursive
                0x0000000000000000        0x4 /opt/arm-gcc/arm-none-eabi/lib/thumb/v7e-m+fp/hard/libc.a(libc_a-lock.o)
 .text.__retarget_lock_close
                0x0000000000000000        0x4 /opt/arm-gcc/arm-none-eabi/lib/thumb/v7e-m+fp/hard/libc.a(libc_a-lock.o)
 .text.__retarget_lock_close_recursive
                0x0000000000000000        0x4 /opt/arm-gcc/arm-none-eabi/lib/thumb/v7e-m+fp/hard/libc.a(libc_a-lock.o)
 .text.__retarget_lock_acquire
                0x0000000000000000        0x4 /opt/arm-gcc/arm-none-eabi/lib/thumb/v7e-m+fp/hard/libc.a(libc_a-lock.o)
 .text.__retarget_lock_acquire_recursive
                0x0000000000000000        0x4 /opt/arm-gcc/arm-none-eabi/lib/thumb/v7e-m+fp/hard/libc.a(libc_a-lock.o)
 .text.__retarget_lock_try_acquire
                0x0000000000000000        0x4 /opt/arm-gcc/arm-none-eabi/lib/thumb/v7e-m+fp/hard/libc.a(libc_a-lock.o)
 .text.__retarget_lock_try_acquire_recursive
                0x0000000000000000        0x4 /opt/arm-gcc/arm-none-eabi/lib/thumb/v7e-m+fp/hard/libc.a(libc_a-lock.o)
 .text.__retarget_lock_release
                0x0000000000000000        0x4 /opt/arm-gcc/arm-none-eabi/lib/thumb/v7e-m+fp/hard/libc.a(libc_a-lock.o)
 .text.__retarget_lock_release_recursive
                0x0000000000000000        0x4 /opt/arm-gcc/arm-none-eabi/lib/thumb/v7e-m+fp/hard/libc.a(libc_a-lock.o)
 .bss.__lock___arc4random_mutex
                0x0000000000000000        0x1 /opt/arm-gcc/arm-none-eabi/lib/thumb/v7e-m+fp/hard/libc.a(libc_a-lock.o)
 .bss.__lock___dd_hash_mutex
                0x0000000000000000        0x1 /opt/arm-gcc/arm-none-eabi/lib/thumb/v7e-m+fp/hard/libc.a(libc_a-lock.o)
 .bss.__lock___tz_mutex
                0x0000000000000000        0x1 /opt/arm-gcc/arm-none-eabi/lib/thumb/v7e-m+fp/hard/libc.a(libc_a-lock.o)
 .bss.__lock___env_recursive_mutex
                0x0000000000000000        0x1 /opt/arm-gcc/arm-none-eabi/lib/thumb/v7e-m+fp/hard/libc.a(libc_a-lock.o)
 .bss.__lock___malloc_recursive_mutex
                0x0000000000000000        0x1 /opt/arm-gcc/arm-none-eabi/lib/thumb/v7e-m+fp/hard/libc.a(libc_a-lock.o)
 .bss.__lock___at_quick_exit_mutex
                0x0000000000000000        0x1 /opt/arm-gcc/arm-none-eabi/lib/thumb/v7e-m+fp/hard/libc.a(libc_a-lock.o)
 .bss.__lock___atexit_recursive_mutex
                0x0000000000000000        0x1 /opt/arm-gcc/arm-none-eabi/lib/thumb/v7e-m+fp/hard/libc.a(libc_a-lock.o)
 .bss.__lock___sfp_recursive_mutex
                0x0000000000000000        0x1 /opt/arm-gcc/arm-none-eabi/lib/thumb/v7e-m+fp/hard/libc.a(libc_a-lock.o)
 .debug_frame   0x0000000000000000       0xb0 /opt/arm-gcc/arm-none-eabi/lib/thumb/v7e-m+fp/hard/libc.a(libc_a-lock.o)
 .ARM.attributes
                0x0000000000000000       0x34 /opt/arm-gcc/arm-none-eabi/lib/thumb/v7e-m+fp/hard/libc.a(libc_a-lock.o)
 .text          0x0000000000000000        0x0 /opt/arm-gcc/arm-none-eabi/lib/thumb/v7e-m+fp/hard/libc.a(libc_a-fclose.o)
 .data          0x0000000000000000        0x0 /opt/arm-gcc/arm-none-eabi/lib/thumb/v7e-m+fp/hard/libc.a(libc_a-fclose.o)
 .bss           0x0000000000000000        0x0 /opt/arm-gcc/arm-none-eabi/lib/thumb/v7e-m+fp/hard/libc.a(libc_a-fclose.o)
 .text._fclose_r
                0x0000000000000000       0xc4 /opt/arm-gcc/arm-none-eabi/lib/thumb/v7e-m+fp/hard/libc.a(libc_a-fclose.o)
 .text.fclose   0x0000000000000000       0x10 /opt/arm-gcc/arm-none-eabi/lib/thumb/v7e-m+fp/hard/libc.a(libc_a-fclose.o)
 .debug_frame   0x0000000000000000       0x3c /opt/arm-gcc/arm-none-eabi/lib/thumb/v7e-m+fp/hard/libc.a(libc_a-fclose.o)
 .ARM.attributes
                0x0000000000000000       0x34 /opt/arm-gcc/arm-none-eabi/lib/thumb/v7e-m+fp/hard/libc.a(libc_a-fclose.o)
 .text          0x0000000000000000        0x0 /opt/arm-gcc/arm-none-eabi/lib/thumb/v7e-m+fp/hard/libc.a(libc_a-sysconf.o)
 .data          0x0000000000000000        0x0 /opt/arm-gcc/arm-none-eabi/lib/thumb/v7e-m+fp/hard/libc.a(libc_a-sysconf.o)
 .bss           0x0000000000000000        0x0 /opt/arm-gcc/arm-none-eabi/lib/thumb/v7e-m+fp/hard/libc.a(libc_a-sysconf.o)
 .text.sysconf  0x0000000000000000       0x1c /opt/arm-gcc/arm-none-eabi/lib/thumb/v7e-m+fp/hard/libc.a(libc_a-sysconf.o)
 .debug_frame   0x0000000000000000       0x28 /opt/arm-gcc/arm-none-eabi/lib/thumb/v7e-m+fp/hard/libc.a(libc_a-sysconf.o)
 .ARM.attributes
                0x0000000000000000       0x34 /opt/arm-gcc/arm-none-eabi/lib/thumb/v7e-m+fp/hard/libc.a(libc_a-sysconf.o)
 .text          0x0000000000000000        0x0 /opt/arm-gcc/arm-none-eabi/lib/thumb/v7e-m+fp/hard/libc.a(libc_a-mlock.o)
 .data          0x0000000000000000        0x0 /opt/arm-gcc/arm-none-eabi/lib/thumb/v7e-m+fp/hard/libc.a(libc_a-mlock.o)
 .bss           0x0000000000000000        0x0 /opt/arm-gcc/arm-none-eabi/lib/thumb/v7e-m+fp/hard/libc.a(libc_a-mlock.o)
 .text.__malloc_lock
                0x0000000000000000        0xc /opt/arm-gcc/arm-none-eabi/lib/thumb/v7e-m+fp/hard/libc.a(libc_a-mlock.o)
 .text.__malloc_unlock
                0x0000000000000000        0xc /opt/arm-gcc/arm-none-eabi/lib/thumb/v7e-m+fp/hard/libc.a(libc_a-mlock.o)
 .debug_frame   0x0000000000000000       0x30 /opt/arm-gcc/arm-none-eabi/lib/thumb/v7e-m+fp/hard/libc.a(libc_a-mlock.o)
 .ARM.attributes
                0x0000000000000000       0x34 /opt/arm-gcc/arm-none-eabi/lib/thumb/v7e-m+fp/hard/libc.a(libc_a-mlock.o)
 .text          0x0000000000000000        0x0 /opt/arm-gcc/arm-none-eabi/lib/thumb/v7e-m+fp/hard/libc.a(libc_a-closer.o)
 .data          0x0000000000000000        0x0 /opt/arm-gcc/arm-none-eabi/lib/thumb/v7e-m+fp/hard/libc.a(libc_a-closer.o)
 .bss           0x0000000000000000        0x0 /opt/arm-gcc/arm-none-eabi/lib/thumb/v7e-m+fp/hard/libc.a(libc_a-closer.o)
 .text._close_r
                0x0000000000000000       0x24 /opt/arm-gcc/arm-none-eabi/lib/thumb/v7e-m+fp/hard/libc.a(libc_a-closer.o)
 .debug_frame   0x0000000000000000       0x2c /opt/arm-gcc/arm-none-eabi/lib/thumb/v7e-m+fp/hard/libc.a(libc_a-closer.o)
 .ARM.attributes
                0x0000000000000000       0x34 /opt/arm-gcc/arm-none-eabi/lib/thumb/v7e-m+fp/hard/libc.a(libc_a-closer.o)
 .text          0x0000000000000000        0x0 /opt/arm-gcc/arm-none-eabi/lib/thumb/v7e-m+fp/hard/libc.a(libc_a-reent.o)
 .data          0x0000000000000000        0x0 /opt/arm-gcc/arm-none-eabi/lib/thumb/v7e-m+fp/hard/libc.a(libc_a-reent.o)
 .bss           0x0000000000000000        0x0 /opt/arm-gcc/arm-none-eabi/lib/thumb/v7e-m+fp/hard/libc.a(libc_a-reent.o)
 .text._reclaim_reent
                0x0000000000000000       0x5c /opt/arm-gcc/arm-none-eabi/lib/thumb/v7e-m+fp/hard/libc.a(libc_a-reent.o)
 .bss.errno     0x0000000000000000        0x4 /opt/arm-gcc/arm-none-eabi/lib/thumb/v7e-m+fp/hard/libc.a(libc_a-reent.o)
 .debug_frame   0x0000000000000000       0x3c /opt/arm-gcc/arm-none-eabi/lib/thumb/v7e-m+fp/hard/libc.a(libc_a-reent.o)
 .ARM.attributes
                0x0000000000000000       0x34 /opt/arm-gcc/arm-none-eabi/lib/thumb/v7e-m+fp/hard/libc.a(libc_a-reent.o)
 .text          0x0000000000000000        0x0 /opt/arm-gcc/arm-none-eabi/lib/thumb/v7e-m+fp/hard/libc.a(libc_a-fflush.o)
 .data          0x0000000000000000        0x0 /opt/arm-gcc/arm-none-eabi/lib/thumb/v7e-m+fp/hard/libc.a(libc_a-fflush.o)
 .bss           0x0000000000000000        0x0 /opt/arm-gcc/arm-none-eabi/lib/thumb/v7e-m+fp/hard/libc.a(libc_a-fflush.o)
 .text.__sflush_r
                0x0000000000000000      0x138 /opt/arm-gcc/arm-none-eabi/lib/thumb/v7e-m+fp/hard/libc.a(libc_a-fflush.o)
 .text._fflush_r
                0x0000000000000000       0x54 /opt/arm-gcc/arm-none-eabi/lib/thumb/v7e-m+fp/hard/libc.a(libc_a-fflush.o)
 .text.fflush   0x0000000000000000       0x74 /opt/arm-gcc/arm-none-eabi/lib/thumb/v7e-m+fp/hard/libc.a(libc_a-fflush.o)
 .debug_frame   0x0000000000000000       0x70 /opt/arm-gcc/arm-none-eabi/lib/thumb/v7e-m+fp/hard/libc.a(libc_a-fflush.o)
 .ARM.attributes
                0x0000000000000000       0x34 /opt/arm-gcc/arm-none-eabi/lib/thumb/v7e-m+fp/hard/libc.a(libc_a-fflush.o)
 .text          0x0000000000000000        0x0 /opt/arm-gcc/arm-none-eabi/lib/thumb/v7e-m+fp/hard/libc.a(libc_a-freer.o)
 .data          0x0000000000000000        0x0 /opt/arm-gcc/arm-none-eabi/lib/thumb/v7e-m+fp/hard/libc.a(libc_a-freer.o)
 .bss           0x0000000000000000        0x0 /opt/arm-gcc/arm-none-eabi/lib/thumb/v7e-m+fp/hard/libc.a(libc_a-freer.o)
 .text._malloc_trim_r
                0x0000000000000000       0xb8 /opt/arm-gcc/arm-none-eabi/lib/thumb/v7e-m+fp/hard/libc.a(libc_a-freer.o)
 .text._free_r  0x0000000000000000      0x204 /opt/arm-gcc/arm-none-eabi/lib/thumb/v7e-m+fp/hard/libc.a(libc_a-freer.o)
 .debug_frame   0x0000000000000000       0x78 /opt/arm-gcc/arm-none-eabi/lib/thumb/v7e-m+fp/hard/libc.a(libc_a-freer.o)
 .ARM.attributes
                0x0000000000000000       0x34 /opt/arm-gcc/arm-none-eabi/lib/thumb/v7e-m+fp/hard/libc.a(libc_a-freer.o)
 .text          0x0000000000000000        0x0 /opt/arm-gcc/arm-none-eabi/lib/thumb/v7e-m+fp/hard/libc.a(libc_a-lseekr.o)
 .data          0x0000000000000000        0x0 /opt/arm-gcc/arm-none-eabi/lib/thumb/v7e-m+fp/hard/libc.a(libc_a-lseekr.o)
 .bss           0x0000000000000000        0x0 /opt/arm-gcc/arm-none-eabi/lib/thumb/v7e-m+fp/hard/libc.a(libc_a-lseekr.o)
 .text._lseek_r
                0x0000000000000000       0x2c /opt/arm-gcc/arm-none-eabi/lib/thumb/v7e-m+fp/hard/libc.a(libc_a-lseekr.o)
 .debug_frame   0x0000000000000000       0x2c /opt/arm-gcc/arm-none-eabi/lib/thumb/v7e-m+fp/hard/libc.a(libc_a-lseekr.o)
 .ARM.attributes
                0x0000000000000000       0x34 /opt/arm-gcc/arm-none-eabi/lib/thumb/v7e-m+fp/hard/libc.a(libc_a-lseekr.o)
 .text          0x0000000000000000        0x0 /opt/arm-gcc/arm-none-eabi/lib/thumb/v7e-m+fp/hard/libc.a(libc_a-readr.o)
 .data          0x0000000000000000        0x0 /opt/arm-gcc/arm-none-eabi/lib/thumb/v7e-m+fp/hard/libc.a(libc_a-readr.o)
 .bss           0x0000000000000000        0x0 /opt/arm-gcc/arm-none-eabi/lib/thumb/v7e-m+fp/hard/libc.a(libc_a-readr.o)
 .text._read_r  0x0000000000000000       0x2c /opt/arm-gcc/arm-none-eabi/lib/thumb/v7e-m+fp/hard/libc.a(libc_a-readr.o)
 .debug_frame   0x0000000000000000       0x2c /opt/arm-gcc/arm-none-eabi/lib/thumb/v7e-m+fp/hard/libc.a(libc_a-readr.o)
 .ARM.attributes
                0x0000000000000000       0x34 /opt/arm-gcc/arm-none-eabi/lib/thumb/v7e-m+fp/hard/libc.a(libc_a-readr.o)
 .text          0x0000000000000000        0x0 /opt/arm-gcc/arm-none-eabi/lib/thumb/v7e-m+fp/hard/libc.a(libc_a-sbrkr.o)
 .data          0x0000000000000000        0x0 /opt/arm-gcc/arm-none-eabi/lib/thumb/v7e-m+fp/hard/libc.a(libc_a-sbrkr.o)
 .bss           0x0000000000000000        0x0 /opt/arm-gcc/arm-none-eabi/lib/thumb/v7e-m+fp/hard/libc.a(libc_a-sbrkr.o)
 .text._sbrk_r  0x0000000000000000       0x24 /opt/arm-gcc/arm-none-eabi/lib/thumb/v7e-m+fp/hard/libc.a(libc_a-sbrkr.o)
 .debug_frame   0x0000000000000000       0x2c /opt/arm-gcc/arm-none-eabi/lib/thumb/v7e-m+fp/hard/libc.a(libc_a-sbrkr.o)
 .ARM.attributes
                0x0000000000000000       0x34 /opt/arm-gcc/arm-none-eabi/lib/thumb/v7e-m+fp/hard/libc.a(libc_a-sbrkr.o)
 .text          0x0000000000000000      0x254 /opt/arm-gcc/lib/gcc/arm-none-eabi/12.2.1/thumb/v7e-m+fp/hard/libgcc.a(_arm_muldf3.o)
 .data          0x0000000000000000        0x0 /opt/arm-gcc/lib/gcc/arm-none-eabi/12.2.1/thumb/v7e-m+fp/hard/libgcc.a(_arm_muldf3.o)
 .bss           0x0000000000000000        0x0 /opt/arm-gcc/lib/gcc/arm-none-eabi/12.2.1/thumb/v7e-m+fp/hard/libgcc.a(_arm_muldf3.o)
 .debug_line_str
                0x0000000000000000       0xc7 /opt/arm-gcc/lib/gcc/arm-none-eabi/12.2.1/thumb/v7e-m+fp/hard/libgcc.a(_arm_muldf3.o)
 .debug_frame   0x0000000000000000       0x30 /opt/arm-gcc/lib/gcc/arm-none-eabi/12.2.1/thumb/v7e-m+fp/hard/libgcc.a(_arm_muldf3.o)
 .ARM.attributes
                0x0000000000000000       0x22 /opt/arm-gcc/lib/gcc/arm-none-eabi/12.2.1/thumb/v7e-m+fp/hard/libgcc.a(_arm_muldf3.o)
 .text          0x0000000000000000      0x378 /opt/arm-gcc/lib/gcc/arm-none-eabi/12.2.1/thumb/v7e-m+fp/hard/libgcc.a(_arm_addsubdf3.o)
 .data          0x0000000000000000        0x0 /opt/arm-gcc/lib/gcc/arm-none-eabi/12.2.1/thumb/v7e-m+fp/hard/libgcc.a(_arm_addsubdf3.o)
 .bss           0x0000000000000000        0x0 /opt/arm-gcc/lib/gcc/arm-none-eabi/12.2.1/thumb/v7e-m+fp/hard/libgcc.a(_arm_addsubdf3.o)
 .debug_line_str
                0x0000000000000000       0xc7 /opt/arm-gcc/lib/gcc/arm-none-eabi/12.2.1/thumb/v7e-m+fp/hard/libgcc.a(_arm_addsubdf3.o)
 .debug_frame   0x0000000000000000       0xac /opt/arm-gcc/lib/gcc/arm-none-eabi/12.2.1/thumb/v7e-m+fp/hard/libgcc.a(_arm_addsubdf3.o)
 .ARM.attributes
                0x0000000000000000       0x22 /opt/arm-gcc/lib/gcc/arm-none-eabi/12.2.1/thumb/v7e-m+fp/hard/libgcc.a(_arm_addsubdf3.o)
 .text          0x0000000000000000      0x424 /opt/arm-gcc/lib/gcc/arm-none-eabi/12.2.1/thumb/v7e-m+fp/hard/libgcc.a(_arm_muldivdf3.o)
 .data          0x0000000000000000        0x0 /opt/arm-gcc/lib/gcc/arm-none-eabi/12.2.1/thumb/v7e-m+fp/hard/libgcc.a(_arm_muldivdf3.o)
 .bss           0x0000000000000000        0x0 /opt/arm-gcc/lib/gcc/arm-none-eabi/12.2.1/thumb/v7e-m+fp/hard/libgcc.a(_arm_muldivdf3.o)
 .debug_line_str
                0x0000000000000000       0xc7 /opt/arm-gcc/lib/gcc/arm-none-eabi/12.2.1/thumb/v7e-m+fp/hard/libgcc.a(_arm_muldivdf3.o)
 .debug_frame   0x0000000000000000       0x50 /opt/arm-gcc/lib/gcc/arm-none-eabi/12.2.1/thumb/v7e-m+fp/hard/libgcc.a(_arm_muldivdf3.o)
 .ARM.attributes
                0x0000000000000000       0x22 /opt/arm-gcc/lib/gcc/arm-none-eabi/12.2.1/thumb/v7e-m+fp/hard/libgcc.a(_arm_muldivdf3.o)
 .text          0x0000000000000000      0x110 /opt/arm-gcc/lib/gcc/arm-none-eabi/12.2.1/thumb/v7e-m+fp/hard/libgcc.a(_arm_cmpdf2.o)
 .data          0x0000000000000000        0x0 /opt/arm-gcc/lib/gcc/arm-none-eabi/12.2.1/thumb/v7e-m+fp/hard/libgcc.a(_arm_cmpdf2.o)
 .bss           0x0000000000000000        0x0 /opt/arm-gcc/lib/gcc/arm-none-eabi/12.2.1/thumb/v7e-m+fp/hard/libgcc.a(_arm_cmpdf2.o)
 .debug_line_str
                0x0000000000000000       0xc7 /opt/arm-gcc/lib/gcc/arm-none-eabi/12.2.1/thumb/v7e-m+fp/hard/libgcc.a(_arm_cmpdf2.o)
 .debug_frame   0x0000000000000000       0xc4 /opt/arm-gcc/lib/gcc/arm-none-eabi/12.2.1/thumb/v7e-m+fp/hard/libgcc.a(_arm_cmpdf2.o)
 .ARM.attributes
                0x0000000000000000       0x22 /opt/arm-gcc/lib/gcc/arm-none-eabi/12.2.1/thumb/v7e-m+fp/hard/libgcc.a(_arm_cmpdf2.o)
 .text          0x0000000000000000       0x2c /opt/arm-gcc/lib/gcc/arm-none-eabi/12.2.1/thumb/v7e-m+fp/hard/libgcc.a(_arm_unorddf2.o)
 .data          0x0000000000000000        0x0 /opt/arm-gcc/lib/gcc/arm-none-eabi/12.2.1/thumb/v7e-m+fp/hard/libgcc.a(_arm_unorddf2.o)
 .bss           0x0000000000000000        0x0 /opt/arm-gcc/lib/gcc/arm-none-eabi/12.2.1/thumb/v7e-m+fp/hard/libgcc.a(_arm_unorddf2.o)
 .debug_line_str
                0x0000000000000000       0xc7 /opt/arm-gcc/lib/gcc/arm-none-eabi/12.2.1/thumb/v7e-m+fp/hard/libgcc.a(_arm_unorddf2.o)
 .debug_frame   0x0000000000000000       0x20 /opt/arm-gcc/lib/gcc/arm-none-eabi/12.2.1/thumb/v7e-m+fp/hard/libgcc.a(_arm_unorddf2.o)
 .ARM.attributes
                0x0000000000000000       0x22 /opt/arm-gcc/lib/gcc/arm-none-eabi/12.2.1/thumb/v7e-m+fp/hard/libgcc.a(_arm_unorddf2.o)
 .text          0x0000000000000000       0x40 /opt/arm-gcc/lib/gcc/arm-none-eabi/12.2.1/thumb/v7e-m+fp/hard/libgcc.a(_arm_fixunsdfsi.o)
 .data          0x0000000000000000        0x0 /opt/arm-gcc/lib/gcc/arm-none-eabi/12.2.1/thumb/v7e-m+fp/hard/libgcc.a(_arm_fixunsdfsi.o)
 .bss           0x0000000000000000        0x0 /opt/arm-gcc/lib/gcc/arm-none-eabi/12.2.1/thumb/v7e-m+fp/hard/libgcc.a(_arm_fixunsdfsi.o)
 .debug_line_str
                0x0000000000000000       0xc7 /opt/arm-gcc/lib/gcc/arm-none-eabi/12.2.1/thumb/v7e-m+fp/hard/libgcc.a(_arm_fixunsdfsi.o)
 .debug_frame   0x0000000000000000       0x24 /opt/arm-gcc/lib/gcc/arm-none-eabi/12.2.1/thumb/v7e-m+fp/hard/libgcc.a(_arm_fixunsdfsi.o)
 .ARM.attributes
                0x0000000000000000       0x22 /opt/arm-gcc/lib/gcc/arm-none-eabi/12.2.1/thumb/v7e-m+fp/hard/libgcc.a(_arm_fixunsdfsi.o)

Memory Configuration

Name             Origin             Length             Attributes
FLASH            0x0000000000000000 0x0000000000080000 xr
SRAM             0x0000000020000000 0x0000000000020000 xrw
*default*        0x0000000000000000 0xffffffffffffffff

Linker script and memory map


.text           0x0000000000000000      0x794
 *(.vectors)
 .vectors       0x0000000000000000      0x200 startup.o
                0x0000000000000000                vector_table
 *(.text*)
 .text.startup.main
                0x0000000000000200       0x10 main.o
                0x0000000000000200                main
 .text.UsageFaultHandler
                0x0000000000000210        0xc startup.o
 .text.BusFaultHandler
                0x000000000000021c        0xc startup.o
 .text.HardFaultHandler
                0x0000000000000228        0xc startup.o
 .text.IntDefaultHandler
                0x0000000000000234        0xc startup.o
 .text.SysTick_Handler
                0x0000000000000240        0xc startup.o
                0x0000000000000240                SysTick_Handler
 .text.ResetISR
                0x000000000000024c       0xac startup.o
                0x000000000000024c                ResetISR
 .text.SVC_Handler
                0x00000000000002f8        0xc startup.o
                0x00000000000002f8                SVC_Handler
 .text.PendSV_Handler
                0x0000000000000304        0xc startup.o
                0x0000000000000304                PendSV_Handler
 .text.SystemInit
                0x0000000000000310       0x30 lib/libbsp.a(system.o)
                0x0000000000000310                SystemInit
 .text.delay_us.constprop.0
                0x0000000000000340       0x84 lib/libbsp.a(board.o)
 .text.led_blink
                0x00000000000003c4       0x60 lib/libbsp.a(board.o)
                0x00000000000003c4                led_blink
 .text.gpio_set
                0x0000000000000424       0x1c lib/libbsp.a(gpio.o)
                0x0000000000000424                gpio_set
 .text.gpio_clear
                0x0000000000000440       0x1c lib/libbsp.a(gpio.o)
                0x0000000000000440                gpio_clear
 .text.GPIOTE_IRQHandler
                0x000000000000045c       0x50 lib/libbsp.a(gpio.o)
                0x000000000000045c                GPIOTE_IRQHandler
 .text.buggy_init
                0x00000000000004ac       0x18 lib/libbsp.a(buggy.o)
                0x00000000000004ac                buggy_init
 .text.buggy_move_forward
                0x00000000000004c4       0x20 lib/libbsp.a(buggy.o)
                0x00000000000004c4                buggy_move_forward
 *fill*         0x00000000000004e4        0x4 
 .text.init_channel_registers
                0x00000000000004e8      0x180 lib/libbsp.a(pwm.o)
                0x00000000000004e8                init_channel_registers
 .text.pwm_init
                0x0000000000000668       0x2c lib/libbsp.a(pwm.o)
                0x0000000000000668                pwm_init
 .text.pwm_pulse5ms
                0x0000000000000694       0x44 lib/libbsp.a(pwm.o)
                0x0000000000000694                pwm_pulse5ms
 *(.rodata*)
 .rodata.led_cols
                0x00000000000006d8        0x5 lib/libbsp.a(board.o)
                0x00000000000006d8                led_cols
 *fill*         0x00000000000006dd        0x3 
 .rodata.led_rows
                0x00000000000006e0        0x5 lib/libbsp.a(board.o)
                0x00000000000006e0                led_rows
 *fill*         0x00000000000006e5        0x3 
 .rodata.CSWTCH.16
                0x00000000000006e8        0xc lib/libbsp.a(pwm.o)
 .rodata.CSWTCH.15
                0x00000000000006f4        0xc lib/libbsp.a(pwm.o)
 .rodata.CSWTCH.14
                0x0000000000000700        0xc lib/libbsp.a(pwm.o)
 .rodata.CSWTCH.13
                0x000000000000070c        0xc lib/libbsp.a(pwm.o)
 .rodata.CSWTCH.12
                0x0000000000000718        0xc lib/libbsp.a(pwm.o)
 .rodata.CSWTCH.11
                0x0000000000000724        0xc lib/libbsp.a(pwm.o)
 .rodata.CSWTCH.10
                0x0000000000000730        0xc lib/libbsp.a(pwm.o)
 .rodata.CSWTCH.9
                0x000000000000073c        0xc lib/libbsp.a(pwm.o)
 .rodata.CSWTCH.8
                0x0000000000000748        0xc lib/libbsp.a(pwm.o)
 .rodata.CSWTCH.7
                0x0000000000000754        0xc lib/libbsp.a(pwm.o)
 .rodata.CSWTCH.6
                0x0000000000000760        0xc lib/libbsp.a(pwm.o)
 .rodata.CSWTCH.5
                0x000000000000076c        0xc lib/libbsp.a(pwm.o)
 .rodata.CSWTCH.4
                0x0000000000000778        0xc lib/libbsp.a(pwm.o)
 .rodata.PWM_PSEL_OFFSET
                0x0000000000000784       0x10 lib/libbsp.a(pwm.o)
                0x0000000000000794                . = ALIGN (0x4)
                0x0000000000000794                __etext = .

.glue_7         0x0000000000000794        0x0
 .glue_7        0x0000000000000794        0x0 linker stubs

.glue_7t        0x0000000000000794        0x0
 .glue_7t       0x0000000000000794        0x0 linker stubs

.vfp11_veneer   0x0000000000000794        0x0
 .vfp11_veneer  0x0000000000000794        0x0 linker stubs

.v4_bx          0x0000000000000794        0x0
 .v4_bx         0x0000000000000794        0x0 linker stubs

.iplt           0x0000000000000794        0x0
 .iplt          0x0000000000000794        0x0 main.o

.rel.dyn        0x0000000000000794        0x0
 .rel.iplt      0x0000000000000794        0x0 main.o

.data           0x0000000020000000        0x0 load address 0x0000000000000794
                0x0000000000000794                __data_load__ = LOADADDR (.data)
                0x0000000020000000                __data_start__ = .
                0x0000000020000000                . = ALIGN (0x4)
 *(.data*)
                0x0000000020000000                . = ALIGN (0x4)
                0x0000000020000000                __data_end__ = .

.igot.plt       0x0000000020000000        0x0
 .igot.plt      0x0000000020000000        0x0 main.o

.bss            0x0000000020000000      0x12c
                0x0000000020000000                __bss_start__ = .
                0x0000000020000000                . = ALIGN (0x4)
 *(.bss*)
 .bss.SystemCoreClock
                0x0000000020000000        0x4 lib/libbsp.a(system.o)
                0x0000000020000000                SystemCoreClock
 .bss.gpio_irq_event_counters
                0x0000000020000004       0x20 lib/libbsp.a(gpio.o)
                0x0000000020000004                gpio_irq_event_counters
 .bss.gpio_irq_counter
                0x0000000020000024        0x4 lib/libbsp.a(gpio.o)
                0x0000000020000024                gpio_irq_counter
 .bss.event_callbacks
                0x0000000020000028       0x20 lib/libbsp.a(gpio.o)
                0x0000000020000028                event_callbacks
 .bss.channel   0x0000000020000048       0xe0 lib/libbsp.a(pwm.o)
                0x0000000020000048                channel
 .bss.s_sequence
                0x0000000020000128        0x4 lib/libbsp.a(pwm.o)
 *(COMMON)
                0x000000002000012c                . = ALIGN (0x4)
                0x000000002000012c                __bss_end__ = .

.heap           0x0000000000000000        0x0
                0x0000000000000000                __heap_start__ = .
                0x0000000000000000                . = ALIGN (0x4)
 *(.heap*)
                0x0000000000000000                . = ALIGN (0x4)
                0x0000000000000000                __heap_end__ = .

.stack          0x000000002000012c     0x2000
                0x000000002000012c                __stack_start__ = .
                0x000000002000012c                . = ALIGN (0x4)
                0x000000002000212c                __stack_size__ = 0x2000
                0x0000000000002000                . = (. + __stack_size__)
 *fill*         0x000000002000012c     0x2000 
                0x000000002000212c                . = ALIGN (0x4)
                0x000000002000212c                __stack_end__ = .
LOAD main.o
LOAD startup.o
LOAD lib/libbsp.a
LOAD rtx/librtx.a
LOAD /opt/arm-gcc/arm-none-eabi/lib/thumb/v7e-m+fp/hard/libm.a
LOAD /opt/arm-gcc/arm-none-eabi/lib/thumb/v7e-m+fp/hard/libc.a
LOAD /opt/arm-gcc/lib/gcc/arm-none-eabi/12.2.1/thumb/v7e-m+fp/hard/libgcc.a
OUTPUT(MICROBIT.out elf32-littlearm)
LOAD linker stubs

.debug_info     0x0000000000000000     0x1f24
 .debug_info    0x0000000000000000       0xc1 main.o
 .debug_info    0x00000000000000c1      0x2d0 startup.o
 .debug_info    0x0000000000000391       0x75 lib/libbsp.a(system.o)
 .debug_info    0x0000000000000406     0x12c2 lib/libbsp.a(board.o)
 .debug_info    0x00000000000016c8      0x322 lib/libbsp.a(gpio.o)
 .debug_info    0x00000000000019ea      0x17b lib/libbsp.a(buggy.o)
 .debug_info    0x0000000000001b65      0x3bf lib/libbsp.a(pwm.o)

.debug_abbrev   0x0000000000000000      0x949
 .debug_abbrev  0x0000000000000000       0x94 main.o
 .debug_abbrev  0x0000000000000094      0x1c6 startup.o
 .debug_abbrev  0x000000000000025a       0x74 lib/libbsp.a(system.o)
 .debug_abbrev  0x00000000000002ce      0x29f lib/libbsp.a(board.o)
 .debug_abbrev  0x000000000000056d      0x15d lib/libbsp.a(gpio.o)
 .debug_abbrev  0x00000000000006ca       0xd5 lib/libbsp.a(buggy.o)
 .debug_abbrev  0x000000000000079f      0x1aa lib/libbsp.a(pwm.o)

.debug_aranges  0x0000000000000000      0x1e8
 .debug_aranges
                0x0000000000000000       0x20 main.o
 .debug_aranges
                0x0000000000000020       0x60 startup.o
 .debug_aranges
                0x0000000000000080       0x20 lib/libbsp.a(system.o)
 .debug_aranges
                0x00000000000000a0       0x80 lib/libbsp.a(board.o)
 .debug_aranges
                0x0000000000000120       0x58 lib/libbsp.a(gpio.o)
 .debug_aranges
                0x0000000000000178       0x28 lib/libbsp.a(buggy.o)
 .debug_aranges
                0x00000000000001a0       0x48 lib/libbsp.a(pwm.o)

.debug_rnglists
                0x0000000000000000      0x1d0
 .debug_rnglists
                0x0000000000000000       0x13 main.o
 .debug_rnglists
                0x0000000000000013       0x56 startup.o
 .debug_rnglists
                0x0000000000000069       0x22 lib/libbsp.a(system.o)
 .debug_rnglists
                0x000000000000008b       0xad lib/libbsp.a(board.o)
 .debug_rnglists
                0x0000000000000138       0x3d lib/libbsp.a(gpio.o)
 .debug_rnglists
                0x0000000000000175       0x19 lib/libbsp.a(buggy.o)
 .debug_rnglists
                0x000000000000018e       0x42 lib/libbsp.a(pwm.o)

.debug_macro    0x0000000000000000     0x15c3
 .debug_macro   0x0000000000000000       0x96 main.o
 .debug_macro   0x0000000000000096      0xaa2 main.o
 .debug_macro   0x0000000000000b38       0x22 main.o
 .debug_macro   0x0000000000000b5a       0x8e main.o
 .debug_macro   0x0000000000000be8       0x51 main.o
 .debug_macro   0x0000000000000c39      0x103 main.o
 .debug_macro   0x0000000000000d3c       0x6a main.o
 .debug_macro   0x0000000000000da6      0x1df main.o
 .debug_macro   0x0000000000000f85       0x2e main.o
 .debug_macro   0x0000000000000fb3       0x6a startup.o
 .debug_macro   0x000000000000101d       0x29 lib/libbsp.a(system.o)
 .debug_macro   0x0000000000001046       0xb4 lib/libbsp.a(board.o)
 .debug_macro   0x00000000000010fa       0x3a lib/libbsp.a(board.o)
 .debug_macro   0x0000000000001134       0x40 lib/libbsp.a(board.o)
 .debug_macro   0x0000000000001174       0x10 lib/libbsp.a(board.o)
 .debug_macro   0x0000000000001184       0x88 lib/libbsp.a(board.o)
 .debug_macro   0x000000000000120c       0x58 lib/libbsp.a(board.o)
 .debug_macro   0x0000000000001264      0x11a lib/libbsp.a(gpio.o)
 .debug_macro   0x000000000000137e       0x75 lib/libbsp.a(buggy.o)
 .debug_macro   0x00000000000013f3      0x18b lib/libbsp.a(pwm.o)
 .debug_macro   0x000000000000157e       0x10 lib/libbsp.a(pwm.o)
 .debug_macro   0x000000000000158e       0x35 lib/libbsp.a(pwm.o)

.debug_line     0x0000000000000000     0x1df7
 .debug_line    0x0000000000000000      0x20c main.o
 .debug_line    0x000000000000020c      0x31a startup.o
 .debug_line    0x0000000000000526       0x77 lib/libbsp.a(system.o)
 .debug_line    0x000000000000059d      0xc7f lib/libbsp.a(board.o)
 .debug_line    0x000000000000121c      0x467 lib/libbsp.a(gpio.o)
 .debug_line    0x0000000000001683      0x23e lib/libbsp.a(buggy.o)
 .debug_line    0x00000000000018c1      0x536 lib/libbsp.a(pwm.o)

.debug_str      0x0000000000000000     0x7679
 .debug_str     0x0000000000000000     0x3c30 main.o
                                       0x3d90 (size before relaxing)
 .debug_str     0x0000000000003c30      0x147 startup.o
                                       0x3e2a (size before relaxing)
 .debug_str     0x0000000000003d77      0x10a lib/libbsp.a(system.o)
                                       0x2ea3 (size before relaxing)
 .debug_str     0x0000000000003e81      0x452 lib/libbsp.a(board.o)
                                       0x4196 (size before relaxing)
 .debug_str     0x00000000000042d3      0x250 lib/libbsp.a(gpio.o)
                                       0x4319 (size before relaxing)
 .debug_str     0x0000000000004523       0x3b lib/libbsp.a(buggy.o)
                                       0x3e56 (size before relaxing)
 .debug_str     0x000000000000455e     0x311b lib/libbsp.a(pwm.o)
                                       0x6f2d (size before relaxing)

.comment        0x0000000000000000       0x45
 .comment       0x0000000000000000       0x45 main.o
                                         0x46 (size before relaxing)
 .comment       0x0000000000000045       0x46 startup.o
 .comment       0x0000000000000045       0x46 lib/libbsp.a(system.o)
 .comment       0x0000000000000045       0x46 lib/libbsp.a(board.o)
 .comment       0x0000000000000045       0x46 lib/libbsp.a(gpio.o)
 .comment       0x0000000000000045       0x46 lib/libbsp.a(buggy.o)
 .comment       0x0000000000000045       0x46 lib/libbsp.a(pwm.o)

.ARM.attributes
                0x0000000000000000       0x34
 .ARM.attributes
                0x0000000000000000       0x34 main.o
 .ARM.attributes
                0x0000000000000034       0x34 startup.o
 .ARM.attributes
                0x0000000000000068       0x34 lib/libbsp.a(system.o)
 .ARM.attributes
                0x000000000000009c       0x34 lib/libbsp.a(board.o)
 .ARM.attributes
                0x00000000000000d0       0x34 lib/libbsp.a(gpio.o)
 .ARM.attributes
                0x0000000000000104       0x34 lib/libbsp.a(buggy.o)
 .ARM.attributes
                0x0000000000000138       0x34 lib/libbsp.a(pwm.o)

.debug_frame    0x0000000000000000      0x41c
 .debug_frame   0x0000000000000000       0x28 main.o
 .debug_frame   0x0000000000000028       0xa8 startup.o
 .debug_frame   0x00000000000000d0       0x2c lib/libbsp.a(system.o)
 .debug_frame   0x00000000000000fc      0x188 lib/libbsp.a(board.o)
 .debug_frame   0x0000000000000284       0xb0 lib/libbsp.a(gpio.o)
 .debug_frame   0x0000000000000334       0x48 lib/libbsp.a(buggy.o)
 .debug_frame   0x000000000000037c       0xa0 lib/libbsp.a(pwm.o)

.debug_loclists
                0x0000000000000000      0x860
 .debug_loclists
                0x0000000000000000       0x38 startup.o
 .debug_loclists
                0x0000000000000038      0x3f6 lib/libbsp.a(board.o)
 .debug_loclists
                0x000000000000042e      0x194 lib/libbsp.a(gpio.o)
 .debug_loclists
                0x00000000000005c2       0x7e lib/libbsp.a(buggy.o)
 .debug_loclists
                0x0000000000000640      0x220 lib/libbsp.a(pwm.o)
