Archive member included to satisfy reference by file (symbol)

lib/libbsp.a(system.o)        startup.o (SystemInit)
lib/libbsp.a(board.o)         main.o (board_init)
lib/libbsp.a(serial.o)        lib/libbsp.a(board.o) (serial_init)
lib/libbsp.a(gpio.o)          lib/libbsp.a(board.o) (gpio_in)
lib/libbsp.a(lib.o)           main.o (printf)
lib/libbsp.a(audio.o)         lib/libbsp.a(board.o) (audio_init)
lib/libbsp.a(pwm.o)           lib/libbsp.a(audio.o) (pwm_init)
lib/libbsp.a(adc.o)           lib/libbsp.a(audio.o) (adc_init)
rtx/librtx.a(rtx_kernel.o)    main.o (osKernelInitialize)
rtx/librtx.a(rtx_lib.o)       rtx/librtx.a(rtx_kernel.o) (osRtxConfig)
rtx/librtx.a(rtx_memory.o)    rtx/librtx.a(rtx_kernel.o) (osRtxMemoryInit)
rtx/librtx.a(rtx_mempool.o)   rtx/librtx.a(rtx_kernel.o) (osRtxMemoryPoolInit)
rtx/librtx.a(rtx_system.o)    rtx/librtx.a(rtx_mempool.o) (osRtxPostProcess)
rtx/librtx.a(rtx_thread.o)    rtx/librtx.a(rtx_mempool.o) (osRtxThreadListPut)
rtx/librtx.a(rtx_timer.o)     rtx/librtx.a(rtx_lib.o) (osRtxTimerSetup)
rtx/librtx.a(irq_armv7m.o)    rtx/librtx.a(rtx_lib.o) (irqRtxLib)
rtx/librtx.a(os_systick.o)    rtx/librtx.a(rtx_kernel.o) (OS_Tick_Setup)
rtx/librtx.a(RTX_Config.o)    rtx/librtx.a(rtx_thread.o) (osRtxIdleThread)
rtx/librtx.a(rtx_evr.o)       rtx/librtx.a(rtx_memory.o) (EvrRtxMemoryInit)
rtx/librtx.a(rtx_msgqueue.o)  rtx/librtx.a(rtx_timer.o) (osRtxMessageQueueTimerSetup)
rtx/librtx.a(rtx_mutex.o)     rtx/librtx.a(rtx_thread.o) (osRtxMutexOwnerRelease)
/opt/arm-gcc/arm-none-eabi/lib/thumb/v7e-m+fp/hard/libm.a(libm_a-w_pow.o)
                              lib/libbsp.a(audio.o) (pow)
/opt/arm-gcc/arm-none-eabi/lib/thumb/v7e-m+fp/hard/libm.a(libm_a-s_finite.o)
                              /opt/arm-gcc/arm-none-eabi/lib/thumb/v7e-m+fp/hard/libm.a(libm_a-w_pow.o) (finite)
/opt/arm-gcc/arm-none-eabi/lib/thumb/v7e-m+fp/hard/libm.a(libm_a-e_pow.o)
                              /opt/arm-gcc/arm-none-eabi/lib/thumb/v7e-m+fp/hard/libm.a(libm_a-w_pow.o) (__ieee754_pow)
/opt/arm-gcc/arm-none-eabi/lib/thumb/v7e-m+fp/hard/libm.a(libm_a-s_fabs.o)
                              /opt/arm-gcc/arm-none-eabi/lib/thumb/v7e-m+fp/hard/libm.a(libm_a-e_pow.o) (fabs)
/opt/arm-gcc/arm-none-eabi/lib/thumb/v7e-m+fp/hard/libm.a(libm_a-s_scalbn.o)
                              /opt/arm-gcc/arm-none-eabi/lib/thumb/v7e-m+fp/hard/libm.a(libm_a-e_pow.o) (scalbn)
/opt/arm-gcc/arm-none-eabi/lib/thumb/v7e-m+fp/hard/libm.a(libm_a-math_err.o)
                              /opt/arm-gcc/arm-none-eabi/lib/thumb/v7e-m+fp/hard/libm.a(libm_a-e_pow.o) (__math_uflow)
/opt/arm-gcc/arm-none-eabi/lib/thumb/v7e-m+fp/hard/libm.a(libm_a-e_sqrt.o)
                              /opt/arm-gcc/arm-none-eabi/lib/thumb/v7e-m+fp/hard/libm.a(libm_a-e_pow.o) (__ieee754_sqrt)
/opt/arm-gcc/arm-none-eabi/lib/thumb/v7e-m+fp/hard/libc.a(libc_a-ctype_.o)
                              lib/libbsp.a(audio.o) (_ctype_)
/opt/arm-gcc/arm-none-eabi/lib/thumb/v7e-m+fp/hard/libc.a(libc_a-memset.o)
                              rtx/librtx.a(rtx_mempool.o) (memset)
/opt/arm-gcc/arm-none-eabi/lib/thumb/v7e-m+fp/hard/libc.a(libc_a-errno.o)
                              /opt/arm-gcc/arm-none-eabi/lib/thumb/v7e-m+fp/hard/libm.a(libm_a-w_pow.o) (__errno)
/opt/arm-gcc/arm-none-eabi/lib/thumb/v7e-m+fp/hard/libc.a(libc_a-memcpy.o)
                              rtx/librtx.a(rtx_kernel.o) (memcpy)
/opt/arm-gcc/arm-none-eabi/lib/thumb/v7e-m+fp/hard/libc.a(libc_a-impure.o)
                              /opt/arm-gcc/arm-none-eabi/lib/thumb/v7e-m+fp/hard/libc.a(libc_a-errno.o) (_impure_ptr)
/opt/arm-gcc/arm-none-eabi/lib/thumb/v7e-m+fp/hard/libc.a(libc_a-findfp.o)
                              /opt/arm-gcc/arm-none-eabi/lib/thumb/v7e-m+fp/hard/libc.a(libc_a-impure.o) (__sf)
/opt/arm-gcc/arm-none-eabi/lib/thumb/v7e-m+fp/hard/libc.a(libc_a-fwalk.o)
                              /opt/arm-gcc/arm-none-eabi/lib/thumb/v7e-m+fp/hard/libc.a(libc_a-findfp.o) (_fwalk_sglue)
/opt/arm-gcc/arm-none-eabi/lib/thumb/v7e-m+fp/hard/libc.a(libc_a-stdio.o)
                              /opt/arm-gcc/arm-none-eabi/lib/thumb/v7e-m+fp/hard/libc.a(libc_a-findfp.o) (__sread)
/opt/arm-gcc/arm-none-eabi/lib/thumb/v7e-m+fp/hard/libc.a(libc_a-closer.o)
                              /opt/arm-gcc/arm-none-eabi/lib/thumb/v7e-m+fp/hard/libc.a(libc_a-stdio.o) (_close_r)
/opt/arm-gcc/arm-none-eabi/lib/thumb/v7e-m+fp/hard/libc.a(libc_a-reent.o)
                              /opt/arm-gcc/arm-none-eabi/lib/thumb/v7e-m+fp/hard/libc.a(libc_a-closer.o) (errno)
/opt/arm-gcc/arm-none-eabi/lib/thumb/v7e-m+fp/hard/libc.a(libc_a-lseekr.o)
                              /opt/arm-gcc/arm-none-eabi/lib/thumb/v7e-m+fp/hard/libc.a(libc_a-stdio.o) (_lseek_r)
/opt/arm-gcc/arm-none-eabi/lib/thumb/v7e-m+fp/hard/libc.a(libc_a-readr.o)
                              /opt/arm-gcc/arm-none-eabi/lib/thumb/v7e-m+fp/hard/libc.a(libc_a-stdio.o) (_read_r)
/opt/arm-gcc/arm-none-eabi/lib/thumb/v7e-m+fp/hard/libc.a(libc_a-writer.o)
[...]
Memory Configuration

Name             Origin             Length             Attributes
FLASH            0x0000000000000000 0x0000000000080000 xr
SRAM             0x0000000020000000 0x0000000000020000 xrw
*default*        0x0000000000000000 0xffffffffffffffff

Linker script and memory map


.text           0x0000000000000000     0x3098
 *(.vectors)
 .vectors       0x0000000000000000      0x200 startup.o
                0x0000000000000000                vector_table
 *(.text*)
 .text.timer_callback
                0x0000000000000200       0x70 main.o
                0x0000000000000200                timer_callback
 .text.task2    0x0000000000000270       0xd0 main.o
 .text.task1    0x0000000000000340       0xd0 main.o
 .text.startup.main
                0x0000000000000410       0x7c main.o
                0x0000000000000410                main
 .text.UsageFaultHandler
                0x000000000000048c        0xc startup.o
 .text.BusFaultHandler
                0x0000000000000498        0xc startup.o
 .text.HardFaultHandler
                0x00000000000004a4        0xc startup.o
 .text.IntDefaultHandler
                0x00000000000004b0        0xc startup.o
 .text.ResetISR
                0x00000000000004bc       0xac startup.o
                0x00000000000004bc                ResetISR
 .text.SystemInit
                0x0000000000000568       0x30 lib/libbsp.a(system.o)
                0x0000000000000568                SystemInit
 .text.delay_us.constprop.0
                0x0000000000000598       0x84 lib/libbsp.a(board.o)
 .text.board_init
                0x000000000000061c       0x64 lib/libbsp.a(board.o)
                0x000000000000061c                board_init
 .text.led_display
                0x0000000000000680       0x80 lib/libbsp.a(board.o)
                0x0000000000000680                led_display
 .text.led_blink
                0x0000000000000700       0x60 lib/libbsp.a(board.o)
                0x0000000000000700                led_blink
 .text.serial_init
                0x0000000000000760       0x50 lib/libbsp.a(serial.o)
                0x0000000000000760                serial_init
 .text.puts     0x00000000000007b0       0x28 lib/libbsp.a(serial.o)
                0x00000000000007b0                puts
 .text.print_buf
                0x00000000000007d8       0x34 lib/libbsp.a(serial.o)
                0x00000000000007d8                print_buf
 .text.gpio_in  0x000000000000080c       0x18 lib/libbsp.a(gpio.o)
                0x000000000000080c                gpio_in
 .text.gpio_out
                0x0000000000000824       0x38 lib/libbsp.a(gpio.o)
                0x0000000000000824                gpio_out
 .text.gpio_set
                0x000000000000085c       0x1c lib/libbsp.a(gpio.o)
                0x000000000000085c                gpio_set
 .text.gpio_clear
                0x0000000000000878       0x1c lib/libbsp.a(gpio.o)
                0x0000000000000878                gpio_clear
 .text.GPIOTE_IRQHandler
                0x0000000000000894       0x50 lib/libbsp.a(gpio.o)
                0x0000000000000894                GPIOTE_IRQHandler
 .text.printf   0x00000000000008e4      0x31c lib/libbsp.a(lib.o)
                0x00000000000008e4                printf
 .text.audio_init
                0x0000000000000c00       0x38 lib/libbsp.a(audio.o)
                0x0000000000000c00                audio_init
 .text.audio_sweep
                0x0000000000000c38       0x38 lib/libbsp.a(audio.o)
                0x0000000000000c38                audio_sweep
 .text.pwm_init
                0x0000000000000c70       0x18 lib/libbsp.a(pwm.o)
                0x0000000000000c70                pwm_init
 .text.pwm_out  0x0000000000000c88       0x90 lib/libbsp.a(pwm.o)
                0x0000000000000c88                pwm_out
 .text.adc_init
                0x0000000000000d18       0x34 lib/libbsp.a(adc.o)
                0x0000000000000d18                adc_init
 .text.svcRtxKernelInitialize
                0x0000000000000d4c      0x15c rtx/librtx.a(rtx_kernel.o)
 .text.svcRtxKernelStart
                0x0000000000000ea8       0xb8 rtx/librtx.a(rtx_kernel.o)
 .text.osRtxKernelBeforeInit
                0x0000000000000f60        0x4 rtx/librtx.a(rtx_kernel.o)
                0x0000000000000f60                osRtxKernelBeforeInit
 .text.osRtxKernelErrorNotify
                0x0000000000000f64       0x18 rtx/librtx.a(rtx_kernel.o)
                0x0000000000000f64                osRtxKernelErrorNotify
 .text.osKernelInitialize
                0x0000000000000f7c       0x38 rtx/librtx.a(rtx_kernel.o)
                0x0000000000000f7c                osKernelInitialize
 .text.osKernelStart
                0x0000000000000fb4       0x34 rtx/librtx.a(rtx_kernel.o)
                0x0000000000000fb4                osKernelStart
 .text.osRtxMemoryInit
                0x0000000000000fe8       0x44 rtx/librtx.a(rtx_memory.o)
                0x0000000000000fe8                osRtxMemoryInit
 .text.osRtxMemoryAlloc
                0x000000000000102c       0x90 rtx/librtx.a(rtx_memory.o)
                0x000000000000102c                osRtxMemoryAlloc
 .text.osRtxMemoryFree
                0x00000000000010bc       0x4c rtx/librtx.a(rtx_memory.o)
                0x00000000000010bc                osRtxMemoryFree
 .text.osRtxMemoryPoolInit
                0x0000000000001108       0x64 rtx/librtx.a(rtx_mempool.o)
                0x0000000000001108                osRtxMemoryPoolInit
 .text.osRtxMemoryPoolAlloc
                0x000000000000116c       0x48 rtx/librtx.a(rtx_mempool.o)
                0x000000000000116c                osRtxMemoryPoolAlloc
 .text.osRtxMemoryPoolFree
                0x00000000000011b4       0x60 rtx/librtx.a(rtx_mempool.o)
                0x00000000000011b4                osRtxMemoryPoolFree
 .text.osRtxTick_Handler
                0x0000000000001214       0x80 rtx/librtx.a(rtx_system.o)
                0x0000000000001214                osRtxTick_Handler
 .text.osRtxPendSV_Handler
                0x0000000000001294       0xa8 rtx/librtx.a(rtx_system.o)
                0x0000000000001294                osRtxPendSV_Handler
 .text.osRtxPostProcess
                0x000000000000133c       0x74 rtx/librtx.a(rtx_system.o)
                0x000000000000133c                osRtxPostProcess
 .text.svcRtxThreadYield
                0x00000000000013b0       0x88 rtx/librtx.a(rtx_thread.o)
 .text.osRtxThreadWaitEnter.part.0
                0x0000000000001438       0xa4 rtx/librtx.a(rtx_thread.o)
 .text.osRtxThreadListPut
                0x00000000000014dc       0x34 rtx/librtx.a(rtx_thread.o)
                0x00000000000014dc                osRtxThreadListPut
 .text.osRtxThreadListGet
                0x0000000000001510       0x14 rtx/librtx.a(rtx_thread.o)
                0x0000000000001510                osRtxThreadListGet
 .text.osRtxThreadListSort
                0x0000000000001524       0x5c rtx/librtx.a(rtx_thread.o)
                0x0000000000001524                osRtxThreadListSort
 .text.osRtxThreadListRemove
                0x0000000000001580       0x14 rtx/librtx.a(rtx_thread.o)
                0x0000000000001580                osRtxThreadListRemove
 .text.osRtxThreadReadyPut
                0x0000000000001594       0x44 rtx/librtx.a(rtx_thread.o)
                0x0000000000001594                osRtxThreadReadyPut
 .text.osRtxThreadDelayTick
                0x00000000000015d8      0x15c rtx/librtx.a(rtx_thread.o)
                0x00000000000015d8                osRtxThreadDelayTick
 .text.osRtxThreadRegPtr
                0x0000000000001734       0x14 rtx/librtx.a(rtx_thread.o)
                0x0000000000001734                osRtxThreadRegPtr
 .text.osRtxThreadSwitch
                0x0000000000001748       0x10 rtx/librtx.a(rtx_thread.o)
                0x0000000000001748                osRtxThreadSwitch
 .text.osRtxThreadDispatch
                0x0000000000001758      0x108 rtx/librtx.a(rtx_thread.o)
                0x0000000000001758                osRtxThreadDispatch
 .text.svcRtxThreadNew
                0x0000000000001860      0x2f0 rtx/librtx.a(rtx_thread.o)
 .text.svcRtxThreadSetPriority
                0x0000000000001b50       0xb4 rtx/librtx.a(rtx_thread.o)
 .text.osRtxThreadWaitExit
                0x0000000000001c04       0xb8 rtx/librtx.a(rtx_thread.o)
                0x0000000000001c04                osRtxThreadWaitExit
 .text.osRtxThreadPostProcess
                0x0000000000001cbc       0x94 rtx/librtx.a(rtx_thread.o)
 .text.osRtxThreadWaitEnter
                0x0000000000001d50       0x18 rtx/librtx.a(rtx_thread.o)
                0x0000000000001d50                osRtxThreadWaitEnter
 .text.osRtxThreadBeforeFree
                0x0000000000001d68        0x4 rtx/librtx.a(rtx_thread.o)
                0x0000000000001d68                osRtxThreadBeforeFree
 .text.osRtxThreadFree
                0x0000000000001d6c       0x5c rtx/librtx.a(rtx_thread.o)
 .text.svcRtxThreadExit
                0x0000000000001dc8      0x124 rtx/librtx.a(rtx_thread.o)
 .text.osRtxThreadStartup
                0x0000000000001eec       0x44 rtx/librtx.a(rtx_thread.o)
                0x0000000000001eec                osRtxThreadStartup
 .text.osThreadNew
                0x0000000000001f30       0x40 rtx/librtx.a(rtx_thread.o)
                0x0000000000001f30                osThreadNew
 .text.osThreadSetPriority
                0x0000000000001f70       0x3c rtx/librtx.a(rtx_thread.o)
                0x0000000000001f70                osThreadSetPriority
 .text.osThreadYield
                0x0000000000001fac       0x34 rtx/librtx.a(rtx_thread.o)
                0x0000000000001fac                osThreadYield
 .text.osThreadExit
                0x0000000000001fe0       0x1c rtx/librtx.a(rtx_thread.o)
                0x0000000000001fe0                osThreadExit
 .text.osThreadEntry
                0x0000000000001ffc        0x8 rtx/librtx.a(rtx_thread.o)
 .text.svcRtxTimerNew
                0x0000000000002004       0xac rtx/librtx.a(rtx_timer.o)
 .text.svcRtxTimerStart
                0x00000000000020b0       0xc4 rtx/librtx.a(rtx_timer.o)
 .text.osRtxTimerTick
                0x0000000000002174       0xc0 rtx/librtx.a(rtx_timer.o)
 .text.osRtxTimerSetup
                0x0000000000002234       0x20 rtx/librtx.a(rtx_timer.o)
                0x0000000000002234                osRtxTimerSetup
 .text.osRtxTimerThread
                0x0000000000002254       0x28 rtx/librtx.a(rtx_timer.o)
                0x0000000000002254                osRtxTimerThread
 .text.osTimerNew
                0x000000000000227c       0x44 rtx/librtx.a(rtx_timer.o)
                0x000000000000227c                osTimerNew
 .text.osTimerStart
                0x00000000000022c0       0x3c rtx/librtx.a(rtx_timer.o)
                0x00000000000022c0                osTimerStart
 .text          0x00000000000022fc       0xc8 rtx/librtx.a(irq_armv7m.o)
                0x00000000000022fc                SVC_Handler
                0x0000000000002396                PendSV_Handler
                0x00000000000023a6                SysTick_Handler
 .text.OS_Tick_Setup
                0x00000000000023c4       0x4c rtx/librtx.a(os_systick.o)
                0x00000000000023c4                OS_Tick_Setup
 .text.OS_Tick_Enable
                0x0000000000002410       0x28 rtx/librtx.a(os_systick.o)
                0x0000000000002410                OS_Tick_Enable
 .text.OS_Tick_AcknowledgeIRQ
                0x0000000000002438        0x8 rtx/librtx.a(os_systick.o)
                0x0000000000002438                OS_Tick_AcknowledgeIRQ
 .text.OS_Tick_GetIRQn
                0x0000000000002440        0x8 rtx/librtx.a(os_systick.o)
                0x0000000000002440                OS_Tick_GetIRQn
 .text.osRtxIdleThread
                0x0000000000002448        0x4 rtx/librtx.a(RTX_Config.o)
                0x0000000000002448                osRtxIdleThread
 .text.osRtxErrorNotify
                0x000000000000244c        0x4 rtx/librtx.a(RTX_Config.o)
                0x000000000000244c                osRtxErrorNotify
 .text.EvrRtxMemoryInit
                0x0000000000002450        0x4 rtx/librtx.a(rtx_evr.o)
                0x0000000000002450                EvrRtxMemoryInit
 .text.EvrRtxMemoryAlloc
                0x0000000000002454        0x4 rtx/librtx.a(rtx_evr.o)
                0x0000000000002454                EvrRtxMemoryAlloc
 .text.EvrRtxMemoryFree
                0x0000000000002458        0x4 rtx/librtx.a(rtx_evr.o)
                0x0000000000002458                EvrRtxMemoryFree
 .text.EvrRtxMemoryBlockInit
                0x000000000000245c        0x4 rtx/librtx.a(rtx_evr.o)
                0x000000000000245c                EvrRtxMemoryBlockInit
 .text.EvrRtxMemoryBlockAlloc
                0x0000000000002460        0x4 rtx/librtx.a(rtx_evr.o)
                0x0000000000002460                EvrRtxMemoryBlockAlloc
 .text.EvrRtxMemoryBlockFree
                0x0000000000002464        0x4 rtx/librtx.a(rtx_evr.o)
                0x0000000000002464                EvrRtxMemoryBlockFree
 .text.EvrRtxKernelError
                0x0000000000002468        0x4 rtx/librtx.a(rtx_evr.o)
                0x0000000000002468                EvrRtxKernelError
 .text.EvrRtxKernelInitialize
                0x000000000000246c        0x4 rtx/librtx.a(rtx_evr.o)
                0x000000000000246c                EvrRtxKernelInitialize
 .text.EvrRtxKernelInitialized
                0x0000000000002470        0x4 rtx/librtx.a(rtx_evr.o)
                0x0000000000002470                EvrRtxKernelInitialized
 .text.EvrRtxKernelStart
                0x0000000000002474        0x4 rtx/librtx.a(rtx_evr.o)
                0x0000000000002474                EvrRtxKernelStart
 .text.EvrRtxKernelStarted
                0x0000000000002478        0x4 rtx/librtx.a(rtx_evr.o)
                0x0000000000002478                EvrRtxKernelStarted
 .text.EvrRtxKernelErrorNotify
                0x000000000000247c        0x4 rtx/librtx.a(rtx_evr.o)
                0x000000000000247c                EvrRtxKernelErrorNotify
 .text.EvrRtxThreadError
                0x0000000000002480        0x4 rtx/librtx.a(rtx_evr.o)
                0x0000000000002480                EvrRtxThreadError
 .text.EvrRtxThreadNew
                0x0000000000002484        0x4 rtx/librtx.a(rtx_evr.o)
                0x0000000000002484                EvrRtxThreadNew
 .text.EvrRtxThreadCreated
                0x0000000000002488        0x4 rtx/librtx.a(rtx_evr.o)
                0x0000000000002488                EvrRtxThreadCreated
 .text.EvrRtxThreadSetPriority
                0x000000000000248c        0x4 rtx/librtx.a(rtx_evr.o)
                0x000000000000248c                EvrRtxThreadSetPriority
 .text.EvrRtxThreadPriorityUpdated
                0x0000000000002490        0x4 rtx/librtx.a(rtx_evr.o)
                0x0000000000002490                EvrRtxThreadPriorityUpdated
 .text.EvrRtxThreadYield
                0x0000000000002494        0x4 rtx/librtx.a(rtx_evr.o)
                0x0000000000002494                EvrRtxThreadYield
 .text.EvrRtxThreadJoined
                0x0000000000002498        0x4 rtx/librtx.a(rtx_evr.o)
                0x0000000000002498                EvrRtxThreadJoined
 .text.EvrRtxThreadBlocked
                0x000000000000249c        0x4 rtx/librtx.a(rtx_evr.o)
                0x000000000000249c                EvrRtxThreadBlocked
 .text.EvrRtxThreadUnblocked
                0x00000000000024a0        0x4 rtx/librtx.a(rtx_evr.o)
                0x00000000000024a0                EvrRtxThreadUnblocked
 .text.EvrRtxThreadPreempted
                0x00000000000024a4        0x4 rtx/librtx.a(rtx_evr.o)
                0x00000000000024a4                EvrRtxThreadPreempted
 .text.EvrRtxThreadSwitched
                0x00000000000024a8        0x4 rtx/librtx.a(rtx_evr.o)
                0x00000000000024a8                EvrRtxThreadSwitched
 .text.EvrRtxThreadExit
                0x00000000000024ac        0x4 rtx/librtx.a(rtx_evr.o)
                0x00000000000024ac                EvrRtxThreadExit
 .text.EvrRtxThreadDestroyed
                0x00000000000024b0        0x4 rtx/librtx.a(rtx_evr.o)
                0x00000000000024b0                EvrRtxThreadDestroyed
 .text.EvrRtxThreadFlagsWaitTimeout
                0x00000000000024b4        0x4 rtx/librtx.a(rtx_evr.o)
                0x00000000000024b4                EvrRtxThreadFlagsWaitTimeout
 .text.EvrRtxThreadFlagsWaitCompleted
                0x00000000000024b8        0x4 rtx/librtx.a(rtx_evr.o)
                0x00000000000024b8                EvrRtxThreadFlagsWaitCompleted
 .text.EvrRtxDelayCompleted
                0x00000000000024bc        0x4 rtx/librtx.a(rtx_evr.o)
                0x00000000000024bc                EvrRtxDelayCompleted
 .text.EvrRtxTimerError
                0x00000000000024c0        0x4 rtx/librtx.a(rtx_evr.o)
                0x00000000000024c0                EvrRtxTimerError
 .text.EvrRtxTimerCallback
                0x00000000000024c4        0x4 rtx/librtx.a(rtx_evr.o)
                0x00000000000024c4                EvrRtxTimerCallback
 .text.EvrRtxTimerNew
                0x00000000000024c8        0x4 rtx/librtx.a(rtx_evr.o)
                0x00000000000024c8                EvrRtxTimerNew
 .text.EvrRtxTimerCreated
                0x00000000000024cc        0x4 rtx/librtx.a(rtx_evr.o)
                0x00000000000024cc                EvrRtxTimerCreated
 .text.EvrRtxTimerStart
                0x00000000000024d0        0x4 rtx/librtx.a(rtx_evr.o)
                0x00000000000024d0                EvrRtxTimerStart
 .text.EvrRtxTimerStarted
                0x00000000000024d4        0x4 rtx/librtx.a(rtx_evr.o)
                0x00000000000024d4                EvrRtxTimerStarted
 .text.EvrRtxEventFlagsWaitTimeout
                0x00000000000024d8        0x4 rtx/librtx.a(rtx_evr.o)
                0x00000000000024d8                EvrRtxEventFlagsWaitTimeout
 .text.EvrRtxMutexAcquireTimeout
                0x00000000000024dc        0x4 rtx/librtx.a(rtx_evr.o)
                0x00000000000024dc                EvrRtxMutexAcquireTimeout
 .text.EvrRtxMutexAcquired
                0x00000000000024e0        0x4 rtx/librtx.a(rtx_evr.o)
                0x00000000000024e0                EvrRtxMutexAcquired
 .text.EvrRtxMutexReleased
                0x00000000000024e4        0x4 rtx/librtx.a(rtx_evr.o)
                0x00000000000024e4                EvrRtxMutexReleased
 .text.EvrRtxSemaphoreAcquireTimeout
                0x00000000000024e8        0x4 rtx/librtx.a(rtx_evr.o)
                0x00000000000024e8                EvrRtxSemaphoreAcquireTimeout
 .text.EvrRtxMemoryPoolAllocTimeout
                0x00000000000024ec        0x4 rtx/librtx.a(rtx_evr.o)
                0x00000000000024ec                EvrRtxMemoryPoolAllocTimeout
 .text.EvrRtxMessageQueueError
                0x00000000000024f0        0x4 rtx/librtx.a(rtx_evr.o)
                0x00000000000024f0                EvrRtxMessageQueueError
 .text.EvrRtxMessageQueueCreated
                0x00000000000024f4        0x4 rtx/librtx.a(rtx_evr.o)
                0x00000000000024f4                EvrRtxMessageQueueCreated
 .text.EvrRtxMessageQueuePut
                0x00000000000024f8        0x4 rtx/librtx.a(rtx_evr.o)
                0x00000000000024f8                EvrRtxMessageQueuePut
 .text.EvrRtxMessageQueuePutPending
                0x00000000000024fc        0x4 rtx/librtx.a(rtx_evr.o)
                0x00000000000024fc                EvrRtxMessageQueuePutPending
 .text.EvrRtxMessageQueuePutTimeout
                0x0000000000002500        0x4 rtx/librtx.a(rtx_evr.o)
                0x0000000000002500                EvrRtxMessageQueuePutTimeout
 .text.EvrRtxMessageQueueInsertPending
                0x0000000000002504        0x4 rtx/librtx.a(rtx_evr.o)
                0x0000000000002504                EvrRtxMessageQueueInsertPending
 .text.EvrRtxMessageQueueInserted
                0x0000000000002508        0x4 rtx/librtx.a(rtx_evr.o)
                0x0000000000002508                EvrRtxMessageQueueInserted
 .text.EvrRtxMessageQueueNotInserted
                0x000000000000250c        0x4 rtx/librtx.a(rtx_evr.o)
                0x000000000000250c                EvrRtxMessageQueueNotInserted
 .text.EvrRtxMessageQueueGet
                0x0000000000002510        0x4 rtx/librtx.a(rtx_evr.o)
                0x0000000000002510                EvrRtxMessageQueueGet
 .text.EvrRtxMessageQueueGetPending
                0x0000000000002514        0x4 rtx/librtx.a(rtx_evr.o)
                0x0000000000002514                EvrRtxMessageQueueGetPending
 .text.EvrRtxMessageQueueGetTimeout
                0x0000000000002518        0x4 rtx/librtx.a(rtx_evr.o)
                0x0000000000002518                EvrRtxMessageQueueGetTimeout
 .text.EvrRtxMessageQueueRetrieved
                0x000000000000251c        0x4 rtx/librtx.a(rtx_evr.o)
                0x000000000000251c                EvrRtxMessageQueueRetrieved
 .text.EvrRtxMessageQueueNotRetrieved
                0x0000000000002520        0x4 rtx/librtx.a(rtx_evr.o)
                0x0000000000002520                EvrRtxMessageQueueNotRetrieved
 .text.svcRtxMessageQueuePut
                0x0000000000002524      0x12c rtx/librtx.a(rtx_msgqueue.o)
 .text.osRtxMessageQueuePostProcess
                0x0000000000002650      0x18c rtx/librtx.a(rtx_msgqueue.o)
 .text.svcRtxMessageQueueGet
                0x00000000000027dc      0x1c4 rtx/librtx.a(rtx_msgqueue.o)
 .text.osRtxMessageQueueTimerSetup
                0x00000000000029a0      0x184 rtx/librtx.a(rtx_msgqueue.o)
                0x00000000000029a0                osRtxMessageQueueTimerSetup
 .text.osMessageQueuePut
                0x0000000000002b24       0x9c rtx/librtx.a(rtx_msgqueue.o)
                0x0000000000002b24                osMessageQueuePut
 .text.osMessageQueueGet
                0x0000000000002bc0       0xe0 rtx/librtx.a(rtx_msgqueue.o)
                0x0000000000002bc0                osMessageQueueGet
 .text.osRtxMutexOwnerRelease
                0x0000000000002ca0       0x64 rtx/librtx.a(rtx_mutex.o)
                0x0000000000002ca0                osRtxMutexOwnerRelease
 .text.osRtxMutexOwnerRestore
                0x0000000000002d04       0x40 rtx/librtx.a(rtx_mutex.o)
                0x0000000000002d04                osRtxMutexOwnerRestore
 .text.memset   0x0000000000002d44       0xa4 /opt/arm-gcc/arm-none-eabi/lib/thumb/v7e-m+fp/hard/libc.a(libc_a-memset.o)
                0x0000000000002d44                memset
 .text          0x0000000000002de8      0x134 /opt/arm-gcc/arm-none-eabi/lib/thumb/v7e-m+fp/hard/libc.a(libc_a-memcpy.o)
                0x0000000000002de8                memcpy
 *(.rodata*)
 .rodata.timer_callback.str1.4
                0x0000000000002f1c        0xf main.o
 *fill*         0x0000000000002f2b        0x1 
 .rodata.task2.str1.4
                0x0000000000002f2c        0xf main.o
 *fill*         0x0000000000002f3b        0x1 
 .rodata.task1.str1.4
                0x0000000000002f3c        0xf main.o
 *fill*         0x0000000000002f4b        0x1 
 .rodata.main.str1.4
                0x0000000000002f4c        0xf main.o
 *fill*         0x0000000000002f5b        0x1 
 .rodata.led_cols
                0x0000000000002f5c        0x5 lib/libbsp.a(board.o)
                0x0000000000002f5c                led_cols
 *fill*         0x0000000000002f61        0x3 
 .rodata.led_rows
                0x0000000000002f64        0x5 lib/libbsp.a(board.o)
                0x0000000000002f64                led_rows
 *fill*         0x0000000000002f69        0x3 
 .rodata._do_print.str1.4
                0x0000000000002f6c       0x11 lib/libbsp.a(lib.o)
 *fill*         0x0000000000002f7d        0x3 
 .rodata.svcRtxKernelGetInfo.str1.4
                0x0000000000002f80        0xb rtx/librtx.a(rtx_kernel.o)
 *fill*         0x0000000000002f8b        0x1 
 .rodata        0x0000000000002f8c       0xa8 rtx/librtx.a(rtx_lib.o)
                0x0000000000002f8c                os_cb_sections
                0x0000000000002fc4                osRtxConfig
 .rodata.osRtxUserSVC
                0x0000000000003034        0x4 rtx/librtx.a(rtx_lib.o)
                0x0000000000003034                osRtxUserSVC
 .rodata.os_timer_mq_attr
                0x0000000000003038       0x18 rtx/librtx.a(rtx_lib.o)
 .rodata.os_timer_thread_attr
                0x0000000000003050       0x24 rtx/librtx.a(rtx_lib.o)
 .rodata.os_idle_thread_attr
                0x0000000000003074       0x24 rtx/librtx.a(rtx_lib.o)
                0x0000000000003098                . = ALIGN (0x4)
                0x0000000000003098                __etext = .

.glue_7         0x0000000000003098        0x0
 .glue_7        0x0000000000003098        0x0 linker stubs

.glue_7t        0x0000000000003098        0x0
 .glue_7t       0x0000000000003098        0x0 linker stubs

.vfp11_veneer   0x0000000000003098        0x0
 .vfp11_veneer  0x0000000000003098        0x0 linker stubs

.v4_bx          0x0000000000003098        0x0
 .v4_bx         0x0000000000003098        0x0 linker stubs

.iplt           0x0000000000003098        0x0
 .iplt          0x0000000000003098        0x0 main.o

.rel.dyn        0x0000000000003098        0x0
 .rel.iplt      0x0000000000003098        0x0 main.o

.data           0x0000000020000000       0xa4 load address 0x0000000000003098
                0x0000000000003098                __data_load__ = LOADADDR (.data)
                0x0000000020000000                __data_start__ = .
                0x0000000020000000                . = ALIGN (0x4)
 *(.data*)
 .data.os       0x0000000020000000       0xa4 rtx/librtx.a(rtx_kernel.o)
                0x0000000020000000                osRtxInfo
                0x00000000200000a4                . = ALIGN (0x4)
                0x00000000200000a4                __data_end__ = .

.igot.plt       0x00000000200000a4        0x0 load address 0x000000000000313c
 .igot.plt      0x00000000200000a4        0x0 main.o

.bss            0x00000000200000a8     0x85d4 load address 0x0000000000003140
                0x00000000200000a8                __bss_start__ = .
                0x00000000200000a8                . = ALIGN (0x4)
 *(.bss*)
 .bss.first.0   0x00000000200000a8        0x4 main.o
 .bss.c0        0x00000000200000ac        0x4 main.o
                0x00000000200000ac                c0
 .bss.r0        0x00000000200000b0        0x4 main.o
                0x00000000200000b0                r0
 .bss.c         0x00000000200000b4        0x4 main.o
                0x00000000200000b4                c
 .bss.r         0x00000000200000b8        0x4 main.o
                0x00000000200000b8                r
 .bss.count     0x00000000200000bc        0x4 main.o
 .bss.frame_buffer
                0x00000000200000c0       0x19 main.o
                0x00000000200000c0                frame_buffer
 *fill*         0x00000000200000d9        0x3 
 .bss.SystemCoreClock
                0x00000000200000dc        0x4 lib/libbsp.a(system.o)
                0x00000000200000dc                SystemCoreClock
 .bss.gpio_irq_event_counters
                0x00000000200000e0       0x20 lib/libbsp.a(gpio.o)
                0x00000000200000e0                gpio_irq_event_counters
 .bss.gpio_irq_counter
                0x0000000020000100        0x4 lib/libbsp.a(gpio.o)
                0x0000000020000100                gpio_irq_counter
 .bss.event_callbacks
                0x0000000020000104       0x20 lib/libbsp.a(gpio.o)
                0x0000000020000104                event_callbacks
 .bss.duty_cycle
                0x0000000020000124        0x4 lib/libbsp.a(audio.o)
 .bss.s_sequence
                0x0000000020000128        0x4 lib/libbsp.a(pwm.o)
 .bss.os.msgqueue.mem
                0x000000002000012c       0x50 rtx/librtx.a(rtx_lib.o)
 .bss.os.msgqueue.cb
                0x000000002000017c       0x34 rtx/librtx.a(rtx_lib.o)
 .bss.os.thread.timer.stack
                0x00000000200001b0      0x200 rtx/librtx.a(rtx_lib.o)
 .bss.os.thread.cb
                0x00000000200003b0       0x88 rtx/librtx.a(rtx_lib.o)
 .bss.os.thread.idle.stack
                0x0000000020000438      0x200 rtx/librtx.a(rtx_lib.o)
 .bss.os        0x0000000020000638     0x8040 rtx/librtx.a(rtx_lib.o)
 .bss.os        0x0000000020008678        0x1 rtx/librtx.a(os_systick.o)
 *(COMMON)
                0x000000002000867c                . = ALIGN (0x4)
 *fill*         0x0000000020008679        0x3 
                0x000000002000867c                __bss_end__ = .

.heap           0x0000000000000000        0x0
                0x0000000000000000                __heap_start__ = .
                0x0000000000000000                . = ALIGN (0x4)
 *(.heap*)
                0x0000000000000000                . = ALIGN (0x4)
                0x0000000000000000                __heap_end__ = .

.stack          0x000000002000867c     0x2000 load address 0x000000000000b714
                0x000000002000867c                __stack_start__ = .
                0x000000002000867c                . = ALIGN (0x4)
                0x000000002000a67c                __stack_size__ = 0x2000
                0x0000000000002000                . = (. + __stack_size__)
 *fill*         0x000000002000867c     0x2000 
                0x000000002000a67c                . = ALIGN (0x4)
                0x000000002000a67c                __stack_end__ = .
LOAD main.o
LOAD startup.o
LOAD lib/libbsp.a
LOAD rtx/librtx.a
LOAD /opt/arm-gcc/arm-none-eabi/lib/thumb/v7e-m+fp/hard/libm.a
LOAD /opt/arm-gcc/arm-none-eabi/lib/thumb/v7e-m+fp/hard/libc.a
LOAD /opt/arm-gcc/lib/gcc/arm-none-eabi/12.2.1/thumb/v7e-m+fp/hard/libgcc.a
OUTPUT(MICROBIT.out elf32-littlearm)
LOAD linker stubs

.debug_info     0x0000000000000000    0x1e699
 .debug_info    0x0000000000000000      0x8f9 main.o
 .debug_info    0x00000000000008f9      0x2d0 startup.o
 .debug_info    0x0000000000000bc9       0x75 lib/libbsp.a(system.o)
 .debug_info    0x0000000000000c3e     0x12c2 lib/libbsp.a(board.o)
 .debug_info    0x0000000000001f00      0x29d lib/libbsp.a(serial.o)
 .debug_info    0x000000000000219d      0x322 lib/libbsp.a(gpio.o)
 .debug_info    0x00000000000024bf     0x1ad7 lib/libbsp.a(lib.o)
 .debug_info    0x0000000000003f96      0x6f9 lib/libbsp.a(audio.o)
 .debug_info    0x000000000000468f      0x165 lib/libbsp.a(pwm.o)
 .debug_info    0x00000000000047f4      0x19f lib/libbsp.a(adc.o)
 .debug_info    0x0000000000004993     0x33f2 rtx/librtx.a(rtx_kernel.o)
 .debug_info    0x0000000000007d85      0xc38 rtx/librtx.a(rtx_lib.o)
 .debug_info    0x00000000000089bd      0x639 rtx/librtx.a(rtx_memory.o)
 .debug_info    0x0000000000008ff6     0x34e0 rtx/librtx.a(rtx_mempool.o)
 .debug_info    0x000000000000c4d6     0x11fd rtx/librtx.a(rtx_system.o)
 .debug_info    0x000000000000d6d3     0x6adf rtx/librtx.a(rtx_thread.o)
 .debug_info    0x00000000000141b2     0x1fb6 rtx/librtx.a(rtx_timer.o)
 .debug_info    0x0000000000016168       0x45 rtx/librtx.a(irq_armv7m.o)
 .debug_info    0x00000000000161ad      0x453 rtx/librtx.a(os_systick.o)
 .debug_info    0x0000000000016600      0x100 rtx/librtx.a(RTX_Config.o)
 .debug_info    0x0000000000016700     0x1ecf rtx/librtx.a(rtx_evr.o)
 .debug_info    0x00000000000185cf     0x41f0 rtx/librtx.a(rtx_msgqueue.o)
 .debug_info    0x000000000001c7bf     0x1eda rtx/librtx.a(rtx_mutex.o)

.debug_abbrev   0x0000000000000000     0x3a72
 .debug_abbrev  0x0000000000000000      0x264 main.o
 .debug_abbrev  0x0000000000000264      0x1c6 startup.o
 .debug_abbrev  0x000000000000042a       0x74 lib/libbsp.a(system.o)
 .debug_abbrev  0x000000000000049e      0x29f lib/libbsp.a(board.o)
 .debug_abbrev  0x000000000000073d      0x183 lib/libbsp.a(serial.o)
 .debug_abbrev  0x00000000000008c0      0x15d lib/libbsp.a(gpio.o)
 .debug_abbrev  0x0000000000000a1d      0x36f lib/libbsp.a(lib.o)
 .debug_abbrev  0x0000000000000d8c      0x26c lib/libbsp.a(audio.o)
 .debug_abbrev  0x0000000000000ff8       0xcf lib/libbsp.a(pwm.o)
 .debug_abbrev  0x00000000000010c7      0x128 lib/libbsp.a(adc.o)
 .debug_abbrev  0x00000000000011ef      0x52e rtx/librtx.a(rtx_kernel.o)
 .debug_abbrev  0x000000000000171d      0x20b rtx/librtx.a(rtx_lib.o)
 .debug_abbrev  0x0000000000001928      0x1e8 rtx/librtx.a(rtx_memory.o)
 .debug_abbrev  0x0000000000001b10      0x4ac rtx/librtx.a(rtx_mempool.o)
 .debug_abbrev  0x0000000000001fbc      0x364 rtx/librtx.a(rtx_system.o)
 .debug_abbrev  0x0000000000002320      0x56e rtx/librtx.a(rtx_thread.o)
 .debug_abbrev  0x000000000000288e      0x48f rtx/librtx.a(rtx_timer.o)
 .debug_abbrev  0x0000000000002d1d       0x21 rtx/librtx.a(irq_armv7m.o)
 .debug_abbrev  0x0000000000002d3e      0x1ae rtx/librtx.a(os_systick.o)
 .debug_abbrev  0x0000000000002eec       0x90 rtx/librtx.a(RTX_Config.o)
 .debug_abbrev  0x0000000000002f7c      0x215 rtx/librtx.a(rtx_evr.o)
 .debug_abbrev  0x0000000000003191      0x4c1 rtx/librtx.a(rtx_msgqueue.o)
 .debug_abbrev  0x0000000000003652      0x420 rtx/librtx.a(rtx_mutex.o)

.debug_loclists
                0x0000000000000000     0xa923
 .debug_loclists
                0x0000000000000000      0x1fb main.o
 .debug_loclists
                0x00000000000001fb       0x38 startup.o
 .debug_loclists
                0x0000000000000233      0x3f6 lib/libbsp.a(board.o)
 .debug_loclists
                0x0000000000000629      0x147 lib/libbsp.a(serial.o)
 .debug_loclists
                0x0000000000000770      0x194 lib/libbsp.a(gpio.o)
 .debug_loclists
                0x0000000000000904     0x15f3 lib/libbsp.a(lib.o)
 .debug_loclists
                0x0000000000001ef7      0x3e2 lib/libbsp.a(audio.o)
 .debug_loclists
                0x00000000000022d9       0xb4 lib/libbsp.a(pwm.o)
 .debug_loclists
                0x000000000000238d       0x44 lib/libbsp.a(adc.o)
 .debug_loclists
                0x00000000000023d1      0x8e6 rtx/librtx.a(rtx_kernel.o)
 .debug_loclists
                0x0000000000002cb7      0x474 rtx/librtx.a(rtx_memory.o)
 .debug_loclists
                0x000000000000312b     0x1550 rtx/librtx.a(rtx_mempool.o)
 .debug_loclists
                0x000000000000467b      0x162 rtx/librtx.a(rtx_system.o)
 .debug_loclists
                0x00000000000047dd     0x33b1 rtx/librtx.a(rtx_thread.o)
 .debug_loclists
                0x0000000000007b8e      0x9c4 rtx/librtx.a(rtx_timer.o)
 .debug_loclists
                0x0000000000008552       0x73 rtx/librtx.a(os_systick.o)
 .debug_loclists
                0x00000000000085c5       0x2d rtx/librtx.a(RTX_Config.o)
 .debug_loclists
                0x00000000000085f2     0x1abb rtx/librtx.a(rtx_msgqueue.o)
 .debug_loclists
                0x000000000000a0ad      0x876 rtx/librtx.a(rtx_mutex.o)

.debug_aranges  0x0000000000000000      0xf20
 .debug_aranges
                0x0000000000000000       0x48 main.o
 .debug_aranges
                0x0000000000000048       0x60 startup.o
 .debug_aranges
                0x00000000000000a8       0x20 lib/libbsp.a(system.o)
 .debug_aranges
                0x00000000000000c8       0x80 lib/libbsp.a(board.o)
 .debug_aranges
                0x0000000000000148       0x50 lib/libbsp.a(serial.o)
 .debug_aranges
                0x0000000000000198       0x58 lib/libbsp.a(gpio.o)
 .debug_aranges
                0x00000000000001f0       0x50 lib/libbsp.a(lib.o)
 .debug_aranges
                0x0000000000000240       0x50 lib/libbsp.a(audio.o)
 .debug_aranges
                0x0000000000000290       0x28 lib/libbsp.a(pwm.o)
 .debug_aranges
                0x00000000000002b8       0x30 lib/libbsp.a(adc.o)
 .debug_aranges
                0x00000000000002e8       0xf8 rtx/librtx.a(rtx_kernel.o)
 .debug_aranges
                0x00000000000003e0       0x20 rtx/librtx.a(rtx_lib.o)
 .debug_aranges
                0x0000000000000400       0x30 rtx/librtx.a(rtx_memory.o)
 .debug_aranges
                0x0000000000000430       0xc8 rtx/librtx.a(rtx_mempool.o)
 .debug_aranges
                0x00000000000004f8       0x30 rtx/librtx.a(rtx_system.o)
 .debug_aranges
                0x0000000000000528      0x1f0 rtx/librtx.a(rtx_thread.o)
 .debug_aranges
                0x0000000000000718       0x90 rtx/librtx.a(rtx_timer.o)
 .debug_aranges
                0x00000000000007a8       0x20 rtx/librtx.a(irq_armv7m.o)
 .debug_aranges
                0x00000000000007c8       0x60 rtx/librtx.a(os_systick.o)
 .debug_aranges
                0x0000000000000828       0x28 rtx/librtx.a(RTX_Config.o)
 .debug_aranges
                0x0000000000000850      0x580 rtx/librtx.a(rtx_evr.o)
 .debug_aranges
                0x0000000000000dd0       0xc8 rtx/librtx.a(rtx_msgqueue.o)
 .debug_aranges
                0x0000000000000e98       0x88 rtx/librtx.a(rtx_mutex.o)

.debug_rnglists
                0x0000000000000000     0x1a62
 .debug_rnglists
                0x0000000000000000       0x33 main.o
 .debug_rnglists
                0x0000000000000033       0x56 startup.o
 .debug_rnglists
                0x0000000000000089       0x22 lib/libbsp.a(system.o)
 .debug_rnglists
                0x00000000000000ab       0xad lib/libbsp.a(board.o)
 .debug_rnglists
                0x0000000000000158       0x55 lib/libbsp.a(serial.o)
 .debug_rnglists
                0x00000000000001ad       0x3d lib/libbsp.a(gpio.o)
 .debug_rnglists
                0x00000000000001ea      0x270 lib/libbsp.a(lib.o)
 .debug_rnglists
                0x000000000000045a       0x7e lib/libbsp.a(audio.o)
 .debug_rnglists
                0x00000000000004d8       0x1a lib/libbsp.a(pwm.o)
 .debug_rnglists
                0x00000000000004f2       0x2b lib/libbsp.a(adc.o)
 .debug_rnglists
                0x000000000000051d      0x1e5 rtx/librtx.a(rtx_kernel.o)
 .debug_rnglists
                0x0000000000000702       0x13 rtx/librtx.a(rtx_lib.o)
 .debug_rnglists
                0x0000000000000715       0x4a rtx/librtx.a(rtx_memory.o)
 .debug_rnglists
                0x000000000000075f      0x27f rtx/librtx.a(rtx_mempool.o)
 .debug_rnglists
                0x00000000000009de       0x5d rtx/librtx.a(rtx_system.o)
 .debug_rnglists
                0x0000000000000a3b      0x712 rtx/librtx.a(rtx_thread.o)
 .debug_rnglists
                0x000000000000114d      0x128 rtx/librtx.a(rtx_timer.o)
 .debug_rnglists
                0x0000000000001275       0x43 rtx/librtx.a(os_systick.o)
 .debug_rnglists
                0x00000000000012b8       0x19 rtx/librtx.a(RTX_Config.o)
 .debug_rnglists
                0x00000000000012d1      0x41b rtx/librtx.a(rtx_evr.o)
 .debug_rnglists
                0x00000000000016ec      0x2e1 rtx/librtx.a(rtx_msgqueue.o)
 .debug_rnglists
                0x00000000000019cd       0x95 rtx/librtx.a(rtx_mutex.o)

.debug_macro    0x0000000000000000     0x5488
 .debug_macro   0x0000000000000000      0x1ba main.o
 .debug_macro   0x00000000000001ba      0xaa2 main.o
 .debug_macro   0x0000000000000c5c       0x22 main.o
 .debug_macro   0x0000000000000c7e       0x75 main.o
 .debug_macro   0x0000000000000cf3       0x2a main.o
 .debug_macro   0x0000000000000d1d       0x94 main.o
 .debug_macro   0x0000000000000db1       0x3c main.o
 .debug_macro   0x0000000000000ded       0x34 main.o
 .debug_macro   0x0000000000000e21      0x189 main.o
 .debug_macro   0x0000000000000faa       0x16 main.o
 .debug_macro   0x0000000000000fc0       0x43 main.o
 .debug_macro   0x0000000000001003       0x57 main.o
 .debug_macro   0x000000000000105a       0x34 main.o
 .debug_macro   0x000000000000108e       0x10 main.o
 .debug_macro   0x000000000000109e       0x58 main.o
 .debug_macro   0x00000000000010f6      0x1de main.o
 .debug_macro   0x00000000000012d4      0x369 main.o
 .debug_macro   0x000000000000163d       0x10 main.o
 .debug_macro   0x000000000000164d       0x35 main.o
 .debug_macro   0x0000000000001682      0x103 main.o
 .debug_macro   0x0000000000001785       0x6a main.o
 .debug_macro   0x00000000000017ef      0x1df main.o
 .debug_macro   0x00000000000019ce       0x16 main.o
 .debug_macro   0x00000000000019e4       0x16 main.o
 .debug_macro   0x00000000000019fa       0x29 main.o
 .debug_macro   0x0000000000001a23       0x3a main.o
 .debug_macro   0x0000000000001a5d       0x10 main.o
 .debug_macro   0x0000000000001a6d       0x88 main.o
 .debug_macro   0x0000000000001af5       0x58 main.o
 .debug_macro   0x0000000000001b4d       0x10 main.o
 .debug_macro   0x0000000000001b5d       0x74 main.o
 .debug_macro   0x0000000000001bd1       0x6a startup.o
 .debug_macro   0x0000000000001c3b       0x8e startup.o
 .debug_macro   0x0000000000001cc9       0x51 startup.o
 .debug_macro   0x0000000000001d1a       0x29 lib/libbsp.a(system.o)
 .debug_macro   0x0000000000001d43       0xb5 lib/libbsp.a(board.o)
 .debug_macro   0x0000000000001df8       0xe8 lib/libbsp.a(serial.o)
 .debug_macro   0x0000000000001ee0      0x11b lib/libbsp.a(gpio.o)
 .debug_macro   0x0000000000001ffb       0x31 lib/libbsp.a(lib.o)
 .debug_macro   0x000000000000202c      0x17d lib/libbsp.a(audio.o)
 .debug_macro   0x00000000000021a9       0x7b lib/libbsp.a(audio.o)
 .debug_macro   0x0000000000002224      0x19b lib/libbsp.a(audio.o)
 .debug_macro   0x00000000000023bf      0x119 lib/libbsp.a(audio.o)
 .debug_macro   0x00000000000024d8      0x192 lib/libbsp.a(pwm.o)
 .debug_macro   0x000000000000266a      0x1af lib/libbsp.a(adc.o)
 .debug_macro   0x0000000000002819      0x1f1 rtx/librtx.a(rtx_kernel.o)
 .debug_macro   0x0000000000002a0a      0x1a3 rtx/librtx.a(rtx_kernel.o)
 .debug_macro   0x0000000000002bad       0x2e rtx/librtx.a(rtx_kernel.o)
 .debug_macro   0x0000000000002bdb       0x1c rtx/librtx.a(rtx_kernel.o)
 .debug_macro   0x0000000000002bf7       0x22 rtx/librtx.a(rtx_kernel.o)
 .debug_macro   0x0000000000002c19      0x107 rtx/librtx.a(rtx_kernel.o)
 .debug_macro   0x0000000000002d20     0x1011 rtx/librtx.a(rtx_kernel.o)
 .debug_macro   0x0000000000003d31      0x11f rtx/librtx.a(rtx_kernel.o)
 .debug_macro   0x0000000000003e50       0x22 rtx/librtx.a(rtx_kernel.o)
 .debug_macro   0x0000000000003e72       0xbb rtx/librtx.a(rtx_kernel.o)
 .debug_macro   0x0000000000003f2d       0x10 rtx/librtx.a(rtx_kernel.o)
 .debug_macro   0x0000000000003f3d      0x198 rtx/librtx.a(rtx_kernel.o)
 .debug_macro   0x00000000000040d5       0x6a rtx/librtx.a(rtx_kernel.o)
 .debug_macro   0x000000000000413f       0x46 rtx/librtx.a(rtx_kernel.o)
 .debug_macro   0x0000000000004185       0xfe rtx/librtx.a(rtx_lib.o)
 .debug_macro   0x0000000000004283      0x101 rtx/librtx.a(rtx_lib.o)
 .debug_macro   0x0000000000004384      0x1fd rtx/librtx.a(rtx_memory.o)
 .debug_macro   0x0000000000004581      0x1f1 rtx/librtx.a(rtx_mempool.o)
 .debug_macro   0x0000000000004772      0x1f1 rtx/librtx.a(rtx_system.o)
 .debug_macro   0x0000000000004963      0x1f1 rtx/librtx.a(rtx_thread.o)
 .debug_macro   0x0000000000004b54      0x1f1 rtx/librtx.a(rtx_timer.o)
 .debug_macro   0x0000000000004d45       0xd2 rtx/librtx.a(os_systick.o)
 .debug_macro   0x0000000000004e17       0xb4 rtx/librtx.a(RTX_Config.o)
 .debug_macro   0x0000000000004ecb      0x177 rtx/librtx.a(rtx_evr.o)
 .debug_macro   0x0000000000005042       0x64 rtx/librtx.a(rtx_evr.o)
 .debug_macro   0x00000000000050a6      0x1f1 rtx/librtx.a(rtx_msgqueue.o)
 .debug_macro   0x0000000000005297      0x1f1 rtx/librtx.a(rtx_mutex.o)

.debug_line     0x0000000000000000    0x10a87
 .debug_line    0x0000000000000000      0x781 main.o
 .debug_line    0x0000000000000781      0x31e startup.o
 .debug_line    0x0000000000000a9f       0x77 lib/libbsp.a(system.o)
 .debug_line    0x0000000000000b16      0xc83 lib/libbsp.a(board.o)
 .debug_line    0x0000000000001799      0x42e lib/libbsp.a(serial.o)
 .debug_line    0x0000000000001bc7      0x46b lib/libbsp.a(gpio.o)
 .debug_line    0x0000000000002032      0xf24 lib/libbsp.a(lib.o)
 .debug_line    0x0000000000002f56      0x66e lib/libbsp.a(audio.o)
 .debug_line    0x00000000000035c4      0x3b1 lib/libbsp.a(pwm.o)
 .debug_line    0x0000000000003975      0x3b5 lib/libbsp.a(adc.o)
 .debug_line    0x0000000000003d2a     0x1695 rtx/librtx.a(rtx_kernel.o)
 .debug_line    0x00000000000053bf      0x2c8 rtx/librtx.a(rtx_lib.o)
 .debug_line    0x0000000000005687      0x696 rtx/librtx.a(rtx_memory.o)
 .debug_line    0x0000000000005d1d     0x15bc rtx/librtx.a(rtx_mempool.o)
 .debug_line    0x00000000000072d9      0x622 rtx/librtx.a(rtx_system.o)
 .debug_line    0x00000000000078fb     0x3e80 rtx/librtx.a(rtx_thread.o)
 .debug_line    0x000000000000b77b      0xeef rtx/librtx.a(rtx_timer.o)
 .debug_line    0x000000000000c66a       0x94 rtx/librtx.a(irq_armv7m.o)
 .debug_line    0x000000000000c6fe      0x449 rtx/librtx.a(os_systick.o)
 .debug_line    0x000000000000cb47      0x2a6 rtx/librtx.a(RTX_Config.o)
 .debug_line    0x000000000000cded      0xfe3 rtx/librtx.a(rtx_evr.o)
 .debug_line    0x000000000000ddd0     0x1e1b rtx/librtx.a(rtx_msgqueue.o)
 .debug_line    0x000000000000fbeb      0xe9c rtx/librtx.a(rtx_mutex.o)

.debug_str      0x0000000000000000    0x152d5
 .debug_str     0x0000000000000000     0x756e main.o
                                       0x77bb (size before relaxing)
 .debug_str     0x000000000000756e      0x102 startup.o
                                       0x3e0c (size before relaxing)
 .debug_str     0x0000000000007670       0xde lib/libbsp.a(system.o)
                                       0x2e80 (size before relaxing)
 .debug_str     0x000000000000774e       0xdb lib/libbsp.a(board.o)
                                       0x40fb (size before relaxing)
 .debug_str     0x0000000000007829      0x27b lib/libbsp.a(serial.o)
                                       0x400b (size before relaxing)
 .debug_str     0x0000000000007aa4      0x247 lib/libbsp.a(gpio.o)
                                       0x427e (size before relaxing)
 .debug_str     0x0000000000007ceb       0x81 lib/libbsp.a(lib.o)
                                       0x2faa (size before relaxing)
 .debug_str     0x0000000000007d6c     0x121a lib/libbsp.a(audio.o)
                                       0x7fb3 (size before relaxing)
 .debug_str     0x0000000000008f86      0x22c lib/libbsp.a(pwm.o)
                                       0x6dff (size before relaxing)
 .debug_str     0x00000000000091b2      0x291 lib/libbsp.a(adc.o)
                                       0x6e69 (size before relaxing)
 .debug_str     0x0000000000009443     0x97e0 rtx/librtx.a(rtx_kernel.o)
                                      0x10bd8 (size before relaxing)
 .debug_str     0x0000000000012c23      0x278 rtx/librtx.a(rtx_lib.o)
                                       0xcf22 (size before relaxing)
 .debug_str     0x0000000000012e9b       0xff rtx/librtx.a(rtx_memory.o)
                                       0xfa44 (size before relaxing)
 .debug_str     0x0000000000012f9a      0x696 rtx/librtx.a(rtx_mempool.o)
                                      0x1053b (size before relaxing)
 .debug_str     0x0000000000013630      0x151 rtx/librtx.a(rtx_system.o)
                                       0xffc2 (size before relaxing)
 .debug_str     0x0000000000013781      0xbbb rtx/librtx.a(rtx_thread.o)
                                      0x1121d (size before relaxing)
 .debug_str     0x000000000001433c      0x281 rtx/librtx.a(rtx_timer.o)
                                      0x101d1 (size before relaxing)
 .debug_str     0x00000000000145bd       0x1b rtx/librtx.a(irq_armv7m.o)
                                         0x6d (size before relaxing)
 .debug_str     0x00000000000145d8      0x182 rtx/librtx.a(os_systick.o)
                                       0xb104 (size before relaxing)
 .debug_str     0x000000000001475a        0xd rtx/librtx.a(RTX_Config.o)
                                       0x5b67 (size before relaxing)
 .debug_str     0x0000000000014767      0x6b6 rtx/librtx.a(rtx_evr.o)
                                       0xa0b7 (size before relaxing)
 .debug_str     0x0000000000014e1d      0x353 rtx/librtx.a(rtx_msgqueue.o)
                                      0x10b50 (size before relaxing)
 .debug_str     0x0000000000015170      0x165 rtx/librtx.a(rtx_mutex.o)
                                      0x10254 (size before relaxing)

.comment        0x0000000000000000       0x45
 .comment       0x0000000000000000       0x45 main.o
                                         0x46 (size before relaxing)
 .comment       0x0000000000000045       0x46 startup.o
 .comment       0x0000000000000045       0x46 lib/libbsp.a(system.o)
 .comment       0x0000000000000045       0x46 lib/libbsp.a(board.o)
 .comment       0x0000000000000045       0x46 lib/libbsp.a(serial.o)
 .comment       0x0000000000000045       0x46 lib/libbsp.a(gpio.o)
 .comment       0x0000000000000045       0x46 lib/libbsp.a(lib.o)
 .comment       0x0000000000000045       0x46 lib/libbsp.a(audio.o)
 .comment       0x0000000000000045       0x46 lib/libbsp.a(pwm.o)
 .comment       0x0000000000000045       0x46 lib/libbsp.a(adc.o)
 .comment       0x0000000000000045       0x46 rtx/librtx.a(rtx_kernel.o)
 .comment       0x0000000000000045       0x46 rtx/librtx.a(rtx_lib.o)
 .comment       0x0000000000000045       0x46 rtx/librtx.a(rtx_memory.o)
 .comment       0x0000000000000045       0x46 rtx/librtx.a(rtx_mempool.o)
 .comment       0x0000000000000045       0x46 rtx/librtx.a(rtx_system.o)
 .comment       0x0000000000000045       0x46 rtx/librtx.a(rtx_thread.o)
 .comment       0x0000000000000045       0x46 rtx/librtx.a(rtx_timer.o)
 .comment       0x0000000000000045       0x46 rtx/librtx.a(os_systick.o)
 .comment       0x0000000000000045       0x46 rtx/librtx.a(RTX_Config.o)
 .comment       0x0000000000000045       0x46 rtx/librtx.a(rtx_evr.o)
 .comment       0x0000000000000045       0x46 rtx/librtx.a(rtx_msgqueue.o)
 .comment       0x0000000000000045       0x46 rtx/librtx.a(rtx_mutex.o)

.ARM.attributes
                0x0000000000000000       0x32
 .ARM.attributes
                0x0000000000000000       0x34 main.o
 .ARM.attributes
                0x0000000000000034       0x34 startup.o
 .ARM.attributes
                0x0000000000000068       0x34 lib/libbsp.a(system.o)
 .ARM.attributes
                0x000000000000009c       0x34 lib/libbsp.a(board.o)
 .ARM.attributes
                0x00000000000000d0       0x34 lib/libbsp.a(serial.o)
 .ARM.attributes
                0x0000000000000104       0x34 lib/libbsp.a(gpio.o)
 .ARM.attributes
                0x0000000000000138       0x34 lib/libbsp.a(lib.o)
 .ARM.attributes
                0x000000000000016c       0x34 lib/libbsp.a(audio.o)
 .ARM.attributes
                0x00000000000001a0       0x34 lib/libbsp.a(pwm.o)
 .ARM.attributes
                0x00000000000001d4       0x34 lib/libbsp.a(adc.o)
 .ARM.attributes
                0x0000000000000208       0x34 rtx/librtx.a(rtx_kernel.o)
 .ARM.attributes
                0x000000000000023c       0x34 rtx/librtx.a(rtx_lib.o)
 .ARM.attributes
                0x0000000000000270       0x34 rtx/librtx.a(rtx_memory.o)
 .ARM.attributes
                0x00000000000002a4       0x34 rtx/librtx.a(rtx_mempool.o)
 .ARM.attributes
                0x00000000000002d8       0x34 rtx/librtx.a(rtx_system.o)
 .ARM.attributes
                0x000000000000030c       0x34 rtx/librtx.a(rtx_thread.o)
 .ARM.attributes
                0x0000000000000340       0x34 rtx/librtx.a(rtx_timer.o)
 .ARM.attributes
                0x0000000000000374       0x22 rtx/librtx.a(irq_armv7m.o)
 .ARM.attributes
                0x0000000000000396       0x34 rtx/librtx.a(os_systick.o)
 .ARM.attributes
                0x00000000000003ca       0x34 rtx/librtx.a(RTX_Config.o)
 .ARM.attributes
                0x00000000000003fe       0x34 rtx/librtx.a(rtx_evr.o)
 .ARM.attributes
                0x0000000000000432       0x34 rtx/librtx.a(rtx_msgqueue.o)
 .ARM.attributes
                0x0000000000000466       0x34 rtx/librtx.a(rtx_mutex.o)
 .ARM.attributes
                0x000000000000049a       0x34 /opt/arm-gcc/arm-none-eabi/lib/thumb/v7e-m+fp/hard/libc.a(libc_a-memset.o)
 .ARM.attributes
                0x00000000000004ce       0x20 /opt/arm-gcc/arm-none-eabi/lib/thumb/v7e-m+fp/hard/libc.a(libc_a-memcpy.o)

.debug_frame    0x0000000000000000     0x2544
 .debug_frame   0x0000000000000000       0xb4 main.o
 .debug_frame   0x00000000000000b4       0xa8 startup.o
 .debug_frame   0x000000000000015c       0x2c lib/libbsp.a(system.o)
 .debug_frame   0x0000000000000188      0x188 lib/libbsp.a(board.o)
 .debug_frame   0x0000000000000310       0x9c lib/libbsp.a(serial.o)
 .debug_frame   0x00000000000003ac       0xb0 lib/libbsp.a(gpio.o)
 .debug_frame   0x000000000000045c      0x13c lib/libbsp.a(lib.o)
 .debug_frame   0x0000000000000598       0xdc lib/libbsp.a(audio.o)
 .debug_frame   0x0000000000000674       0x3c lib/libbsp.a(pwm.o)
 .debug_frame   0x00000000000006b0       0x54 lib/libbsp.a(adc.o)
 .debug_frame   0x0000000000000704      0x2f0 rtx/librtx.a(rtx_kernel.o)
 .debug_frame   0x00000000000009f4       0x20 rtx/librtx.a(rtx_lib.o)
 .debug_frame   0x0000000000000a14       0x60 rtx/librtx.a(rtx_memory.o)
 .debug_frame   0x0000000000000a74      0x278 rtx/librtx.a(rtx_mempool.o)
 .debug_frame   0x0000000000000cec       0x84 rtx/librtx.a(rtx_system.o)
 .debug_frame   0x0000000000000d70      0x61c rtx/librtx.a(rtx_thread.o)
 .debug_frame   0x000000000000138c      0x1a0 rtx/librtx.a(rtx_timer.o)
 .debug_frame   0x000000000000152c       0xac rtx/librtx.a(os_systick.o)
 .debug_frame   0x00000000000015d8       0x30 rtx/librtx.a(RTX_Config.o)
 .debug_frame   0x0000000000001608      0xae0 rtx/librtx.a(rtx_evr.o)
 .debug_frame   0x00000000000020e8      0x2b8 rtx/librtx.a(rtx_msgqueue.o)
 .debug_frame   0x00000000000023a0      0x178 rtx/librtx.a(rtx_mutex.o)
 .debug_frame   0x0000000000002518       0x2c /opt/arm-gcc/arm-none-eabi/lib/thumb/v7e-m+fp/hard/libc.a(libc_a-memset.o)

.debug_line_str
                0x0000000000000000      0x110
 .debug_line_str
                0x0000000000000000       0x34 rtx/librtx.a(irq_armv7m.o)
 .debug_line_str
                0x0000000000000034       0xdc /opt/arm-gcc/arm-none-eabi/lib/thumb/v7e-m+fp/hard/libc.a(libc_a-memcpy.o)
